<?xml version="1.0" encoding="utf-8"?><testsuites name="pytest tests"><testsuite name="pytest" errors="0" failures="0" skipped="8" tests="2322" time="43.653" timestamp="2026-07-26T21:04:35.650423+02:00" hostname="hermesagent"><testcase classname="tests.connectors.bunq.test_bunq_connector.TestBunqConnectorContract" name="test_authenticate_success" time="0.004" /><testcase classname="tests.connectors.bunq.test_bunq_connector.TestBunqConnectorContract" name="test_authenticate_idempotent" time="0.001" /><testcase classname="tests.connectors.bunq.test_bunq_connector.TestBunqConnectorContract" name="test_authenticate_missing_api_key" time="0.026" /><testcase classname="tests.connectors.bunq.test_bunq_connector.TestBunqConnectorContract" name="test_health_returns_health" time="0.001" /><testcase classname="tests.connectors.bunq.test_bunq_connector.TestBunqConnectorContract" name="test_fetch_accounts_returns_list" time="0.002" /><testcase classname="tests.connectors.bunq.test_bunq_connector.TestBunqConnectorContract" name="test_fetch_accounts_idempotent" time="0.002" /><testcase classname="tests.connectors.bunq.test_bunq_connector.TestBunqConnectorContract" name="test_fetch_accounts_not_authenticated" time="0.001" /><testcase classname="tests.connectors.bunq.test_bunq_connector.TestBunqConnectorContract" name="test_fetch_transactions_returns_list" time="0.006" /><testcase classname="tests.connectors.bunq.test_bunq_connector.TestBunqConnectorContract" name="test_fetch_transactions_with_account_filter" time="0.001" /><testcase classname="tests.connectors.bunq.test_bunq_connector.TestBunqConnectorContract" name="test_fetch_transactions_with_limit" time="0.002" /><testcase classname="tests.connectors.bunq.test_bunq_connector.TestBunqConnectorContract" name="test_fetch_transactions_not_authenticated" time="0.001" /><testcase classname="tests.connectors.bunq.test_bunq_connector.TestBunqConnectorContract" name="test_transform_accounts_roundtrip" time="0.001" /><testcase classname="tests.connectors.bunq.test_bunq_connector.TestBunqConnectorContract" name="test_transform_transactions_roundtrip" time="0.001" /><testcase classname="tests.connectors.bunq.test_bunq_connector.TestBunqConnectorContract" name="test_name_is_string" time="0.001" /><testcase classname="tests.connectors.bunq.test_bunq_connector.TestBunqConnectorContract" name="test_display_name" time="0.001" /><testcase classname="tests.connectors.bunq.test_bunq_connector.TestBunqConnectorContract" name="test_sdk_version" time="0.001" /><testcase classname="tests.connectors.bunq.test_bunq_connector.TestBunqConnectorAuth" name="test_authenticate_sets_session_and_user_id" time="0.001" /><testcase classname="tests.connectors.bunq.test_bunq_connector.TestBunqConnectorAuth" name="test_auth_headers_after_authenticate" time="0.001" /><testcase classname="tests.connectors.bunq.test_bunq_connector.TestBunqConnectorAuth" name="test_auth_headers_before_authenticate_raises" time="0.001" /><testcase classname="tests.connectors.bunq.test_bunq_connector.TestBunqConnectorPagination" name="test_paginated_accounts_fetch_all_pages" time="0.002" /><testcase classname="tests.connectors.bunq.test_bunq_connector.TestBunqConnectorPaginationHelpers" name="test_next_page_url_with_future" time="0.000" /><testcase classname="tests.connectors.bunq.test_bunq_connector.TestBunqConnectorPaginationHelpers" name="test_next_page_url_none" time="0.000" /><testcase classname="tests.connectors.bunq.test_bunq_connector.TestBunqConnectorPaginationHelpers" name="test_next_page_url_missing_pagination" time="0.000" /><testcase classname="tests.connectors.bunq.test_bunq_connector.TestBunqTransactionMapping" name="test_map_payment_types" time="0.000" /><testcase classname="tests.connectors.bunq.test_bunq_connector.TestBunqTransactionMapping" name="test_map_payment_types_case_insensitive" time="0.000" /><testcase classname="tests.connectors.bunq.test_bunq_connector.TestBunqTransactionMapping" name="test_map_status" time="0.000" /><testcase classname="tests.connectors.bunq.test_bunq_connector.TestBunqTransactionMapping" name="test_map_status_case_insensitive" time="0.000" /><testcase classname="tests.connectors.bunq.test_bunq_connector.TestBunqDatetimeParsing" name="test_parse_full_datetime" time="0.000" /><testcase classname="tests.connectors.bunq.test_bunq_connector.TestBunqDatetimeParsing" name="test_parse_datetime_no_microseconds" time="0.002" /><testcase classname="tests.connectors.bunq.test_bunq_connector.TestBunqDatetimeParsing" name="test_parse_empty_string" time="0.000" /><testcase classname="tests.connectors.bunq.test_bunq_connector.TestBunqConnectorErrorHandling" name="test_rate_limit_error" time="0.001" /><testcase classname="tests.connectors.bunq.test_bunq_connector.TestBunqConnectorErrorHandling" name="test_authentication_error" time="0.001" /><testcase classname="tests.connectors.bunq.test_bunq_connector.TestBunqConnectorErrorHandling" name="test_forbidden_error" time="0.001" /><testcase classname="tests.connectors.bunq.test_bunq_connector.TestBunqConnectorErrorHandling" name="test_server_error" time="0.001" /><testcase classname="tests.connectors.bunq.test_bunq_connector.TestBunqConnectorErrorHandling" name="test_transient_error_on_fetch" time="0.002" /><testcase classname="tests.connectors.bunq.test_bunq_scheduled_cards.TestScheduledPayments" name="test_fetch_scheduled_payments_returns_list" time="0.002" /><testcase classname="tests.connectors.bunq.test_bunq_scheduled_cards.TestScheduledPayments" name="test_fetch_scheduled_payments_with_account_filter" time="0.001" /><testcase classname="tests.connectors.bunq.test_bunq_scheduled_cards.TestScheduledPayments" name="test_fetch_scheduled_payments_not_authenticated" time="0.001" /><testcase classname="tests.connectors.bunq.test_bunq_scheduled_cards.TestScheduledPayments" name="test_transform_scheduled_payments" time="0.002" /><testcase classname="tests.connectors.bunq.test_bunq_scheduled_cards.TestScheduledPayments" name="test_map_schedule_status" time="0.000" /><testcase classname="tests.connectors.bunq.test_bunq_scheduled_cards.TestCardTransactions" name="test_fetch_card_transactions_returns_list" time="0.002" /><testcase classname="tests.connectors.bunq.test_bunq_scheduled_cards.TestCardTransactions" name="test_fetch_card_transactions_with_limit" time="0.002" /><testcase classname="tests.connectors.bunq.test_bunq_scheduled_cards.TestCardTransactions" name="test_fetch_card_transactions_since_filter" time="0.002" /><testcase classname="tests.connectors.bunq.test_bunq_scheduled_cards.TestCardTransactions" name="test_fetch_card_transactions_not_authenticated" time="0.001" /><testcase classname="tests.connectors.bunq.test_bunq_scheduled_cards.TestCardTransactions" name="test_transform_card_transactions" time="0.002" /><testcase classname="tests.connectors.bunq.test_bunq_scheduled_cards.TestCardTransactions" name="test_map_auth_status" time="0.000" /><testcase classname="tests.connectors.bunq.test_bunq_scheduled_cards.TestCardTransactions" name="test_map_card_payment_status" time="0.000" /><testcase classname="tests.connectors.csv_import.test_csv_import_connector.TestCSVImportConnectorContract" name="test_authenticate_success" time="0.004" /><testcase classname="tests.connectors.csv_import.test_csv_import_connector.TestCSVImportConnectorContract" name="test_authenticate_idempotent" time="0.001" /><testcase classname="tests.connectors.csv_import.test_csv_import_connector.TestCSVImportConnectorContract" name="test_authenticate_missing_path" time="0.001" /><testcase classname="tests.connectors.csv_import.test_csv_import_connector.TestCSVImportConnectorContract" name="test_health_returns_health" time="0.001" /><testcase classname="tests.connectors.csv_import.test_csv_import_connector.TestCSVImportConnectorContract" name="test_fetch_accounts_returns_list" time="0.001" /><testcase classname="tests.connectors.csv_import.test_csv_import_connector.TestCSVImportConnectorContract" name="test_fetch_accounts_idempotent" time="0.001" /><testcase classname="tests.connectors.csv_import.test_csv_import_connector.TestCSVImportConnectorContract" name="test_fetch_transactions_returns_list" time="0.002" /><testcase classname="tests.connectors.csv_import.test_csv_import_connector.TestCSVImportConnectorContract" name="test_fetch_transactions_with_since_filter" time="0.001" /><testcase classname="tests.connectors.csv_import.test_csv_import_connector.TestCSVImportConnectorContract" name="test_fetch_transactions_with_limit" time="0.001" /><testcase classname="tests.connectors.csv_import.test_csv_import_connector.TestCSVImportConnectorContract" name="test_transform_accounts_roundtrip" time="0.001" /><testcase classname="tests.connectors.csv_import.test_csv_import_connector.TestCSVImportConnectorContract" name="test_transform_transactions_roundtrip" time="0.001" /><testcase classname="tests.connectors.csv_import.test_csv_import_connector.TestCSVImportConnectorContract" name="test_name_is_string" time="0.001" /><testcase classname="tests.connectors.csv_import.test_csv_import_connector.TestCSVImportConnectorContract" name="test_display_name" time="0.001" /><testcase classname="tests.connectors.manual_expense.test_manual_expense_connector.TestManualExpenseConnectorContract" name="test_authenticate_success" time="0.002" /><testcase classname="tests.connectors.manual_expense.test_manual_expense_connector.TestManualExpenseConnectorContract" name="test_authenticate_idempotent" time="0.001" /><testcase classname="tests.connectors.manual_expense.test_manual_expense_connector.TestManualExpenseConnectorContract" name="test_health_returns_health" time="0.001" /><testcase classname="tests.connectors.manual_expense.test_manual_expense_connector.TestManualExpenseConnectorContract" name="test_fetch_accounts_returns_list" time="0.001" /><testcase classname="tests.connectors.manual_expense.test_manual_expense_connector.TestManualExpenseConnectorContract" name="test_fetch_accounts_idempotent" time="0.001" /><testcase classname="tests.connectors.manual_expense.test_manual_expense_connector.TestManualExpenseConnectorContract" name="test_fetch_transactions_returns_list" time="0.001" /><testcase classname="tests.connectors.manual_expense.test_manual_expense_connector.TestManualExpenseConnectorContract" name="test_fetch_transactions_with_since_filter" time="0.001" /><testcase classname="tests.connectors.manual_expense.test_manual_expense_connector.TestManualExpenseConnectorContract" name="test_fetch_transactions_with_limit" time="0.001" /><testcase classname="tests.connectors.manual_expense.test_manual_expense_connector.TestManualExpenseConnectorContract" name="test_transform_accounts_roundtrip" time="0.001" /><testcase classname="tests.connectors.manual_expense.test_manual_expense_connector.TestManualExpenseConnectorContract" name="test_transform_transactions_roundtrip" time="0.001" /><testcase classname="tests.connectors.manual_expense.test_manual_expense_connector.TestManualExpenseConnectorContract" name="test_name_is_string" time="0.001" /><testcase classname="tests.connectors.manual_expense.test_manual_expense_connector.TestManualExpenseConnectorContract" name="test_display_name" time="0.001" /><testcase classname="tests.connectors.plaid_like.test_plaid_like_connector.TestPlaidLikeConnectorContract" name="test_authenticate_success" time="0.001" /><testcase classname="tests.connectors.plaid_like.test_plaid_like_connector.TestPlaidLikeConnectorContract" name="test_authenticate_idempotent" time="0.001" /><testcase classname="tests.connectors.plaid_like.test_plaid_like_connector.TestPlaidLikeConnectorContract" name="test_authenticate_missing_credentials" time="0.001" /><testcase classname="tests.connectors.plaid_like.test_plaid_like_connector.TestPlaidLikeConnectorContract" name="test_health_returns_health" time="0.001" /><testcase classname="tests.connectors.plaid_like.test_plaid_like_connector.TestPlaidLikeConnectorContract" name="test_fetch_accounts_returns_list" time="0.001" /><testcase classname="tests.connectors.plaid_like.test_plaid_like_connector.TestPlaidLikeConnectorContract" name="test_fetch_accounts_idempotent" time="0.001" /><testcase classname="tests.connectors.plaid_like.test_plaid_like_connector.TestPlaidLikeConnectorContract" name="test_fetch_transactions_returns_list" time="0.001" /><testcase classname="tests.connectors.plaid_like.test_plaid_like_connector.TestPlaidLikeConnectorContract" name="test_fetch_transactions_with_account_filter" time="0.001" /><testcase classname="tests.connectors.plaid_like.test_plaid_like_connector.TestPlaidLikeConnectorContract" name="test_fetch_transactions_with_limit" time="0.001" /><testcase classname="tests.connectors.plaid_like.test_plaid_like_connector.TestPlaidLikeConnectorContract" name="test_transform_accounts_with_normalisation" time="0.001" /><testcase classname="tests.connectors.plaid_like.test_plaid_like_connector.TestPlaidLikeConnectorContract" name="test_transform_transactions_roundtrip" time="0.001" /><testcase classname="tests.connectors.plaid_like.test_plaid_like_connector.TestPlaidLikeConnectorContract" name="test_name_is_string" time="0.001" /><testcase classname="tests.connectors.plaid_like.test_plaid_like_connector.TestPlaidLikeConnectorContract" name="test_display_name" time="0.001" /><testcase classname="tests.connectors.test_base.TestConnectorABC" name="test_authenticate_success" time="0.001" /><testcase classname="tests.connectors.test_base.TestConnectorABC" name="test_authenticate_permanent_failure" time="0.001" /><testcase classname="tests.connectors.test_base.TestConnectorABC" name="test_authenticate_transient_failure" time="0.001" /><testcase classname="tests.connectors.test_base.TestConnectorABC" name="test_fetch_accounts" time="0.001" /><testcase classname="tests.connectors.test_base.TestConnectorABC" name="test_fetch_accounts_permanent_failure" time="0.001" /><testcase classname="tests.connectors.test_base.TestConnectorABC" name="test_fetch_transactions_since" time="0.001" /><testcase classname="tests.connectors.test_base.TestConnectorABC" name="test_fetch_transactions_since_no_results" time="0.001" /><testcase classname="tests.connectors.test_base.TestConnectorABC" name="test_fetch_transactions_filter_account" time="0.001" /><testcase classname="tests.connectors.test_base.TestConnectorABC" name="test_fetch_transactions_permanent_failure" time="0.001" /><testcase classname="tests.connectors.test_base.TestConnectorABC" name="test_health_success" time="0.001" /><testcase classname="tests.connectors.test_base.TestConnectorABC" name="test_health_failure" time="0.001" /><testcase classname="tests.connectors.test_base.TestConnectorABC" name="test_transform_accounts" time="0.001" /><testcase classname="tests.connectors.test_base.TestConnectorABC" name="test_transform_transactions" time="0.001" /><testcase classname="tests.connectors.test_base.TestConnectorABC" name="test_transform_transactions_default_type" time="0.001" /><testcase classname="tests.connectors.test_base.TestConnectorABC" name="test_rate_limited_fetch_accounts_with_retry_on_transient" time="0.078" /><testcase classname="tests.connectors.test_models.TestRawAccount" name="test_minimal" time="0.000" /><testcase classname="tests.connectors.test_models.TestRawAccount" name="test_full" time="0.000" /><testcase classname="tests.connectors.test_models.TestRawTransaction" name="test_minimal" time="0.000" /><testcase classname="tests.connectors.test_models.TestRawTransaction" name="test_full" time="0.000" /><testcase classname="tests.connectors.test_models.TestCanonicalAccountData" name="test_minimal" time="0.000" /><testcase classname="tests.connectors.test_models.TestCanonicalTransactionData" name="test_minimal" time="0.000" /><testcase classname="tests.connectors.test_models.TestConnectorConfig" name="test_defaults" time="0.000" /><testcase classname="tests.connectors.test_models.TestConnectorConfig" name="test_with_credentials" time="0.000" /><testcase classname="tests.connectors.test_models.TestConnectorHealth" name="test_healthy" time="0.000" /><testcase classname="tests.connectors.test_models.TestConnectorHealth" name="test_unhealthy" time="0.000" /><testcase classname="tests.connectors.test_rate_limiter.TestRateLimitPolicy" name="test_defaults" time="0.000" /><testcase classname="tests.connectors.test_rate_limiter.TestRateLimitPolicy" name="test_custom" time="0.000" /><testcase classname="tests.connectors.test_rate_limiter.TestRateLimiterAcquire" name="test_no_throttle_when_under_limit" time="0.001" /><testcase classname="tests.connectors.test_rate_limiter.TestRateLimiterAcquire" name="test_disabled_when_max_requests_zero" time="0.001" /><testcase classname="tests.connectors.test_rate_limiter.TestRateLimiterBackoff" name="test_backoff_increases" time="0.000" /><testcase classname="tests.connectors.test_rate_limiter.TestRateLimiterBackoff" name="test_backoff_capped" time="0.000" /><testcase classname="tests.connectors.test_rate_limiter.TestRateLimiterBackoff" name="test_jitter_range" time="0.000" /><testcase classname="tests.connectors.test_rate_limiter.TestRateLimiterRetry" name="test_success_on_first_attempt" time="0.001" /><testcase classname="tests.connectors.test_rate_limiter.TestRateLimiterRetry" name="test_retry_on_transient_then_succeed" time="0.030" /><testcase classname="tests.connectors.test_rate_limiter.TestRateLimiterRetry" name="test_exhaust_retries" time="0.033" /><testcase classname="tests.connectors.test_rate_limiter.TestRateLimiterRetry" name="test_does_not_retry_permanent_error" time="0.001" /><testcase classname="tests.connectors.test_rate_limiter.TestRateLimiterRetry" name="test_unknown_error_treated_as_transient" time="0.012" /><testcase classname="tests.connectors.test_registry.TestConnectorRegistryEmpty" name="test_available_empty" time="0.004" /><testcase classname="tests.connectors.test_registry.TestConnectorRegistryEmpty" name="test_len_empty" time="0.003" /><testcase classname="tests.connectors.test_registry.TestConnectorRegistryEmpty" name="test_contains_false" time="0.003" /><testcase classname="tests.connectors.test_registry.TestConnectorRegistryEmpty" name="test_get_connector_empty" time="0.004" /><testcase classname="tests.connectors.test_registry.TestConnectorRegistryWithMock" name="test_register_and_list" time="0.003" /><testcase classname="tests.connectors.test_registry.TestConnectorRegistryWithMock" name="test_get_connector_success" time="0.003" /><testcase classname="tests.connectors.test_registry.TestConnectorRegistryWithMock" name="test_duplicate_register_raises" time="0.001" /><testcase classname="tests.connectors.test_registry.TestConnectorRegistryWithMock" name="test_duplicate_register_with_replace" time="0.003" /><testcase classname="tests.connectors.test_registry.TestConnectorRegistryWithMock" name="test_list_connectors_metadata" time="0.003" /><testcase classname="tests.connectors.test_registry.TestConnectorRegistryWithMock" name="test_get_unknown_connector" time="0.004" /><testcase classname="tests.connectors.test_registry.TestConnectorRegistryWithMock" name="test_reload_clears_programmatic_registrations" time="0.003" /><testcase classname="tests.connectors.test_registry.TestConnectorRegistryRegisterInvalid" name="test_register_non_connector_class" time="0.001" /><testcase classname="tests.connectors.test_registry.TestConnectorRegistryRegisterInvalid" name="test_register_instance" time="0.000" /><testcase classname="tests.connectors.trading212.test_trading212_connector.TestTrading212ConnectorContract" name="test_authenticate_success" time="0.001" /><testcase classname="tests.connectors.trading212.test_trading212_connector.TestTrading212ConnectorContract" name="test_authenticate_idempotent" time="0.002" /><testcase classname="tests.connectors.trading212.test_trading212_connector.TestTrading212ConnectorContract" name="test_authenticate_missing_api_key" time="0.004" /><testcase classname="tests.connectors.trading212.test_trading212_connector.TestTrading212ConnectorContract" name="test_health_returns_health" time="0.001" /><testcase classname="tests.connectors.trading212.test_trading212_connector.TestTrading212ConnectorContract" name="test_fetch_accounts_returns_list" time="0.001" /><testcase classname="tests.connectors.trading212.test_trading212_connector.TestTrading212ConnectorContract" name="test_fetch_accounts_idempotent" time="0.002" /><testcase classname="tests.connectors.trading212.test_trading212_connector.TestTrading212ConnectorContract" name="test_fetch_accounts_not_authenticated" time="0.001" /><testcase classname="tests.connectors.trading212.test_trading212_connector.TestTrading212ConnectorContract" name="test_fetch_portfolio_returns_list" time="0.001" /><testcase classname="tests.connectors.trading212.test_trading212_connector.TestTrading212ConnectorContract" name="test_fetch_portfolio_not_authenticated" time="0.001" /><testcase classname="tests.connectors.trading212.test_trading212_connector.TestTrading212ConnectorContract" name="test_fetch_transactions_returns_list" time="0.004" /><testcase classname="tests.connectors.trading212.test_trading212_connector.TestTrading212ConnectorContract" name="test_fetch_transactions_with_account_filter" time="0.002" /><testcase classname="tests.connectors.trading212.test_trading212_connector.TestTrading212ConnectorContract" name="test_fetch_transactions_with_limit" time="0.002" /><testcase classname="tests.connectors.trading212.test_trading212_connector.TestTrading212ConnectorContract" name="test_fetch_transactions_not_authenticated" time="0.001" /><testcase classname="tests.connectors.trading212.test_trading212_connector.TestTrading212ConnectorContract" name="test_fetch_transactions_contains_orders_and_dividends" time="0.002" /><testcase classname="tests.connectors.trading212.test_trading212_connector.TestTrading212ConnectorContract" name="test_transform_accounts_roundtrip" time="0.001"><skipped type="pytest.skip" message="No sample raw accounts provided">/home/hermes/finance-sync/tests/connectors/trading212/test_trading212_connector.py:216: No sample raw accounts provided</skipped></testcase><testcase classname="tests.connectors.trading212.test_trading212_connector.TestTrading212ConnectorContract" name="test_transform_transactions_roundtrip" time="0.001" /><testcase classname="tests.connectors.trading212.test_trading212_connector.TestTrading212ConnectorContract" name="test_name_is_string" time="0.001" /><testcase classname="tests.connectors.trading212.test_trading212_connector.TestTrading212ConnectorContract" name="test_display_name" time="0.001" /><testcase classname="tests.connectors.trading212.test_trading212_connector.TestTrading212ConnectorContract" name="test_sdk_version" time="0.001" /><testcase classname="tests.connectors.trading212.test_trading212_connector.TestTrading212ConnectorAuth" name="test_authenticate_sets_account_id_and_currency" time="0.001" /><testcase classname="tests.connectors.trading212.test_trading212_connector.TestTrading212ConnectorPagination" name="test_order_history_pagination" time="0.002" /><testcase classname="tests.connectors.trading212.test_trading212_connector.TestTrading212ConnectorPagination" name="test_transaction_history_pagination" time="0.002" /><testcase classname="tests.connectors.trading212.test_trading212_connector.TestTrading212DatetimeParsing" name="test_parse_full_datetime" time="0.000" /><testcase classname="tests.connectors.trading212.test_trading212_connector.TestTrading212DatetimeParsing" name="test_parse_datetime_no_milliseconds" time="0.002" /><testcase classname="tests.connectors.trading212.test_trading212_connector.TestTrading212DatetimeParsing" name="test_parse_datetime_with_microseconds" time="0.000" /><testcase classname="tests.connectors.trading212.test_trading212_connector.TestTrading212DatetimeParsing" name="test_parse_empty_string" time="0.000" /><testcase classname="tests.connectors.trading212.test_trading212_connector.TestTrading212DatetimeParsing" name="test_parse_none" time="0.000" /><testcase classname="tests.connectors.trading212.test_trading212_connector.TestTrading212OrderParsing" name="test_parse_buy_order" time="0.000" /><testcase classname="tests.connectors.trading212.test_trading212_connector.TestTrading212OrderParsing" name="test_parse_sell_order" time="0.000" /><testcase classname="tests.connectors.trading212.test_trading212_connector.TestTrading212OrderParsing" name="test_parse_pending_order" time="0.000" /><testcase classname="tests.connectors.trading212.test_trading212_connector.TestTrading212OrderParsing" name="test_parse_order_metadata" time="0.000" /><testcase classname="tests.connectors.trading212.test_trading212_connector.TestTrading212CashTransactionParsing" name="test_parse_dividend" time="0.000" /><testcase classname="tests.connectors.trading212.test_trading212_connector.TestTrading212CashTransactionParsing" name="test_parse_deposit" time="0.000" /><testcase classname="tests.connectors.trading212.test_trading212_connector.TestTrading212CashTransactionParsing" name="test_parse_withdrawal" time="0.000" /><testcase classname="tests.connectors.trading212.test_trading212_connector.TestTrading212CashTransactionParsing" name="test_parse_interest" time="0.000" /><testcase classname="tests.connectors.trading212.test_trading212_connector.TestTrading212CashTransactionParsing" name="test_parse_fee" time="0.000" /><testcase classname="tests.connectors.trading212.test_trading212_connector.TestTrading212Mapping" name="test_map_order_sides" time="0.000" /><testcase classname="tests.connectors.trading212.test_trading212_connector.TestTrading212Mapping" name="test_map_order_sides_case_insensitive" time="0.000" /><testcase classname="tests.connectors.trading212.test_trading212_connector.TestTrading212Mapping" name="test_map_order_statuses" time="0.000" /><testcase classname="tests.connectors.trading212.test_trading212_connector.TestTrading212Mapping" name="test_map_order_status_case_insensitive" time="0.000" /><testcase classname="tests.connectors.trading212.test_trading212_connector.TestTrading212Mapping" name="test_map_transaction_types" time="0.000" /><testcase classname="tests.connectors.trading212.test_trading212_connector.TestTrading212Mapping" name="test_map_transaction_types_case_insensitive" time="0.000" /><testcase classname="tests.connectors.trading212.test_trading212_connector.TestTrading212ConnectorErrorHandling" name="test_rate_limit_error" time="0.001" /><testcase classname="tests.connectors.trading212.test_trading212_connector.TestTrading212ConnectorErrorHandling" name="test_authentication_error" time="0.001" /><testcase classname="tests.connectors.trading212.test_trading212_connector.TestTrading212ConnectorErrorHandling" name="test_forbidden_error" time="0.001" /><testcase classname="tests.connectors.trading212.test_trading212_connector.TestTrading212ConnectorErrorHandling" name="test_server_error" time="0.001" /><testcase classname="tests.connectors.trading212.test_trading212_connector.TestTrading212ConnectorErrorHandling" name="test_transient_error_on_fetch" time="0.001" /><testcase classname="tests.connectors.trading212.test_trading212_connector.TestTrading212ConnectorErrorHandling" name="test_account_id_mismatch_returns_empty" time="0.001" /><testcase classname="tests.connectors.ynab.test_ynab_connector.TestYnabConnectorContract" name="test_authenticate_success" time="0.001" /><testcase classname="tests.connectors.ynab.test_ynab_connector.TestYnabConnectorContract" name="test_authenticate_idempotent" time="0.001" /><testcase classname="tests.connectors.ynab.test_ynab_connector.TestYnabConnectorContract" name="test_authenticate_missing_token" time="0.004" /><testcase classname="tests.connectors.ynab.test_ynab_connector.TestYnabConnectorContract" name="test_health_returns_health" time="0.001" /><testcase classname="tests.connectors.ynab.test_ynab_connector.TestYnabConnectorContract" name="test_fetch_accounts_returns_list" time="0.001" /><testcase classname="tests.connectors.ynab.test_ynab_connector.TestYnabConnectorContract" name="test_fetch_accounts_idempotent" time="0.002" /><testcase classname="tests.connectors.ynab.test_ynab_connector.TestYnabConnectorContract" name="test_fetch_accounts_not_authenticated" time="0.001" /><testcase classname="tests.connectors.ynab.test_ynab_connector.TestYnabConnectorContract" name="test_fetch_transactions_returns_list" time="0.001" /><testcase classname="tests.connectors.ynab.test_ynab_connector.TestYnabConnectorContract" name="test_fetch_transactions_with_account_filter" time="0.001" /><testcase classname="tests.connectors.ynab.test_ynab_connector.TestYnabConnectorContract" name="test_fetch_transactions_with_limit" time="0.001" /><testcase classname="tests.connectors.ynab.test_ynab_connector.TestYnabConnectorContract" name="test_fetch_transactions_not_authenticated" time="0.001" /><testcase classname="tests.connectors.ynab.test_ynab_connector.TestYnabConnectorContract" name="test_transform_accounts_roundtrip" time="0.004" /><testcase classname="tests.connectors.ynab.test_ynab_connector.TestYnabConnectorContract" name="test_transform_transactions_roundtrip" time="0.004" /><testcase classname="tests.connectors.ynab.test_ynab_connector.TestYnabConnectorContract" name="test_name_is_string" time="0.001" /><testcase classname="tests.connectors.ynab.test_ynab_connector.TestYnabConnectorContract" name="test_display_name" time="0.001" /><testcase classname="tests.connectors.ynab.test_ynab_connector.TestYnabConnectorContract" name="test_sdk_version" time="0.001" /><testcase classname="tests.connectors.ynab.test_ynab_connector.TestYnabConnectorAuth" name="test_authenticate_sets_budget_ids" time="0.001" /><testcase classname="tests.connectors.ynab.test_ynab_connector.TestYnabConnectorAuth" name="test_authenticate_no_budget_filter" time="0.001" /><testcase classname="tests.connectors.ynab.test_ynab_connector.TestYnabTransactionMapping" name="test_map_category_to_type_income" time="0.000" /><testcase classname="tests.connectors.ynab.test_ynab_connector.TestYnabTransactionMapping" name="test_map_category_to_type_fees" time="0.000" /><testcase classname="tests.connectors.ynab.test_ynab_connector.TestYnabTransactionMapping" name="test_map_category_to_type_interest" time="0.000" /><testcase classname="tests.connectors.ynab.test_ynab_connector.TestYnabTransactionMapping" name="test_map_category_to_type_transfer" time="0.000" /><testcase classname="tests.connectors.ynab.test_ynab_connector.TestYnabTransactionMapping" name="test_map_category_to_type_default" time="0.000" /><testcase classname="tests.connectors.ynab.test_ynab_connector.TestYnabTransactionMapping" name="test_parse_ynab_date" time="0.000" /><testcase classname="tests.connectors.ynab.test_ynab_connector.TestYnabTransactionMapping" name="test_parse_ynab_date_empty" time="0.000" /><testcase classname="tests.connectors.ynab.test_ynab_connector.TestYnabTransactionMapping" name="test_transaction_amount_sign_inversion" time="0.003" /><testcase classname="tests.connectors.ynab.test_ynab_connector.TestYnabConnectorErrorHandling" name="test_rate_limit_error" time="0.001" /><testcase classname="tests.connectors.ynab.test_ynab_connector.TestYnabConnectorErrorHandling" name="test_authentication_error" time="0.001" /><testcase classname="tests.enrichment.test_enrichment_status.TestEnrichmentStatusEndpoint" name="test_endpoint_registered" time="0.001" /><testcase classname="tests.enrichment.test_enrichment_status.TestEnrichmentStatusEndpoint" name="test_endpoint_method" time="0.001" /><testcase classname="tests.enrichment.test_enrichment_status.TestEnrichmentStatusEndpoint" name="test_status_summary_model" time="0.001" /><testcase classname="tests.enrichment.test_fundamentals_enrichment.TestFundamentalObservationData" name="test_minimal_construction" time="0.000" /><testcase classname="tests.enrichment.test_fundamentals_enrichment.TestFundamentalObservationData" name="test_full_construction" time="0.000" /><testcase classname="tests.enrichment.test_fundamentals_enrichment.TestFundamentalObservationData" name="test_serialization" time="0.000" /><testcase classname="tests.enrichment.test_fundamentals_enrichment.TestFundamentalRatioSummary" name="test_construction" time="0.000" /><testcase classname="tests.enrichment.test_fundamentals_enrichment.TestFundamentalRatioSummary" name="test_empty" time="0.000" /><testcase classname="tests.enrichment.test_fundamentals_enrichment.TestSecurityMetadataObservationData" name="test_etf_composition" time="0.000" /><testcase classname="tests.enrichment.test_fundamentals_enrichment.TestSecurityMetadataObservationData" name="test_sector_exposure" time="0.000" /><testcase classname="tests.enrichment.test_fundamentals_enrichment.TestETFModels" name="test_etf_holding" time="0.000" /><testcase classname="tests.enrichment.test_fundamentals_enrichment.TestETFModels" name="test_sector_exposure_dto" time="0.000" /><testcase classname="tests.enrichment.test_fundamentals_enrichment.TestETFModels" name="test_region_exposure" time="0.000" /><testcase classname="tests.enrichment.test_fundamentals_enrichment.TestETFModels" name="test_etf_composition" time="0.000" /><testcase classname="tests.enrichment.test_fundamentals_enrichment.TestGatewayFundamentals" name="test_not_degraded" time="0.001" /><testcase classname="tests.enrichment.test_fundamentals_enrichment.TestGatewayFundamentals" name="test_get_fundamentals_success" time="0.002" /><testcase classname="tests.enrichment.test_fundamentals_enrichment.TestGatewayFundamentals" name="test_get_fundamentals_degraded" time="0.001" /><testcase classname="tests.enrichment.test_fundamentals_enrichment.TestGatewayFundamentals" name="test_get_fundamentals_not_found" time="0.002" /><testcase classname="tests.enrichment.test_fundamentals_enrichment.TestGatewayFundamentals" name="test_get_fundamentals_timeout" time="0.001" /><testcase classname="tests.enrichment.test_fundamentals_enrichment.TestGatewayETFComposition" name="test_get_etf_composition_success" time="0.002" /><testcase classname="tests.enrichment.test_fundamentals_enrichment.TestGatewayETFComposition" name="test_get_etf_composition_no_holdings" time="0.002" /><testcase classname="tests.enrichment.test_fundamentals_enrichment.TestGatewayETFComposition" name="test_get_etf_composition_snake_case_fields" time="0.002" /><testcase classname="tests.enrichment.test_fundamentals_enrichment.TestGatewayETFComposition" name="test_get_etf_composition_degraded" time="0.001" /><testcase classname="tests.enrichment.test_fundamentals_enrichment.TestMetadataEnricher" name="test_classify_sector_exact" time="0.001" /><testcase classname="tests.enrichment.test_fundamentals_enrichment.TestMetadataEnricher" name="test_classify_sector_case_insensitive" time="0.001" /><testcase classname="tests.enrichment.test_fundamentals_enrichment.TestMetadataEnricher" name="test_classify_sector_keyword_match" time="0.001" /><testcase classname="tests.enrichment.test_fundamentals_enrichment.TestMetadataEnricher" name="test_classify_sector_none" time="0.001" /><testcase classname="tests.enrichment.test_fundamentals_enrichment.TestMetadataEnricher" name="test_classify_sector_unknown" time="0.001" /><testcase classname="tests.enrichment.test_fundamentals_enrichment.TestMetadataEnricher" name="test_classify_sector_exposures" time="0.001" /><testcase classname="tests.enrichment.test_fundamentals_enrichment.TestMetadataEnricher" name="test_classify_sector_exposures_empty" time="0.001" /><testcase classname="tests.enrichment.test_fundamentals_enrichment.TestMetadataEnricher" name="test_classify_sector_exposures_skips_missing" time="0.001" /><testcase classname="tests.enrichment.test_fundamentals_enrichment.TestMetadataEnricher" name="test_enrich_security_stock" time="0.016" /><testcase classname="tests.enrichment.test_fundamentals_enrichment.TestMetadataEnricher" name="test_enrich_security_etf" time="0.003" /><testcase classname="tests.enrichment.test_fundamentals_enrichment.TestMetadataEnricher" name="test_enrich_security_degraded" time="0.002" /><testcase classname="tests.enrichment.test_fundamentals_enrichment.TestMetadataEnricher" name="test_compute_ratio_summary_no_data" time="0.002" /><testcase classname="tests.enrichment.test_fundamentals_enrichment.TestMetadataEnricher" name="test_get_recent_fundamentals" time="0.002" /><testcase classname="tests.enrichment.test_fundamentals_enrichment.TestHelpers" name="test_to_decimal_none" time="0.000" /><testcase classname="tests.enrichment.test_fundamentals_enrichment.TestHelpers" name="test_to_decimal_value" time="0.000" /><testcase classname="tests.enrichment.test_fundamentals_enrichment.TestHelpers" name="test_safe_decimal_none" time="0.000" /><testcase classname="tests.enrichment.test_fundamentals_enrichment.TestHelpers" name="test_safe_decimal_value" time="0.000" /><testcase classname="tests.enrichment.test_fundamentals_enrichment.TestHelpers" name="test_gics_sectors_mapping" time="0.000" /><testcase classname="tests.enrichment.test_gateway.TestSafeDecimal" name="test_none" time="0.000" /><testcase classname="tests.enrichment.test_gateway.TestSafeDecimal" name="test_decimal" time="0.000" /><testcase classname="tests.enrichment.test_gateway.TestSafeDecimal" name="test_float" time="0.000" /><testcase classname="tests.enrichment.test_gateway.TestSafeDecimal" name="test_string" time="0.000" /><testcase classname="tests.enrichment.test_gateway.TestSafeDecimal" name="test_invalid" time="0.000" /><testcase classname="tests.enrichment.test_gateway.TestEnrichmentGatewayDegraded" name="test_is_degraded" time="0.001" /><testcase classname="tests.enrichment.test_gateway.TestEnrichmentGatewayDegraded" name="test_resolve_security_degraded" time="0.001" /><testcase classname="tests.enrichment.test_gateway.TestEnrichmentGatewayDegraded" name="test_get_quote_degraded_fallback" time="0.001" /><testcase classname="tests.enrichment.test_gateway.TestEnrichmentGatewayDegraded" name="test_get_quote_degraded_no_data" time="0.001" /><testcase classname="tests.enrichment.test_gateway.TestEnrichmentGatewayDegraded" name="test_get_historical_prices_degraded" time="0.002" /><testcase classname="tests.enrichment.test_gateway.TestEnrichmentGatewayDegraded" name="test_update_freshness_new" time="0.002" /><testcase classname="tests.enrichment.test_gateway.TestEnrichmentGatewayDegraded" name="test_update_freshness_existing" time="0.002" /><testcase classname="tests.enrichment.test_gateway.TestEnrichmentGatewayDegraded" name="test_close" time="0.001" /><testcase classname="tests.enrichment.test_gateway.TestEnrichmentGatewayDegraded" name="test_close_no_client" time="0.001" /><testcase classname="tests.enrichment.test_gateway.TestEnrichmentGatewayWithApiKey" name="test_not_degraded" time="0.001" /><testcase classname="tests.enrichment.test_gateway.TestEnrichmentGatewayWithApiKey" name="test_resolve_security_api_call" time="0.002" /><testcase classname="tests.enrichment.test_gateway.TestEnrichmentGatewayWithApiKey" name="test_resolve_security_not_found" time="0.002" /><testcase classname="tests.enrichment.test_gateway.TestEnrichmentGatewayWithApiKey" name="test_get_quote_with_api_key" time="0.003" /><testcase classname="tests.enrichment.test_price_store.TestPriceStoreUnit" name="test_store_single_observation" time="0.001" /><testcase classname="tests.enrichment.test_price_store.TestPriceStoreUnit" name="test_store_deduplicates" time="0.001" /><testcase classname="tests.enrichment.test_price_store.TestPriceStoreUnit" name="test_store_empty_list" time="0.001" /><testcase classname="tests.enrichment.test_price_store.TestPriceStoreUnit" name="test_get_latest_price_found" time="0.001" /><testcase classname="tests.enrichment.test_price_store.TestPriceStoreUnit" name="test_get_latest_price_none" time="0.001" /><testcase classname="tests.enrichment.test_price_store.TestPriceStoreUnit" name="test_get_price_history" time="0.002" /><testcase classname="tests.enrichment.test_price_store.TestPriceStoreUnit" name="test_get_price_history_empty" time="0.001" /><testcase classname="tests.enrichment.test_price_store.TestPriceStoreUnit" name="test_has_prices_true" time="0.001" /><testcase classname="tests.enrichment.test_price_store.TestPriceStoreUnit" name="test_has_prices_false" time="0.001" /><testcase classname="tests.enrichment.test_price_store.TestPriceStoreUnit" name="test_count_total_prices" time="0.001" /><testcase classname="tests.enrichment.test_price_store.TestPriceStoreUnit" name="test_count_securities_with_prices" time="0.001" /><testcase classname="tests.enrichment.test_price_store.TestPriceStoreUnit" name="test_prune_intraday_data" time="0.001" /><testcase classname="tests.enrichment.test_price_store.TestPriceStoreUnit" name="test_prune_hourly_data" time="0.002" /><testcase classname="tests.enrichment.test_price_store.TestPriceStoreUnit" name="test_to_observation" time="0.000" /><testcase classname="tests.enrichment.test_price_store.TestPriceStoreUnit" name="test_to_observation_none_values" time="0.000" /><testcase classname="tests.enrichment.test_security_resolver.TestSecurityResolver" name="test_is_trading212_figi_true" time="0.000" /><testcase classname="tests.enrichment.test_security_resolver.TestSecurityResolver" name="test_is_trading212_figi_false" time="0.000" /><testcase classname="tests.enrichment.test_security_resolver.TestSecurityResolver" name="test_strip_trading212_prefix" time="0.000" /><testcase classname="tests.enrichment.test_security_resolver.TestSecurityResolver" name="test_infer_security_type_from_figi" time="0.000" /><testcase classname="tests.enrichment.test_security_resolver.TestSecurityResolver" name="test_infer_security_type_default" time="0.000" /><testcase classname="tests.enrichment.test_security_resolver.TestSecurityResolver" name="test_resolve_by_isin_local_hit" time="0.001" /><testcase classname="tests.enrichment.test_security_resolver.TestSecurityResolver" name="test_resolve_by_isin_local_miss_gateway_hit" time="0.002" /><testcase classname="tests.enrichment.test_security_resolver.TestSecurityResolver" name="test_resolve_by_isin_no_match" time="0.001" /><testcase classname="tests.enrichment.test_security_resolver.TestSecurityResolver" name="test_resolve_from_connector_data_isin" time="0.001" /><testcase classname="tests.enrichment.test_security_resolver.TestSecurityResolver" name="test_resolve_from_connector_data_figi" time="0.001" /><testcase classname="tests.enrichment.test_security_resolver.TestSecurityResolver" name="test_resolve_from_connector_data_unresolved" time="0.002" /><testcase classname="tests.enrichment.test_security_resolver.TestSecurityResolver" name="test_resolve_from_empty_data" time="0.001" /><testcase classname="tests.exporter.test_actual_budget_contract.TestActualBudgetConfig" name="test_config_has_required_fields" time="0.001" /><testcase classname="tests.exporter.test_actual_budget_contract.TestActualBudgetConfig" name="test_config_defaults_sensible" time="0.001" /><testcase classname="tests.exporter.test_actual_budget_contract.TestActualBudgetConfig" name="test_config_from_settings" time="0.001" /><testcase classname="tests.exporter.test_actual_budget_contract.TestActualBudgetResult" name="test_completed_result_attributes" time="0.001" /><testcase classname="tests.exporter.test_actual_budget_contract.TestActualBudgetResult" name="test_failed_result_has_error" time="0.001" /><testcase classname="tests.exporter.test_actual_budget_contract.TestActualBudgetResult" name="test_repr_includes_status" time="0.001" /><testcase classname="tests.exporter.test_actual_budget_contract.TestActualBudgetResult" name="test_zero_counts_acceptable" time="0.001" /><testcase classname="tests.exporter.test_actual_budget_contract.TestABTransactionMapping" name="test_map_returns_dict" time="0.001" /><testcase classname="tests.exporter.test_actual_budget_contract.TestABTransactionMapping" name="test_map_includes_external_ref" time="0.001" /><testcase classname="tests.exporter.test_actual_budget_contract.TestABTransactionMapping" name="test_map_amount_preserved" time="0.001" /><testcase classname="tests.exporter.test_actual_budget_contract.TestABTransactionMapping" name="test_map_description_included" time="0.001" /><testcase classname="tests.exporter.test_actual_budget_contract.TestABTransactionMapping" name="test_map_payment_to_cents" time="0.000" /><testcase classname="tests.exporter.test_actual_budget_contract.TestABTransactionMapping" name="test_map_deposit_to_cents" time="0.000" /><testcase classname="tests.exporter.test_actual_budget_contract.TestABTransactionMapping" name="test_map_includes_imported_id" time="0.000" /><testcase classname="tests.exporter.test_actual_budget_contract.TestABTransactionMapping" name="test_map_fx_in_notes" time="0.000" /><testcase classname="tests.exporter.test_actual_budget_contract.TestABTransactionMapping" name="test_map_pending_not_cleared" time="0.000" /><testcase classname="tests.exporter.test_actual_budget_contract.TestABTransactionMapping" name="test_map_booked_is_cleared" time="0.000" /><testcase classname="tests.exporter.test_actual_budget_contract.TestABTransactionMapping" name="test_map_fee_notes" time="0.000" /><testcase classname="tests.exporter.test_actual_budget_contract.TestABTransactionMapping" name="test_map_interest_notes" time="0.000" /><testcase classname="tests.exporter.test_actual_budget_contract.TestABTransactionMapping" name="test_map_withdrawal_amount" time="0.000" /><testcase classname="tests.exporter.test_actual_budget_contract.TestABTransactionMapping" name="test_map_csv_row_format" time="0.000" /><testcase classname="tests.exporter.test_actual_budget_contract.TestABTransactionMapping" name="test_map_csv_row_amount" time="0.000" /><testcase classname="tests.exporter.test_actual_budget_contract.TestActualBudgetLifecycle" name="test_run_export_no_accounts" time="0.005" /><testcase classname="tests.exporter.test_actual_budget_contract.TestActualBudgetLifecycle" name="test_run_export_with_accounts_no_txns" time="0.003" /><testcase classname="tests.exporter.test_actual_budget_contract.TestActualBudgetLifecycle" name="test_run_export_respects_account_filter" time="0.003" /><testcase classname="tests.exporter.test_actual_budget_contract.TestActualBudgetLifecycle" name="test_run_export_max_transactions" time="0.003" /><testcase classname="tests.exporter.test_actual_budget_contract.TestActualBudgetLifecycle" name="test_run_export_with_transactions" time="0.003" /><testcase classname="tests.exporter.test_actual_budget_contract.TestActualBudgetLifecycle" name="test_run_export_connection_failure" time="0.002" /><testcase classname="tests.exporter.test_actual_budget_contract.TestActualBudgetLifecycle" name="test_run_export_filtered_account_ids" time="0.003" /><testcase classname="tests.exporter.test_actual_budget_contract.TestActualBudgetLifecycle" name="test_max_transactions_limit" time="0.003" /><testcase classname="tests.exporter.test_actual_budget_contract.TestActualBudgetLifecycle" name="test_run_export_no_transactions" time="0.002" /><testcase classname="tests.exporter.test_wealthfolio_contract.TestWealthfolioConfig" name="test_config_has_required_fields" time="0.001" /><testcase classname="tests.exporter.test_wealthfolio_contract.TestWealthfolioConfig" name="test_config_defaults_sensible" time="0.001" /><testcase classname="tests.exporter.test_wealthfolio_contract.TestWealthfolioConfig" name="test_config_from_settings" time="0.001" /><testcase classname="tests.exporter.test_wealthfolio_contract.TestWealthfolioConfig" name="test_wealthfolio_specific_defaults" time="0.000" /><testcase classname="tests.exporter.test_wealthfolio_contract.TestWealthfolioResult" name="test_completed_result_attributes" time="0.001" /><testcase classname="tests.exporter.test_wealthfolio_contract.TestWealthfolioResult" name="test_failed_result_has_error" time="0.001" /><testcase classname="tests.exporter.test_wealthfolio_contract.TestWealthfolioResult" name="test_repr_includes_status" time="0.001" /><testcase classname="tests.exporter.test_wealthfolio_contract.TestWealthfolioResult" name="test_zero_counts_acceptable" time="0.001" /><testcase classname="tests.exporter.test_wealthfolio_contract.TestWealthfolioResult" name="test_holdings_exported_in_result" time="0.000" /><testcase classname="tests.exporter.test_wealthfolio_contract.TestWealthfolioResult" name="test_csv_files_in_result" time="0.000" /><testcase classname="tests.exporter.test_wealthfolio_contract.TestWFTransactionMapping" name="test_map_returns_dict" time="0.001" /><testcase classname="tests.exporter.test_wealthfolio_contract.TestWFTransactionMapping" name="test_map_includes_external_ref" time="0.001" /><testcase classname="tests.exporter.test_wealthfolio_contract.TestWFTransactionMapping" name="test_map_amount_preserved" time="0.001" /><testcase classname="tests.exporter.test_wealthfolio_contract.TestWFTransactionMapping" name="test_map_description_included" time="0.001" /><testcase classname="tests.exporter.test_wealthfolio_contract.TestWFTransactionMapping" name="test_map_buy_with_security" time="0.000" /><testcase classname="tests.exporter.test_wealthfolio_contract.TestWFTransactionMapping" name="test_map_sell_with_security" time="0.000" /><testcase classname="tests.exporter.test_wealthfolio_contract.TestWFTransactionMapping" name="test_map_deposit" time="0.000" /><testcase classname="tests.exporter.test_wealthfolio_contract.TestWFTransactionMapping" name="test_map_withdrawal" time="0.000" /><testcase classname="tests.exporter.test_wealthfolio_contract.TestWFTransactionMapping" name="test_map_dividend" time="0.000" /><testcase classname="tests.exporter.test_wealthfolio_contract.TestWFTransactionMapping" name="test_map_interest" time="0.000" /><testcase classname="tests.exporter.test_wealthfolio_contract.TestWFTransactionMapping" name="test_map_fee" time="0.000" /><testcase classname="tests.exporter.test_wealthfolio_contract.TestWFTransactionMapping" name="test_map_transfer_in" time="0.000" /><testcase classname="tests.exporter.test_wealthfolio_contract.TestWFTransactionMapping" name="test_map_transfer_out" time="0.000" /><testcase classname="tests.exporter.test_wealthfolio_contract.TestWFTransactionMapping" name="test_map_security_by_isin_when_no_ticker" time="0.000" /><testcase classname="tests.exporter.test_wealthfolio_contract.TestWFTransactionMapping" name="test_map_instrument_type_override" time="0.000" /><testcase classname="tests.exporter.test_wealthfolio_contract.TestWFTransactionMapping" name="test_map_holding_with_security" time="0.000" /><testcase classname="tests.exporter.test_wealthfolio_contract.TestWFTransactionMapping" name="test_map_holding_without_cost_basis" time="0.001" /><testcase classname="tests.exporter.test_wealthfolio_contract.TestWFTransactionMapping" name="test_map_holding_cash" time="0.000" /><testcase classname="tests.exporter.test_wealthfolio_contract.TestWFTransactionMapping" name="test_comment_includes_external_id" time="0.000" /><testcase classname="tests.exporter.test_wealthfolio_contract.TestWFCsvExport" name="test_csv_has_header" time="0.001" /><testcase classname="tests.exporter.test_wealthfolio_contract.TestWFCsvExport" name="test_csv_one_row_per_transaction" time="0.001" /><testcase classname="tests.exporter.test_wealthfolio_contract.TestWFCsvExport" name="test_csv_empty_input" time="0.001" /><testcase classname="tests.exporter.test_wealthfolio_contract.TestWFCsvExport" name="test_holdings_csv_has_header" time="0.001" /><testcase classname="tests.exporter.test_wealthfolio_contract.TestWFCsvExport" name="test_holdings_csv_one_per_holding" time="0.001" /><testcase classname="tests.exporter.test_wealthfolio_contract.TestWFCsvExport" name="test_holdings_csv_empty_input" time="0.001" /><testcase classname="tests.exporter.test_wealthfolio_contract.TestWFCsvExport" name="test_csv_correct_column_order" time="0.000" /><testcase classname="tests.exporter.test_wealthfolio_contract.TestWFCsvExport" name="test_csv_with_security_map" time="0.000" /><testcase classname="tests.exporter.test_wealthfolio_contract.TestWFCsvExport" name="test_holdings_csv_content" time="0.000" /><testcase classname="tests.exporter.test_wealthfolio_contract.TestWFCsvExport" name="test_csv_with_instrument_type_override" time="0.000" /><testcase classname="tests.exporter.test_wealthfolio_contract.TestWealthfolioLifecycle" name="test_run_export_with_accounts_no_txns" time="0.003" /><testcase classname="tests.exporter.test_wealthfolio_contract.TestWealthfolioLifecycle" name="test_run_export_respects_account_filter" time="0.003" /><testcase classname="tests.exporter.test_wealthfolio_contract.TestWealthfolioLifecycle" name="test_run_export_max_transactions" time="0.003" /><testcase classname="tests.exporter.test_wealthfolio_contract.TestWealthfolioLifecycle" name="test_run_export_with_transactions" time="0.003" /><testcase classname="tests.exporter.test_wealthfolio_contract.TestWealthfolioLifecycle" name="test_run_export_with_holdings" time="0.003" /><testcase classname="tests.exporter.test_wealthfolio_contract.TestWealthfolioLifecycle" name="test_run_export_no_accounts" time="0.002" /><testcase classname="tests.exporter.test_wealthfolio_contract.TestWealthfolioLifecycle" name="test_run_export_filtered_account_ids" time="0.003" /><testcase classname="tests.exporter.test_wealthfolio_contract.TestWealthfolioLifecycle" name="test_run_export_no_holdings_when_disabled" time="0.003" /><testcase classname="tests.identity.test_identity_resolution.TestCleanseCurrencyCode" name="test_normalises_to_uppercase" time="0.000" /><testcase classname="tests.identity.test_identity_resolution.TestCleanseCurrencyCode" name="test_keeps_uppercase" time="0.000" /><testcase classname="tests.identity.test_identity_resolution.TestCleanseCurrencyCode" name="test_strips_whitespace" time="0.000" /><testcase classname="tests.identity.test_identity_resolution.TestCleanseCurrencyCode" name="test_rejects_invalid_length" time="0.000" /><testcase classname="tests.identity.test_identity_resolution.TestCleanseCurrencyCode" name="test_rejects_non_alpha" time="0.000" /><testcase classname="tests.identity.test_identity_resolution.TestCleanseCurrencyCode" name="test_handles_none" time="0.000" /><testcase classname="tests.identity.test_identity_resolution.TestCleanseCurrencyCode" name="test_handles_empty_string" time="0.000" /><testcase classname="tests.identity.test_identity_resolution.TestCleanseName" name="test_strips_whitespace" time="0.000" /><testcase classname="tests.identity.test_identity_resolution.TestCleanseName" name="test_collapses_multiple_spaces" time="0.000" /><testcase classname="tests.identity.test_identity_resolution.TestCleanseName" name="test_strips_depositary_suffix" time="0.000" /><testcase classname="tests.identity.test_identity_resolution.TestCleanseName" name="test_strips_registered_shares_suffix" time="0.000" /><testcase classname="tests.identity.test_identity_resolution.TestCleanseName" name="test_strips_common_stock_suffix" time="0.000" /><testcase classname="tests.identity.test_identity_resolution.TestCleanseName" name="test_handles_none" time="0.000" /><testcase classname="tests.identity.test_identity_resolution.TestCleanseName" name="test_handles_empty" time="0.000" /><testcase classname="tests.identity.test_identity_resolution.TestCleanseName" name="test_only_one_suffix_removed" time="0.000" /><testcase classname="tests.identity.test_identity_resolution.TestCleanseTicker" name="test_uppercases" time="0.000" /><testcase classname="tests.identity.test_identity_resolution.TestCleanseTicker" name="test_strips_whitespace" time="0.000" /><testcase classname="tests.identity.test_identity_resolution.TestCleanseTicker" name="test_handles_none" time="0.000" /><testcase classname="tests.identity.test_identity_resolution.TestCleanseTicker" name="test_handles_empty" time="0.000" /><testcase classname="tests.identity.test_identity_resolution.TestApplyAllCleansing" name="test_cleanses_all_fields" time="0.000" /><testcase classname="tests.identity.test_identity_resolution.TestApplyAllCleansing" name="test_uses_description_fallback" time="0.000" /><testcase classname="tests.identity.test_identity_resolution.TestApplyAllCleansing" name="test_uses_symbol_fallback" time="0.000" /><testcase classname="tests.identity.test_identity_resolution.TestApplyAllCleansing" name="test_handles_empty_input" time="0.000" /><testcase classname="tests.identity.test_identity_resolution.TestNameSimilarity" name="test_exact_match" time="0.000" /><testcase classname="tests.identity.test_identity_resolution.TestNameSimilarity" name="test_partial_match" time="0.000" /><testcase classname="tests.identity.test_identity_resolution.TestNameSimilarity" name="test_no_match" time="0.000" /><testcase classname="tests.identity.test_identity_resolution.TestNameSimilarity" name="test_token_order_independent" time="0.000" /><testcase classname="tests.identity.test_identity_resolution.TestNameSimilarity" name="test_with_none" time="0.000" /><testcase classname="tests.identity.test_identity_resolution.TestNameSimilarity" name="test_case_insensitive" time="0.000" /><testcase classname="tests.identity.test_identity_resolution.TestIdentityResolutionService" name="test_stage1_exact_isin_resolves" time="0.002" /><testcase classname="tests.identity.test_identity_resolution.TestIdentityResolutionService" name="test_stage1_no_isin_returns_none" time="0.002" /><testcase classname="tests.identity.test_identity_resolution.TestIdentityResolutionService" name="test_stage1_isin_not_found" time="0.002" /><testcase classname="tests.identity.test_identity_resolution.TestIdentityResolutionService" name="test_stage2_figi_resolves" time="0.002" /><testcase classname="tests.identity.test_identity_resolution.TestIdentityResolutionService" name="test_stage2_ticker_resolves" time="0.002" /><testcase classname="tests.identity.test_identity_resolution.TestIdentityResolutionService" name="test_stage2_no_identifiers" time="0.002" /><testcase classname="tests.identity.test_identity_resolution.TestIdentityResolutionService" name="test_stage3_fuzzy_matches" time="0.002" /><testcase classname="tests.identity.test_identity_resolution.TestIdentityResolutionService" name="test_stage3_no_match_below_threshold" time="0.002" /><testcase classname="tests.identity.test_identity_resolution.TestIdentityResolutionService" name="test_stage3_no_name" time="0.002" /><testcase classname="tests.identity.test_identity_resolution.TestIdentityResolutionService" name="test_stage3_empty_securities_list" time="0.002" /><testcase classname="tests.identity.test_identity_resolution.TestIdentityResolutionService" name="test_stage4_creates_unresolved_record" time="0.002" /><testcase classname="tests.identity.test_identity_resolution.TestIdentityResolutionService" name="test_stage4_updates_existing" time="0.003" /><testcase classname="tests.identity.test_identity_resolution.TestIdentityResolutionService" name="test_full_pipeline_resolves_all_isin" time="0.002" /><testcase classname="tests.identity.test_identity_resolution.TestIdentityResolutionService" name="test_full_pipeline_some_unresolved" time="0.003" /><testcase classname="tests.identity.test_identity_resolution.TestIdentityResolutionService" name="test_manually_resolve_success" time="0.003" /><testcase classname="tests.identity.test_identity_resolution.TestIdentityResolutionService" name="test_manually_resolve_nonexistent" time="0.002" /><testcase classname="tests.identity.test_identity_resolution.TestIdentityResolutionService" name="test_manually_resolve_nonexistent_target" time="0.002" /><testcase classname="tests.identity.test_identity_resolution.TestIdentityResolutionService" name="test_map_and_resolve_creates_if_not_exists" time="0.003" /><testcase classname="tests.identity.test_identity_resolution.TestIdentityResolutionService" name="test_map_and_resolve_uses_existing" time="0.046" /><testcase classname="tests.identity.test_identity_resolution.TestIdentityResolutionService" name="test_get_unresolved_filters_unmapped" time="0.002" /><testcase classname="tests.identity.test_identity_resolution.TestIdentityResolutionService" name="test_get_unresolved_filters_by_provider" time="0.002" /><testcase classname="tests.identity.test_identity_resolution.TestIdentityResolutionService" name="test_get_audit_log_lists_entries" time="0.002" /><testcase classname="tests.identity.test_identity_resolution.TestIdentityResolutionService" name="test_pipeline_handles_empty_input" time="0.002" /><testcase classname="tests.identity.test_identity_resolution.TestIdentityResolutionService" name="test_pipeline_handles_multiple_instruments" time="0.003" /><testcase classname="tests.identity.test_identity_resolution.TestIdentityResolutionService" name="test_stage1_isin_case_normalised" time="0.002" /><testcase classname="tests.identity.test_securities_api.TestListUnresolved" name="test_returns_unresolved_list" time="0.163" /><testcase classname="tests.identity.test_securities_api.TestListUnresolved" name="test_returns_empty_list" time="0.122" /><testcase classname="tests.identity.test_securities_api.TestListUnresolved" name="test_filters_by_provider" time="0.127" /><testcase classname="tests.identity.test_securities_api.TestListAllUnresolved" name="test_includes_resolved" time="0.177" /><testcase classname="tests.identity.test_securities_api.TestResolve" name="test_resolves_successfully" time="0.125" /><testcase classname="tests.identity.test_securities_api.TestResolve" name="test_returns_404_for_nonexistent" time="0.128" /><testcase classname="tests.identity.test_securities_api.TestResolve" name="test_validates_request_body" time="0.126" /><testcase classname="tests.identity.test_securities_api.TestResolve" name="test_accepts_optional_notes" time="0.125" /><testcase classname="tests.identity.test_securities_api.TestMap" name="test_maps_successfully" time="0.188" /><testcase classname="tests.identity.test_securities_api.TestMap" name="test_returns_404_for_missing_target" time="0.115" /><testcase classname="tests.identity.test_securities_api.TestAuditLog" name="test_returns_audit_log" time="0.147" /><testcase classname="tests.identity.test_securities_api.TestAuditLog" name="test_returns_empty_when_no_logs" time="0.123" /><testcase classname="tests.identity.test_securities_api.TestAuditLog" name="test_filters_by_target_security" time="0.182" /><testcase classname="tests.test_actual_budget_exporter.TestExportResult" name="test_construct_and_repr" time="0.000" /><testcase classname="tests.test_actual_budget_exporter.TestExportResult" name="test_failed_result" time="0.000" /><testcase classname="tests.test_actual_budget_exporter.TestActualBudgetExporter" name="test_run_export_no_transactions" time="0.003" /><testcase classname="tests.test_actual_budget_exporter.TestActualBudgetExporter" name="test_run_export_with_account_but_no_txns" time="0.003" /><testcase classname="tests.test_actual_budget_exporter.TestActualBudgetExporter" name="test_run_export_with_transactions" time="0.003" /><testcase classname="tests.test_actual_budget_exporter.TestActualBudgetExporter" name="test_run_export_connection_failure" time="0.002" /><testcase classname="tests.test_actual_budget_exporter.TestActualBudgetExporter" name="test_run_export_filtered_account_ids" time="0.004" /><testcase classname="tests.test_actual_budget_exporter.TestActualBudgetExporter" name="test_max_transactions_limit" time="0.003" /><testcase classname="tests.test_actual_budget_exporter.TestExportDelivery" name="test_update_delivery_creates_new" time="0.002" /><testcase classname="tests.test_actual_budget_exporter.TestExportDelivery" name="test_update_delivery_updates_existing" time="0.002" /><testcase classname="tests.test_actual_budget_exporter.TestExportDelivery" name="test_update_delivery_empty_ids_is_noop" time="0.002" /><testcase classname="tests.test_actual_budget_exporter.TestExportDelivery" name="test_get_delivery_returns_none_when_missing" time="0.002" /><testcase classname="tests.test_actual_budget_exporter.TestExportDelivery" name="test_get_delivery_returns_record" time="0.002" /><testcase classname="tests.test_allocation.TestOpenAPIRegistration" name="test_allocation_endpoint_registered" time="0.587" /><testcase classname="tests.test_allocation.TestOpenAPIRegistration" name="test_allocation_response_schema" time="0.561" /><testcase classname="tests.test_allocation.TestAuthGuards" name="test_unauthenticated_returns_401" time="0.237" /><testcase classname="tests.test_allocation.TestAuthGuards" name="test_bad_token_returns_401" time="0.132" /><testcase classname="tests.test_allocation.TestServiceEdgeCases" name="test_empty_security_ids_returns_empty_sector_map" time="0.002" /><testcase classname="tests.test_allocation.TestServiceEdgeCases" name="test_empty_security_ids_returns_empty_region_map" time="0.002" /><testcase classname="tests.test_allocation.TestServiceEdgeCases" name="test_sector_uses_label_when_available" time="0.004" /><testcase classname="tests.test_allocation.TestServiceEdgeCases" name="test_region_with_industry_from_sector_exposure" time="0.003" /><testcase classname="tests.test_allocation.TestAllocationServiceEmpty" name="test_empty_tenant_returns_zero" time="0.003" /><testcase classname="tests.test_allocation.TestAllocationServiceEmpty" name="test_empty_passes_tenant_filter" time="0.006" /><testcase classname="tests.test_allocation.TestAllocationServiceWithData" name="test_multiple_holdings_asset_class" time="0.005" /><testcase classname="tests.test_allocation.TestAllocationServiceWithData" name="test_account_breakdown" time="0.004" /><testcase classname="tests.test_allocation.TestAllocationServiceWithData" name="test_sector_and_region_unclassified" time="0.005" /><testcase classname="tests.test_allocation.TestAllocationServiceWithData" name="test_passes_tenant_filter" time="0.003" /><testcase classname="tests.test_allocation.TestAllocationServiceWithData" name="test_account_scoping" time="0.004" /><testcase classname="tests.test_allocation.TestAllocationServiceSingleHolding" name="test_single_holding_asset_class" time="0.004" /><testcase classname="tests.test_allocation.TestAllocationServiceSingleHolding" name="test_zero_market_value" time="0.004" /><testcase classname="tests.test_allocation.TestAllocationPercentages" name="test_percentages_sum_to_100" time="0.005" /><testcase classname="tests.test_allocation.TestAllocationFxConversion" name="test_fx_conversion_applied" time="0.004" /><testcase classname="tests.test_allocation.TestAllocationFxConversion" name="test_no_conversion_same_currency" time="0.004" /><testcase classname="tests.test_allocation.TestRegionNormalise" name="test_us_variants_map_to_north_america" time="0.000" /><testcase classname="tests.test_allocation.TestRegionNormalise" name="test_common_european_countries" time="0.000" /><testcase classname="tests.test_allocation.TestRegionNormalise" name="test_asia_pacific_countries" time="0.000" /><testcase classname="tests.test_allocation.TestRegionNormalise" name="test_latin_america" time="0.000" /><testcase classname="tests.test_allocation.TestRegionNormalise" name="test_middle_east_africa" time="0.000" /><testcase classname="tests.test_allocation.TestRegionNormalise" name="test_case_insensitive" time="0.000" /><testcase classname="tests.test_allocation.TestRegionNormalise" name="test_unknown_region_returns_as_is" time="0.000" /><testcase classname="tests.test_allocation.TestRegionNormalise" name="test_trimmed_input" time="0.000" /><testcase classname="tests.test_allocation.TestPickDominantCurrency" name="test_empty_list_returns_eur" time="0.000" /><testcase classname="tests.test_allocation.TestPickDominantCurrency" name="test_single_currency" time="0.000" /><testcase classname="tests.test_allocation.TestPickDominantCurrency" name="test_majority_wins" time="0.000" /><testcase classname="tests.test_allocation.TestPickDominantCurrency" name="test_tie_returns_first_majority" time="0.000" /><testcase classname="tests.test_allocation.TestSectorClassification" name="test_sector_from_metadata_json" time="0.005" /><testcase classname="tests.test_allocation.TestRegionClassification" name="test_region_from_company_profile" time="0.004" /><testcase classname="tests.test_allocation.TestFxConversionEdgeCases" name="test_fx_conversion_returns_none" time="0.004" /><testcase classname="tests.test_app.TestRootEndpoint" name="test_root_returns_ok" time="0.115" /><testcase classname="tests.test_app.TestRootEndpoint" name="test_root_content_type" time="0.260" /><testcase classname="tests.test_app.TestCORS" name="test_cors_headers" time="0.115" /><testcase classname="tests.test_app.TestAppFactory" name="test_custom_settings" time="0.113" /><testcase classname="tests.test_app.TestAppFactory" name="test_debug_mode_by_environment" time="0.112" /><testcase classname="tests.test_app.TestAppFactory" name="test_production_hides_debug" time="0.112" /><testcase classname="tests.test_app.TestAppFactory" name="test_app_title" time="0.173" /><testcase classname="tests.test_app.TestAppFactory" name="test_openapi_schema_present" time="0.558" /><testcase classname="tests.test_auth.TestPasswordHashing" name="test_hash_and_verify" time="0.328" /><testcase classname="tests.test_auth.TestPasswordHashing" name="test_wrong_password_fails" time="0.330" /><testcase classname="tests.test_auth.TestPasswordHashing" name="test_empty_string" time="0.492" /><testcase classname="tests.test_auth.TestJWTTokens" name="test_create_access_token" time="0.011" /><testcase classname="tests.test_auth.TestJWTTokens" name="test_create_refresh_token" time="0.002" /><testcase classname="tests.test_auth.TestJWTTokens" name="test_decode_valid_token" time="0.003" /><testcase classname="tests.test_auth.TestJWTTokens" name="test_decode_refresh_token_type" time="0.002" /><testcase classname="tests.test_auth.TestJWTTokens" name="test_expired_token_raises" time="0.002" /><testcase classname="tests.test_auth.TestJWTTokens" name="test_wrong_secret_fails" time="0.004" /><testcase classname="tests.test_auth.TestAPIKeyGeneration" name="test_generate_returns_tuple" time="0.164" /><testcase classname="tests.test_auth.TestAPIKeyGeneration" name="test_key_prefix_is_first_8_chars" time="0.164" /><testcase classname="tests.test_auth.TestAPIKeyGeneration" name="test_verify_valid_key" time="0.328" /><testcase classname="tests.test_auth.TestAPIKeyGeneration" name="test_verify_wrong_key" time="0.328" /><testcase classname="tests.test_auth.TestAPIKeyGeneration" name="test_unique_keys" time="0.328" /><testcase classname="tests.test_auth.TestCredentialEncryption" name="test_encrypt_decrypt_roundtrip" time="0.003" /><testcase classname="tests.test_auth.TestCredentialEncryption" name="test_missing_key_raises" time="0.002" /><testcase classname="tests.test_auth.TestCredentialEncryption" name="test_wrong_key_fails" time="0.004" /><testcase classname="tests.test_auth.TestCredentialEncryption" name="test_empty_string" time="0.002" /><testcase classname="tests.test_auth.TestUserPermissions" name="test_admin_has_all" time="0.000" /><testcase classname="tests.test_auth.TestUserPermissions" name="test_user_can_read_transactions" time="0.000" /><testcase classname="tests.test_auth.TestUserPermissions" name="test_user_can_write_transactions" time="0.000" /><testcase classname="tests.test_auth.TestUserPermissions" name="test_user_cannot_write_unknown_resource" time="0.000" /><testcase classname="tests.test_auth.TestUserPermissions" name="test_readonly_cannot_write" time="0.000" /><testcase classname="tests.test_auth.TestUserPermissions" name="test_viewer_limited" time="0.000" /><testcase classname="tests.test_auth.TestUserPermissions" name="test_unknown_role_denies" time="0.000" /><testcase classname="tests.test_auth.TestUserPermissions" name="test_role_permissions_are_defined" time="0.000" /><testcase classname="tests.test_auth.TestAPIKeyPermissions" name="test_wildcard_allows_all" time="0.000" /><testcase classname="tests.test_auth.TestAPIKeyPermissions" name="test_specific_permission" time="0.000" /><testcase classname="tests.test_auth.TestAPIKeyPermissions" name="test_resource_wildcard" time="0.000" /><testcase classname="tests.test_auth.TestAPIKeyPermissions" name="test_none_permissions" time="0.000" /><testcase classname="tests.test_auth.TestAPIKeyPermissions" name="test_empty_permissions" time="0.000" /><testcase classname="tests.test_auth.TestAuthEndpoints" name="test_register_missing_fields" time="0.118" /><testcase classname="tests.test_auth.TestAuthEndpoints" name="test_register_short_password" time="0.176" /><testcase classname="tests.test_auth.TestAuthEndpoints" name="test_login_missing_fields" time="0.122" /><testcase classname="tests.test_auth.TestAuthEndpoints" name="test_me_unauthenticated" time="0.115" /><testcase classname="tests.test_auth.TestAuthEndpoints" name="test_refresh_invalid_token" time="0.114" /><testcase classname="tests.test_auth.TestAuthEndpoints" name="test_openapi_has_auth_paths" time="0.622" /><testcase classname="tests.test_auth.TestAuthEndpointsWithDB" name="test_jwt_auth_without_db_raises_sensible_error" time="0.118" /><testcase classname="tests.test_auth.TestAuthEndpointsWithDB" name="test_jwt_validates_token_structure" time="0.130" /><testcase classname="tests.test_auth" name="test_settings_defaults" time="0.003" /><testcase classname="tests.test_auth" name="test_settings_min_secret_key" time="0.005" /><testcase classname="tests.test_cashflow.TestCashflowServiceEmpty" name="test_empty_returns_zero" time="0.004" /><testcase classname="tests.test_cashflow.TestCashflowServiceEmpty" name="test_empty_by_category" time="0.002" /><testcase classname="tests.test_cashflow.TestCashflowServiceEmpty" name="test_empty_by_period" time="0.004" /><testcase classname="tests.test_cashflow.TestCashflowServiceEmpty" name="test_empty_full_report" time="0.004" /><testcase classname="tests.test_cashflow.TestCashflowServiceEmpty" name="test_passes_tenant_filter" time="0.003" /><testcase classname="tests.test_cashflow.TestCashflowServiceEmpty" name="test_passes_tenant_filter_by_category" time="0.002" /><testcase classname="tests.test_cashflow.TestCashflowServiceEmpty" name="test_passes_tenant_filter_by_period" time="0.003" /><testcase classname="tests.test_cashflow.TestCashflowServiceTotals" name="test_computes_correct_inflows_outflows_net" time="0.002" /><testcase classname="tests.test_cashflow.TestCashflowServiceTotals" name="test_net_cashflow_can_be_negative" time="0.002" /><testcase classname="tests.test_cashflow.TestCashflowServiceTotals" name="test_generates_sql_with_tenant_filter" time="0.004" /><testcase classname="tests.test_cashflow.TestCashflowServiceTotals" name="test_generates_sql_with_date_filter" time="0.003" /><testcase classname="tests.test_cashflow.TestCashflowServiceCategory" name="test_returns_all_categories" time="0.001" /><testcase classname="tests.test_cashflow.TestCashflowServiceCategory" name="test_sorts_by_transaction_type" time="0.001" /><testcase classname="tests.test_cashflow.TestCashflowServiceCategory" name="test_sql_includes_group_by" time="0.002" /><testcase classname="tests.test_cashflow.TestCashflowServicePeriod" name="test_returns_period_entries" time="0.001" /><testcase classname="tests.test_cashflow.TestCashflowServicePeriod" name="test_sql_includes_interval" time="0.002" /><testcase classname="tests.test_cashflow.TestCashflowServiceValidation" name="test_raises_on_invalid_date_range" time="0.001" /><testcase classname="tests.test_cashflow.TestCashflowServiceValidation" name="test_valid_date_range_passes" time="0.000" /><testcase classname="tests.test_cashflow.TestCashflowServiceValidation" name="test_none_dates_passes" time="0.000" /><testcase classname="tests.test_cashflow.TestCashflowStaticHelper" name="test_all_positive_amounts" time="0.000" /><testcase classname="tests.test_cashflow.TestCashflowStaticHelper" name="test_all_negative_amounts" time="0.000" /><testcase classname="tests.test_cashflow.TestCashflowStaticHelper" name="test_mixed_amounts" time="0.000" /><testcase classname="tests.test_cashflow.TestCashflowStaticHelper" name="test_empty_list" time="0.000" /><testcase classname="tests.test_cashflow.TestCashflowStaticHelper" name="test_single_zero" time="0.000" /><testcase classname="tests.test_cashflow.TestCashflowSQLGeneration" name="test_calculate_sql_has_tenant_filter" time="0.003" /><testcase classname="tests.test_cashflow.TestCashflowSQLGeneration" name="test_by_category_sql_has_group_by" time="0.002" /><testcase classname="tests.test_cashflow.TestCashflowSQLGeneration" name="test_by_period_sql_has_date_trunc" time="0.003" /><testcase classname="tests.test_cashflow.TestCashflowSQLGeneration" name="test_full_report_combines_three_queries" time="0.002" /><testcase classname="tests.test_cashflow.TestComputeCashflowFunction" name="test_delegates_to_service_calculate" time="0.002" /><testcase classname="tests.test_cashflow.TestComputeCashflowFunction" name="test_returns_cashflow_summary_type" time="0.002" /><testcase classname="tests.test_cashflow.TestComputeCashflowFunction" name="test_uses_default_date_range" time="0.002" /><testcase classname="tests.test_cashflow.TestCashflowAccountFilter" name="test_singular_account_id_generates_equality" time="0.003" /><testcase classname="tests.test_cashflow.TestCashflowAccountFilter" name="test_plural_account_ids_generates_in_clause" time="0.003" /><testcase classname="tests.test_cashflow.TestCashflowAccountFilter" name="test_singular_and_plural_combined" time="0.003" /><testcase classname="tests.test_cashflow.TestCashflowAccountFilter" name="test_no_account_filter_when_both_none" time="0.002" /><testcase classname="tests.test_cashflow.TestCashflowAccountFilter" name="test_account_ids_passed_via_compute_cashflow" time="0.002" /><testcase classname="tests.test_cashflow.TestCashflowAccountFilter" name="test_account_ids_in_by_category" time="0.002" /><testcase classname="tests.test_cashflow.TestCashflowAccountFilter" name="test_account_ids_in_by_period" time="0.002" /><testcase classname="tests.test_cashflow.TestCashflowAccountFilter" name="test_account_ids_in_count_periods" time="0.001" /><testcase classname="tests.test_cashflow.TestCashflowAccountFilter" name="test_account_ids_in_full_report" time="0.002" /><testcase classname="tests.test_cashflow.TestComputeCashflowPureData" name="test_empty_list_returns_empty" time="0.000" /><testcase classname="tests.test_cashflow.TestComputeCashflowPureData" name="test_single_transaction_creates_one_period" time="0.000" /><testcase classname="tests.test_cashflow.TestComputeCashflowPureData" name="test_output_transaction_increases_outflows" time="0.000" /><testcase classname="tests.test_cashflow.TestComputeCashflowPureData" name="test_groups_multiple_transactions_into_same_month" time="0.000" /><testcase classname="tests.test_cashflow.TestComputeCashflowPureData" name="test_splits_across_different_months" time="0.000" /><testcase classname="tests.test_cashflow.TestComputeCashflowPureData" name="test_results_are_chronological" time="0.000" /><testcase classname="tests.test_cashflow.TestComputeCashflowPureData" name="test_date_filter_start_excludes_early" time="0.000" /><testcase classname="tests.test_cashflow.TestComputeCashflowPureData" name="test_date_filter_end_excludes_late" time="0.000" /><testcase classname="tests.test_cashflow.TestComputeCashflowPureData" name="test_account_ids_filter" time="0.000" /><testcase classname="tests.test_cashflow.TestComputeCashflowPureData" name="test_multi_account_filter" time="0.000" /><testcase classname="tests.test_cashflow.TestComputeCashflowPureData" name="test_pending_transactions_excluded_by_default" time="0.000" /><testcase classname="tests.test_cashflow.TestComputeCashflowPureData" name="test_include_pending_flag" time="0.000" /><testcase classname="tests.test_cashflow.TestComputeCashflowPureData" name="test_raises_on_invalid_date_range" time="0.001" /><testcase classname="tests.test_cashflow.TestComputeCashflowPureData" name="test_week_interval_groups_by_monday" time="0.000" /><testcase classname="tests.test_cashflow.TestComputeCashflowPureData" name="test_day_interval" time="0.000" /><testcase classname="tests.test_cashflow.TestComputeCashflowPureData" name="test_year_interval" time="0.000" /><testcase classname="tests.test_cashflow.TestComputeCashflowPureData" name="test_raises_on_invalid_interval" time="0.001" /><testcase classname="tests.test_cashflow.TestComputeCashflowPureData" name="test_works_with_model_style_objects" time="0.000" /><testcase classname="tests.test_cashflow.TestComputeCashflowPureData" name="test_accepts_model_objects_with_status_via_getattr" time="0.000" /><testcase classname="tests.test_cashflow.TestComputeCashflowSummary" name="test_empty_returns_zero_summary" time="0.000" /><testcase classname="tests.test_cashflow.TestComputeCashflowSummary" name="test_aggregates_all_transactions" time="0.000" /><testcase classname="tests.test_cashflow.TestComputeCashflowSummary" name="test_filters_by_account" time="0.000" /><testcase classname="tests.test_cashflow.TestComputeCashflowSummary" name="test_filters_by_date" time="0.000" /><testcase classname="tests.test_cashflow.TestComputeCashflowSummary" name="test_sets_period_bounds" time="0.000" /><testcase classname="tests.test_cli_reconciliation.TestReconcileParser" name="test_defaults" time="0.001" /><testcase classname="tests.test_cli_reconciliation.TestReconcileParser" name="test_account_ids" time="0.001" /><testcase classname="tests.test_cli_reconciliation.TestReconcileParser" name="test_provider_keys" time="0.001" /><testcase classname="tests.test_cli_reconciliation.TestReconcileParser" name="test_date_from" time="0.001" /><testcase classname="tests.test_cli_reconciliation.TestReconcileParser" name="test_date_to" time="0.001" /><testcase classname="tests.test_cli_reconciliation.TestReconcileParser" name="test_date_range" time="0.001" /><testcase classname="tests.test_cli_reconciliation.TestReconcileParser" name="test_all_options" time="0.001" /><testcase classname="tests.test_cli_reconciliation.TestReconcileParser" name="test_tenant_id" time="0.001" /><testcase classname="tests.test_cli_reconciliation.TestCompareParser" name="test_required_positional_args" time="0.001" /><testcase classname="tests.test_cli_reconciliation.TestCompareParser" name="test_date_range" time="0.001" /><testcase classname="tests.test_cli_reconciliation.TestCompareParser" name="test_help_output" time="0.003" /><testcase classname="tests.test_cli_reconciliation.TestMainDispatch" name="test_unknown_command" time="0.001" /><testcase classname="tests.test_cli_reconciliation.TestMainDispatch" name="test_help_requested" time="0.002" /><testcase classname="tests.test_cli_reconciliation.TestMainDispatch" name="test_reconcile_help" time="0.002" /><testcase classname="tests.test_cli_reconciliation.TestMainDispatch" name="test_compare_help" time="0.001" /><testcase classname="tests.test_cli_reconciliation.TestCmdReconcile" name="test_no_tenants_exits_2" time="0.003" /><testcase classname="tests.test_cli_reconciliation.TestCmdReconcile" name="test_success_no_findings" time="0.003" /><testcase classname="tests.test_cli_reconciliation.TestCmdReconcile" name="test_success_with_findings" time="0.004" /><testcase classname="tests.test_cli_reconciliation.TestCmdReconcile" name="test_handler_fails_gracefully" time="0.004" /><testcase classname="tests.test_cli_reconciliation.TestCmdReconcile" name="test_handler_exception_exits_2" time="0.003" /><testcase classname="tests.test_cli_reconciliation.TestCmdCompare" name="test_success_no_findings" time="0.004" /><testcase classname="tests.test_cli_reconciliation.TestCmdCompare" name="test_success_with_findings" time="0.004" /><testcase classname="tests.test_cli_reconciliation.TestReconcileParserNewOptions" name="test_defaults" time="0.001" /><testcase classname="tests.test_cli_reconciliation.TestReconcileParserNewOptions" name="test_connector_a_and_b" time="0.001" /><testcase classname="tests.test_cli_reconciliation.TestReconcileParserNewOptions" name="test_no_detect_duplicates" time="0.001" /><testcase classname="tests.test_cli_reconciliation.TestReconcileParserNewOptions" name="test_detect_duplicates_explicit" time="0.001" /><testcase classname="tests.test_cli_reconciliation.TestReconcileParserNewOptions" name="test_connector_help_contains_options" time="0.001" /><testcase classname="tests.test_cli_reconciliation.TestCmdReconcileConnectorComparison" name="test_connector_a_b_passed_as_provider_keys" time="0.004" /><testcase classname="tests.test_cli_reconciliation.TestCmdReconcileConnectorComparison" name="test_connector_a_without_b_exits_2" time="0.003" /><testcase classname="tests.test_cli_reconciliation.TestCmdReconcileConnectorComparison" name="test_same_connector_a_b_exits_2" time="0.003" /><testcase classname="tests.test_cli_reconciliation.TestCmdReconcileConnectorComparison" name="test_no_detect_duplicates_passed_to_service" time="0.003" /><testcase classname="tests.test_cli_reconciliation.TestCompareParserNewOptions" name="test_detect_duplicates_default" time="0.001" /><testcase classname="tests.test_cli_reconciliation.TestCompareParserNewOptions" name="test_no_detect_duplicates" time="0.001" /><testcase classname="tests.test_cli_reconciliation.TestCompareParserNewOptions" name="test_help_mentions_detect_duplicates" time="0.001" /><testcase classname="tests.test_cli_reconciliation.TestCompareParserNewOptions" name="test_no_detect_duplicates_passed_to_service" time="0.003" /><testcase classname="tests.test_config.TestEnvironment" name="test_values" time="0.000" /><testcase classname="tests.test_config.TestEnvironment" name="test_is_debug" time="0.000" /><testcase classname="tests.test_config.TestEnvironment" name="test_is_production" time="0.000" /><testcase classname="tests.test_config.TestEnvironment" name="test_from_str_valid[dev-dev]" time="0.000" /><testcase classname="tests.test_config.TestEnvironment" name="test_from_str_valid[development-dev]" time="0.000" /><testcase classname="tests.test_config.TestEnvironment" name="test_from_str_valid[staging-staging]" time="0.000" /><testcase classname="tests.test_config.TestEnvironment" name="test_from_str_valid[prod-prod]" time="0.000" /><testcase classname="tests.test_config.TestEnvironment" name="test_from_str_valid[production-prod]" time="0.000" /><testcase classname="tests.test_config.TestEnvironment" name="test_from_str_invalid" time="0.001" /><testcase classname="tests.test_config.TestSettings" name="test_defaults" time="0.002" /><testcase classname="tests.test_config.TestSettings" name="test_is_debug_property" time="0.004" /><testcase classname="tests.test_config.TestSettings" name="test_debug_flag_overrides" time="0.002" /><testcase classname="tests.test_config.TestSettings" name="test_is_production_property" time="0.004" /><testcase classname="tests.test_config.TestSettings" name="test_database_url" time="0.002" /><testcase classname="tests.test_config.TestSettings" name="test_redis_url" time="0.002" /><testcase classname="tests.test_config.TestSettings" name="test_secret_key_validation" time="0.003" /><testcase classname="tests.test_config.TestSettings" name="test_long_secret_key_accepted" time="0.002" /><testcase classname="tests.test_container.TestContainerConstruction" name="test_minimal_container" time="0.002" /><testcase classname="tests.test_container.TestContainerConstruction" name="test_settings_property" time="0.002" /><testcase classname="tests.test_container.TestContainerConstruction" name="test_engine_raises_without_db" time="0.002" /><testcase classname="tests.test_container.TestContainerConstruction" name="test_session_factory_raises_without_db" time="0.002" /><testcase classname="tests.test_container.TestContainerConstruction" name="test_redis_raises_without_redis" time="0.003" /><testcase classname="tests.test_container.TestContainerConstruction" name="test_uninitialised_container_raises" time="0.001" /><testcase classname="tests.test_container.TestContainerConstruction" name="test_dispose_minimal" time="0.002" /><testcase classname="tests.test_container.TestContainerWithDB" name="test_engine_created" time="0.026" /><testcase classname="tests.test_container.TestContainerWithDB" name="test_session_factory_created" time="0.004" /><testcase classname="tests.test_container.TestContainerWithDB" name="test_dispose_with_engine" time="0.005" /><testcase classname="tests.test_container.TestContainerWithDB" name="test_with_redis" time="0.139" /><testcase classname="tests.test_currency_converter.TestConvertSingle" name="test_identity_conversion" time="0.002" /><testcase classname="tests.test_currency_converter.TestConvertSingle" name="test_calls_convert_with_request" time="0.002" /><testcase classname="tests.test_currency_converter.TestConvertSingle" name="test_raises_on_none_result" time="0.003" /><testcase classname="tests.test_currency_converter.TestConvertSingle" name="test_passes_at_timestamp" time="0.002" /><testcase classname="tests.test_currency_converter.TestConvertSingle" name="test_rounds_to_two_decimals" time="0.002" /><testcase classname="tests.test_currency_converter.TestHasCurrencyProtocol" name="test_matches_dataclass" time="0.001" /><testcase classname="tests.test_currency_converter.TestHasCurrencyProtocol" name="test_matches_dict_via_typed_protocol" time="0.001" /><testcase classname="tests.test_currency_converter.TestHasCurrencyProtocol" name="test_typed_dict_does_not_match" time="0.001" /><testcase classname="tests.test_currency_converter.TestConvertCurrencyRate" name="test_identity" time="0.001" /><testcase classname="tests.test_currency_converter.TestConvertCurrencyRate" name="test_direct_rate_success" time="0.002" /><testcase classname="tests.test_currency_converter.TestConvertCurrencyRate" name="test_indirect_path_via_usd" time="0.002" /><testcase classname="tests.test_currency_converter.TestConvertCurrencyRate" name="test_no_path_raises" time="0.002" /><testcase classname="tests.test_currency_converter.TestConvertCurrencyRate" name="test_passes_at_timestamp" time="0.002" /><testcase classname="tests.test_currency_converter.TestConvertPortfolioItems" name="test_all_same_currency" time="0.001" /><testcase classname="tests.test_currency_converter.TestConvertPortfolioItems" name="test_single_currency_conversion" time="0.002" /><testcase classname="tests.test_currency_converter.TestConvertPortfolioItems" name="test_mixed_currencies" time="0.002" /><testcase classname="tests.test_currency_converter.TestConvertPortfolioItems" name="test_missing_rate_raises" time="0.002" /><testcase classname="tests.test_currency_converter.TestConvertPortfolioItems" name="test_returns_convert_items_with_metadata" time="0.002" /><testcase classname="tests.test_currency_converter.TestConvertPortfolioItems" name="test_deterministic_order" time="0.002" /><testcase classname="tests.test_currency_converter.TestEdgeCases" name="test_various_amounts[amount0]" time="0.002" /><testcase classname="tests.test_currency_converter.TestEdgeCases" name="test_various_amounts[amount1]" time="0.002" /><testcase classname="tests.test_currency_converter.TestEdgeCases" name="test_various_amounts[amount2]" time="0.002" /><testcase classname="tests.test_currency_converter.TestEdgeCases" name="test_empty_portfolio" time="0.001" /><testcase classname="tests.test_currency_converter.TestEdgeCases" name="test_get_rate_inverse_lookup" time="0.002" /><testcase classname="tests.test_currency_converter.TestEdgeCases" name="test_skips_intermediary_matching_from_currency" time="0.002" /><testcase classname="tests.test_currency_converter.TestEdgeCases" name="test_leg1_succeeds_leg2_fails_no_path" time="0.118" /><testcase classname="tests.test_currency_converter.TestConvertCurrencyRateHistorical" name="test_indirect_path_with_historical_timestamp" time="0.002" /><testcase classname="tests.test_currency_converter.TestConvertCurrencyRateHistorical" name="test_historical_timestamp_all_paths_exhausted" time="0.002" /><testcase classname="tests.test_currency_converter.TestConvertPortfolioItemsHistorical" name="test_batch_with_historical_timestamp" time="0.002" /><testcase classname="tests.test_currency_converter.TestConvertPortfolioItemsHistorical" name="test_identity_skips_timestamp_lookup" time="0.001" /><testcase classname="tests.test_currency_converter.TestConvert" name="test_identity_conversion" time="0.002" /><testcase classname="tests.test_currency_converter.TestConvert" name="test_direct_conversion" time="0.002" /><testcase classname="tests.test_currency_converter.TestConvert" name="test_raises_on_missing_rate" time="0.002" /><testcase classname="tests.test_currency_converter.TestConvert" name="test_with_at_date" time="0.002" /><testcase classname="tests.test_currency_converter.TestConvert" name="test_at_date_none" time="0.002" /><testcase classname="tests.test_currency_converter.TestConvert" name="test_cross_rate_conversion" time="0.002" /><testcase classname="tests.test_currency_converter.TestConvertAmount" name="test_identity_conversion" time="0.001" /><testcase classname="tests.test_currency_converter.TestConvertAmount" name="test_identity_case_insensitive" time="0.001" /><testcase classname="tests.test_currency_converter.TestConvertAmount" name="test_direct_rate_success" time="0.001" /><testcase classname="tests.test_currency_converter.TestConvertAmount" name="test_direct_rate_case_insensitive" time="0.001" /><testcase classname="tests.test_currency_converter.TestConvertAmount" name="test_inverse_pair_fallback" time="0.001" /><testcase classname="tests.test_currency_converter.TestConvertAmount" name="test_both_direct_and_inverse_fail" time="0.001" /><testcase classname="tests.test_currency_converter.TestConvertAmount" name="test_inverse_rate_of_zero_raises" time="0.001" /><testcase classname="tests.test_currency_converter.TestConvertAmount" name="test_zero_amount" time="0.001" /><testcase classname="tests.test_currency_converter.TestConvertAmount" name="test_negative_amount" time="0.001" /><testcase classname="tests.test_currency_converter.TestConvertAmount" name="test_large_amount" time="0.001" /><testcase classname="tests.test_currency_converter.TestConvertAmount" name="test_rounding_to_two_decimals" time="0.001" /><testcase classname="tests.test_currency_converter.TestConvertAmount" name="test_rounding_midpoint" time="0.001" /><testcase classname="tests.test_currency_converter.TestConvertAmount" name="test_works_with_fx_service_get_rate" time="0.002" /><testcase classname="tests.test_currency_converter.TestConvertAmount" name="test_rates_fetcher_type_alias" time="0.001" /><testcase classname="tests.test_currency_converter.TestConversionProperties" name="test_round_trip_via_inverse" time="0.001" /><testcase classname="tests.test_currency_converter.TestConversionProperties" name="test_round_trip_via_single_rate" time="0.001" /><testcase classname="tests.test_currency_converter.TestCrossRateLaterIntermediary" name="test_path_through_second_intermediary" time="0.002" /><testcase classname="tests.test_currency_converter.TestCrossRateLaterIntermediary" name="test_exhausts_all_intermediaries_message" time="0.002" /><testcase classname="tests.test_currency_converter.TestConvertPortfolioItemsEdgeCases" name="test_mixed_identity_and_conversion" time="0.002" /><testcase classname="tests.test_currency_converter.TestConvertPortfolioItemsEdgeCases" name="test_all_identity_with_extra_currencies" time="0.001" /><testcase classname="tests.test_currency_converter.TestConvertPortfolioItemsEdgeCases" name="test_single_item_conversion" time="0.002" /><testcase classname="tests.test_currency_converter.TestCaseInsensitiveIdentity" name="test_convert_single_case_insensitive_identity" time="0.002" /><testcase classname="tests.test_currency_converter.TestCaseInsensitiveIdentity" name="test_convert_case_insensitive_identity" time="0.002" /><testcase classname="tests.test_currency_converter.TestRoundingEdgeCases" name="test_convert_currency_rate_midpoint_rounding" time="0.002" /><testcase classname="tests.test_currency_converter.TestRoundingEdgeCases" name="test_convert_currency_rate_high_precision" time="0.003" /><testcase classname="tests.test_currency_converter.TestRoundingEdgeCases" name="test_convert_portfolio_items_midpoint_rounding" time="0.002" /><testcase classname="tests.test_currency_converter.TestConvertCurrencyRateZeroRate" name="test_zero_rate_returns_zero" time="0.002" /><testcase classname="tests.test_detection_algorithms_edge_cases.TestFrequencyDetectionBoundaries" name="test_monthly_upper_boundary" time="0.000" /><testcase classname="tests.test_detection_algorithms_edge_cases.TestFrequencyDetectionBoundaries" name="test_monthly_extended_tolerance" time="0.000" /><testcase classname="tests.test_detection_algorithms_edge_cases.TestFrequencyDetectionBoundaries" name="test_monthly_extended_tolerance_lower" time="0.000" /><testcase classname="tests.test_detection_algorithms_edge_cases.TestFrequencyDetectionBoundaries" name="test_quarterly_lower_boundary" time="0.000" /><testcase classname="tests.test_detection_algorithms_edge_cases.TestFrequencyDetectionBoundaries" name="test_quarterly_upper_boundary" time="0.000" /><testcase classname="tests.test_detection_algorithms_edge_cases.TestFrequencyDetectionBoundaries" name="test_semiannual_lower_boundary" time="0.000" /><testcase classname="tests.test_detection_algorithms_edge_cases.TestFrequencyDetectionBoundaries" name="test_yearly_upper_boundary" time="0.000" /><testcase classname="tests.test_detection_algorithms_edge_cases.TestFrequencyDetectionBoundaries" name="test_just_outside_monthly_below" time="0.000" /><testcase classname="tests.test_detection_algorithms_edge_cases.TestFrequencyDetectionBoundaries" name="test_just_outside_monthly_above" time="0.000" /><testcase classname="tests.test_detection_algorithms_edge_cases.TestFrequencyDetectionBoundaries" name="test_single_interval" time="0.000" /><testcase classname="tests.test_detection_algorithms_edge_cases.TestAmountConsistencyAllBands" name="test_moderate_variance_0_6_band" time="0.000" /><testcase classname="tests.test_detection_algorithms_edge_cases.TestAmountConsistencyAllBands" name="test_moderate_variance_0_3_band" time="0.000" /><testcase classname="tests.test_detection_algorithms_edge_cases.TestAmountConsistencyAllBands" name="test_high_variance_returns_0_0" time="0.000" /><testcase classname="tests.test_detection_algorithms_edge_cases.TestAmountConsistencyAllBands" name="test_small_absolute_variance_dominant" time="0.000" /><testcase classname="tests.test_detection_algorithms_edge_cases.TestAmountConsistencyAllBands" name="test_relative_variance_edge_5_pct" time="0.000" /><testcase classname="tests.test_detection_algorithms_edge_cases.TestConfidenceScoringBoundaries" name="test_high_threshold_exact_0_80_with_boost" time="0.000" /><testcase classname="tests.test_detection_algorithms_edge_cases.TestConfidenceScoringBoundaries" name="test_medium_threshold_boundary" time="0.001" /><testcase classname="tests.test_detection_algorithms_edge_cases.TestConfidenceScoringBoundaries" name="test_low_stays_low_just_below_medium" time="0.000" /><testcase classname="tests.test_detection_algorithms_edge_cases.TestConfidenceScoringBoundaries" name="test_sector_boost_lifts_medium_to_high" time="0.001" /><testcase classname="tests.test_detection_algorithms_edge_cases.TestConfidenceScoringBoundaries" name="test_sector_boost_at_max_caps_score" time="0.000" /><testcase classname="tests.test_detection_algorithms_edge_cases.TestConfidenceScoringBoundaries" name="test_sector_boost_zero_no_effect" time="0.000" /><testcase classname="tests.test_detection_algorithms_edge_cases.TestDedupOrderPreservation" name="test_first_seen_wins_equal_score_and_sector" time="0.000" /><testcase classname="tests.test_detection_algorithms_edge_cases.TestDedupOrderPreservation" name="test_higher_score_wins_among_duplicates" time="0.000" /><testcase classname="tests.test_detection_algorithms_edge_cases.TestDedupOrderPreservation" name="test_empty_list_returns_empty" time="0.000" /><testcase classname="tests.test_detection_algorithms_edge_cases.TestDedupOrderPreservation" name="test_single_result_unchanged" time="0.000" /><testcase classname="tests.test_detection_algorithms_edge_cases.TestMergeCrossValidatedExtended" name="test_cluster_score_higher_becomes_base" time="0.000" /><testcase classname="tests.test_detection_algorithms_edge_cases.TestMergeCrossValidatedExtended" name="test_sector_from_merchant_when_cluster_none" time="0.000" /><testcase classname="tests.test_detection_algorithms_edge_cases.TestMergeCrossValidatedExtended" name="test_sector_from_cluster_when_merchant_none" time="0.000" /><testcase classname="tests.test_detection_algorithms_edge_cases.TestMergeCrossValidatedExtended" name="test_security_id_filled_from_other" time="0.000" /><testcase classname="tests.test_detection_algorithms_edge_cases.TestMergeCrossValidatedExtended" name="test_merged_transaction_count_accurate" time="0.000" /><testcase classname="tests.test_detection_algorithms_edge_cases.TestMergeCrossValidatedExtended" name="test_merchant_score_zero_both" time="0.000" /><testcase classname="tests.test_detection_algorithms_edge_cases.TestMergeCrossValidatedExtended" name="test_full_confidence_matrix" time="0.000" /><testcase classname="tests.test_detection_algorithms_edge_cases.TestEnrichClusterResultsExtended" name="test_enrich_regular_interval_method" time="0.000" /><testcase classname="tests.test_detection_algorithms_edge_cases.TestEnrichClusterResultsExtended" name="test_enrich_preserves_other_methods" time="0.000" /><testcase classname="tests.test_detection_algorithms_edge_cases.TestClusterConfidenceAllBands" name="test_high_confidence_max_scores" time="0.000" /><testcase classname="tests.test_detection_algorithms_edge_cases.TestClusterConfidenceAllBands" name="test_medium_confidence_with_cross_account" time="0.000" /><testcase classname="tests.test_detection_algorithms_edge_cases.TestClusterConfidenceAllBands" name="test_cross_account_bonus_makes_difference" time="0.000" /><testcase classname="tests.test_detection_algorithms_edge_cases.TestClusterConfidenceAllBands" name="test_cluster_density_capped_at_one" time="0.000" /><testcase classname="tests.test_detection_algorithms_edge_cases.TestClusterConfidenceAllBands" name="test_low_confidence_minimum_inputs" time="0.000" /><testcase classname="tests.test_detection_algorithms_edge_cases.TestCrossAccountCompatibility" name="test_amounts_compatible_exact" time="0.000" /><testcase classname="tests.test_detection_algorithms_edge_cases.TestCrossAccountCompatibility" name="test_amounts_compatible_close" time="0.000" /><testcase classname="tests.test_detection_algorithms_edge_cases.TestCrossAccountCompatibility" name="test_amounts_not_compatible" time="0.000" /><testcase classname="tests.test_detection_algorithms_edge_cases.TestCrossAccountCompatibility" name="test_amounts_both_zero" time="0.000" /><testcase classname="tests.test_detection_algorithms_edge_cases.TestCrossAccountCompatibility" name="test_amounts_one_zero" time="0.000" /><testcase classname="tests.test_detection_algorithms_edge_cases.TestCrossAccountCompatibility" name="test_amounts_positive_and_negative" time="0.000" /><testcase classname="tests.test_detection_algorithms_edge_cases.TestCrossAccountCompatibility" name="test_intervals_compatible_both_none" time="0.000" /><testcase classname="tests.test_detection_algorithms_edge_cases.TestCrossAccountCompatibility" name="test_intervals_compatible_one_none" time="0.000" /><testcase classname="tests.test_detection_algorithms_edge_cases.TestCrossAccountCompatibility" name="test_intervals_compatible_zero_freq" time="0.000" /><testcase classname="tests.test_detection_algorithms_edge_cases.TestCrossAccountCompatibility" name="test_intervals_compatible_close_values" time="0.000" /><testcase classname="tests.test_detection_algorithms_edge_cases.TestCrossAccountCompatibility" name="test_intervals_not_compatible" time="0.000" /><testcase classname="tests.test_detection_algorithms_edge_cases.TestPatternEngineEdgeCases" name="test_empty_transactions" time="0.000" /><testcase classname="tests.test_detection_algorithms_edge_cases.TestPatternEngineEdgeCases" name="test_single_transaction" time="0.001" /><testcase classname="tests.test_detection_algorithms_edge_cases.TestPatternEngineEdgeCases" name="test_same_amount_different_merchants" time="0.005" /><testcase classname="tests.test_detection_algorithms_edge_cases.TestFundamentalsAdjustmentAllBranches" name="test_low_stays_low" time="0.000" /><testcase classname="tests.test_detection_algorithms_edge_cases.TestFundamentalsAdjustmentAllBranches" name="test_high_with_high_dividend_downgrades" time="0.000" /><testcase classname="tests.test_detection_algorithms_edge_cases.TestFundamentalsAdjustmentAllBranches" name="test_medium_with_high_pe_upgrades" time="0.000" /><testcase classname="tests.test_detection_algorithms_edge_cases.TestFundamentalsAdjustmentAllBranches" name="test_dividend_above_3_pct_cancels_upgrade" time="0.000" /><testcase classname="tests.test_detection_algorithms_edge_cases.TestFundamentalsAdjustmentAllBranches" name="test_no_fundamentals_no_change" time="0.000" /><testcase classname="tests.test_detection_algorithms_edge_cases.TestFundamentalsAdjustmentAllBranches" name="test_high_with_both_factors_downgrade_wins" time="0.000" /><testcase classname="tests.test_detection_algorithms_edge_cases.TestMerchantNameNormalisationSuffixCoverage" name="test_strips_sa_suffix" time="0.000" /><testcase classname="tests.test_detection_algorithms_edge_cases.TestMerchantNameNormalisationSuffixCoverage" name="test_strips_sl_suffix" time="0.000" /><testcase classname="tests.test_detection_algorithms_edge_cases.TestMerchantNameNormalisationSuffixCoverage" name="test_strips_ag_suffix" time="0.000" /><testcase classname="tests.test_detection_algorithms_edge_cases.TestMerchantNameNormalisationSuffixCoverage" name="test_strips_co_suffix" time="0.000" /><testcase classname="tests.test_detection_algorithms_edge_cases.TestMerchantNameNormalisationSuffixCoverage" name="test_strips_co_suffix_no_dot" time="0.000" /><testcase classname="tests.test_detection_algorithms_edge_cases.TestMerchantNameNormalisationSuffixCoverage" name="test_strips_holding_suffix" time="0.000" /><testcase classname="tests.test_detection_algorithms_edge_cases.TestMerchantNameNormalisationSuffixCoverage" name="test_strips_holdings_suffix" time="0.000" /><testcase classname="tests.test_detection_algorithms_edge_cases.TestMerchantNameNormalisationSuffixCoverage" name="test_strips_international" time="0.000" /><testcase classname="tests.test_detection_algorithms_edge_cases.TestMerchantNameNormalisationSuffixCoverage" name="test_strips_technology" time="0.000" /><testcase classname="tests.test_detection_algorithms_edge_cases.TestMerchantNameNormalisationSuffixCoverage" name="test_known_merchants_resolve_after_normalisation" time="0.000" /><testcase classname="tests.test_detection_algorithms_edge_cases.TestMerchantNameNormalisationSuffixCoverage" name="test_prefix_matching_shortest_first" time="0.000" /><testcase classname="tests.test_detection_algorithms_edge_cases.TestMerchantNameNormalisationSuffixCoverage" name="test_no_match_returns_none" time="0.000" /><testcase classname="tests.test_detection_algorithms_edge_cases.TestSectorFromCategoryCoverage" name="test_streaming" time="0.000" /><testcase classname="tests.test_detection_algorithms_edge_cases.TestSectorFromCategoryCoverage" name="test_software" time="0.000" /><testcase classname="tests.test_detection_algorithms_edge_cases.TestSectorFromCategoryCoverage" name="test_utilities" time="0.000" /><testcase classname="tests.test_detection_algorithms_edge_cases.TestSectorFromCategoryCoverage" name="test_fitness" time="0.000" /><testcase classname="tests.test_detection_algorithms_edge_cases.TestSectorFromCategoryCoverage" name="test_insurance" time="0.000" /><testcase classname="tests.test_detection_algorithms_edge_cases.TestSectorFromCategoryCoverage" name="test_news_media" time="0.000" /><testcase classname="tests.test_detection_algorithms_edge_cases.TestSectorFromCategoryCoverage" name="test_donations" time="0.000" /><testcase classname="tests.test_detection_algorithms_edge_cases.TestSectorFromCategoryCoverage" name="test_cloud_storage" time="0.000" /><testcase classname="tests.test_detection_algorithms_edge_cases.TestSectorFromCategoryCoverage" name="test_none_category" time="0.000" /><testcase classname="tests.test_detection_algorithms_edge_cases.TestSectorFromCategoryCoverage" name="test_unknown_category" time="0.000" /><testcase classname="tests.test_detection_algorithms_edge_cases.TestMerchantNormalisationPrefixCoverage" name="test_so_prefix" time="0.000" /><testcase classname="tests.test_detection_algorithms_edge_cases.TestMerchantNormalisationPrefixCoverage" name="test_betaling_prefix" time="0.000" /><testcase classname="tests.test_detection_algorithms_edge_cases.TestMerchantNormalisationPrefixCoverage" name="test_i_deal_prefix_variant" time="0.000" /><testcase classname="tests.test_detection_algorithms_edge_cases.TestMerchantNormalisationPrefixCoverage" name="test_trx_number_reference" time="0.000" /><testcase classname="tests.test_detection_algorithms_edge_cases.TestMerchantNormalisationPrefixCoverage" name="test_trans_reference" time="0.000" /><testcase classname="tests.test_detection_algorithms_edge_cases.TestMerchantNormalisationPrefixCoverage" name="test_nr_reference" time="0.000" /><testcase classname="tests.test_detection_algorithms_edge_cases.TestDetectPeriodsExtended" name="test_large_intervals_only_yearly" time="0.000" /><testcase classname="tests.test_detection_algorithms_edge_cases.TestDetectPeriodsExtended" name="test_biweekly_intervals" time="0.000" /><testcase classname="tests.test_detection_algorithms_edge_cases.TestDetectPeriodsExtended" name="test_periods_sorted_by_score" time="0.000" /><testcase classname="tests.test_detection_algorithms_edge_cases.TestDetectPeriodsExtended" name="test_many_intervals_still_finds_best_band" time="0.000" /><testcase classname="tests.test_enums.TestAccountType" name="test_members" time="0.000" /><testcase classname="tests.test_enums.TestAccountType" name="test_str_is_value" time="0.000" /><testcase classname="tests.test_enums.TestTransactionType" name="test_members" time="0.000" /><testcase classname="tests.test_enums.TestSecurityType" name="test_members" time="0.000" /><testcase classname="tests.test_enums.TestTransactionStatus" name="test_members" time="0.000" /><testcase classname="tests.test_enums.TestBalanceKind" name="test_members" time="0.000" /><testcase classname="tests.test_enums.TestSyncRunStatus" name="test_members" time="0.000" /><testcase classname="tests.test_enums.TestOutboxMessageStatus" name="test_members" time="0.000" /><testcase classname="tests.test_enums.TestUserRole" name="test_members" time="0.000" /><testcase classname="tests.test_enums.TestBalanceSource" name="test_members" time="0.000" /><testcase classname="tests.test_enums.TestHoldingSource" name="test_members" time="0.000" /><testcase classname="tests.test_enums.TestConnectorProvider" name="test_members" time="0.000" /><testcase classname="tests.test_feedback_api.TestSubmitFeedback" name="test_submit_bug_report_creates_issue" time="0.120" /><testcase classname="tests.test_feedback_api.TestSubmitFeedback" name="test_submit_feature_request_creates_issue" time="0.117" /><testcase classname="tests.test_feedback_api.TestSubmitFeedback" name="test_submit_without_title_returns_422" time="0.118" /><testcase classname="tests.test_feedback_api.TestSubmitFeedback" name="test_submit_without_description_returns_422" time="0.129" /><testcase classname="tests.test_feedback_api.TestSubmitFeedback" name="test_submit_invalid_type_returns_422" time="0.191" /><testcase classname="tests.test_feedback_api.TestSubmitFeedback" name="test_service_error_returns_502" time="0.122" /><testcase classname="tests.test_feedback_api.TestSubmitFeedback" name="test_service_network_error_returns_503" time="0.123" /><testcase classname="tests.test_feedback_api.TestSubmitFeedback" name="test_issue_body_includes_user_email" time="0.119" /><testcase classname="tests.test_fx_rate_model.TestFxRateModel" name="test_create_instance" time="0.001" /><testcase classname="tests.test_fx_rate_model.TestFxRateModel" name="test_repr" time="0.000" /><testcase classname="tests.test_fx_rate_model.TestFxRateModel" name="test_default_source" time="0.000" /><testcase classname="tests.test_fx_rate_model.TestFxRateModel" name="test_equal_currencies_same_rate" time="0.000" /><testcase classname="tests.test_fx_rate_model.TestFxRateModel" name="test_various_pairs[USD-EUR-rate_val0]" time="0.001" /><testcase classname="tests.test_fx_rate_model.TestFxRateModel" name="test_various_pairs[GBP-USD-rate_val1]" time="0.001" /><testcase classname="tests.test_fx_rate_model.TestFxRateModel" name="test_various_pairs[EUR-JPY-rate_val2]" time="0.001" /><testcase classname="tests.test_fx_rate_model.TestFxRateCreateSchema" name="test_create_with_required_fields" time="0.000" /><testcase classname="tests.test_fx_rate_model.TestFxRateCreateSchema" name="test_create_with_explicit_source" time="0.000" /><testcase classname="tests.test_fx_rate_model.TestFxRateCreateSchema" name="test_json_serialization" time="0.001" /><testcase classname="tests.test_fx_rate_model.TestFxRateCreateSchema" name="test_dict_round_trip" time="0.000" /><testcase classname="tests.test_fx_rate_model.TestFxRateCreateSchema" name="test_invalid_currency_code_too_long" time="0.000" /><testcase classname="tests.test_fx_rate_model.TestFxRateCreateSchema" name="test_invalid_currency_code_too_short" time="0.000" /><testcase classname="tests.test_fx_rate_model.TestFxRateCreateSchema" name="test_missing_required_field_raises" time="0.000" /><testcase classname="tests.test_fx_rate_model.TestFxRateCreateSchema" name="test_negative_rate_rejected" time="0.000" /><testcase classname="tests.test_fx_rate_model.TestFxRateResponseSchema" name="test_response_creation" time="0.001" /><testcase classname="tests.test_fx_rate_model.TestFxRateResponseSchema" name="test_response_json_serialization" time="0.001" /><testcase classname="tests.test_fx_rate_model.TestFxRateResponseSchema" name="test_from_attributes_flag" time="0.000" /><testcase classname="tests.test_fx_rate_model.TestFxRateResponseSchema" name="test_response_serializes_all_fields" time="0.001" /><testcase classname="tests.test_fx_rate_model.TestFxRateResponseSchema" name="test_response_rejects_extra_fields" time="0.000" /><testcase classname="tests.test_fx_rate_model.TestFxRateModelConstraints" name="test_table_name" time="0.000" /><testcase classname="tests.test_fx_rate_model.TestFxRateModelConstraints" name="test_unique_constraint_present" time="0.000" /><testcase classname="tests.test_fx_rate_model.TestFxRateModelConstraints" name="test_id_is_db_generated" time="0.000" /><testcase classname="tests.test_fx_rate_model.TestFxRateModelConstraints" name="test_all_ids_none_before_persist" time="0.000" /><testcase classname="tests.test_fx_rate_model.TestFxRateModelConstraints" name="test_required_columns_not_nullable" time="0.000" /><testcase classname="tests.test_fx_rate_model.TestFxRateModelConstraints" name="test_timestamp_mixin_fields_exist" time="0.000" /><testcase classname="tests.test_fx_rate_model.TestFxRateModelConstraints" name="test_currency_literals_are_uppercased" time="0.000" /><testcase classname="tests.test_fx_rate_model.TestFxRateModelConstraints" name="test_composite_index_exists" time="0.000" /><testcase classname="tests.test_fx_service.TestFxServiceDegraded" name="test_is_degraded" time="0.002" /><testcase classname="tests.test_fx_service.TestFxServiceDegraded" name="test_get_rate_same_currency" time="0.001" /><testcase classname="tests.test_fx_service.TestFxServiceDegraded" name="test_get_rate_no_data" time="0.002" /><testcase classname="tests.test_fx_service.TestFxServiceDegraded" name="test_get_rate_no_data_obscure_pair" time="0.002" /><testcase classname="tests.test_fx_service.TestFxServiceDegraded" name="test_get_rate_from_local" time="0.002" /><testcase classname="tests.test_fx_service.TestFxServiceDegraded" name="test_get_inverted_local_rate" time="0.002" /><testcase classname="tests.test_fx_service.TestFxServiceDegraded" name="test_convert_same_currency" time="0.001" /><testcase classname="tests.test_fx_service.TestFxServiceDegraded" name="test_convert_no_rate" time="0.002" /><testcase classname="tests.test_fx_service.TestFxServiceDegraded" name="test_convert_no_rate_obscure_pair" time="0.002" /><testcase classname="tests.test_fx_service.TestFxServiceDegraded" name="test_convert_with_local_rate" time="0.002" /><testcase classname="tests.test_fx_service.TestFxServiceDegraded" name="test_get_rates_for_base" time="0.002" /><testcase classname="tests.test_fx_service.TestFxServiceDegraded" name="test_get_rates_for_base_same_currency" time="0.001" /><testcase classname="tests.test_fx_service.TestFxServiceDegraded" name="test_canonicalise_pair_major" time="0.001" /><testcase classname="tests.test_fx_service.TestFxServiceDegraded" name="test_canonicalise_pair_reversed_major" time="0.001" /><testcase classname="tests.test_fx_service.TestFxServiceDegraded" name="test_canonicalise_pair_unknown" time="0.001" /><testcase classname="tests.test_fx_service.TestFxServiceDegraded" name="test_canonicalise_pair_same_currency" time="0.001" /><testcase classname="tests.test_fx_service.TestFxServiceDegraded" name="test_close_idempotent" time="0.001" /><testcase classname="tests.test_fx_service.TestFxServiceDegraded" name="test_close_with_provider" time="0.002" /><testcase classname="tests.test_fx_service.TestFxServiceNonDegraded" name="test_not_degraded" time="0.001" /><testcase classname="tests.test_fx_service.TestFxServiceNonDegraded" name="test_api_fetch_success" time="0.002" /><testcase classname="tests.test_fx_service.TestFxServiceNonDegraded" name="test_api_fetch_stores_rate" time="0.002" /><testcase classname="tests.test_fx_service.TestFxServiceNonDegraded" name="test_api_fetch_historical_preserves_timestamp" time="0.003" /><testcase classname="tests.test_fx_service.TestFxServiceNonDegraded" name="test_api_fetch_404_returns_none" time="0.002" /><testcase classname="tests.test_fx_service.TestFxServiceNonDegraded" name="test_api_fetch_500_returns_fallback" time="0.066" /><testcase classname="tests.test_fx_service.TestFxServiceNonDegraded" name="test_api_fetch_timeout_fallback" time="0.002" /><testcase classname="tests.test_fx_service.TestFxServiceNonDegraded" name="test_api_fetch_rate_limit_error_fallback" time="0.002" /><testcase classname="tests.test_fx_service.TestFxServiceNonDegraded" name="test_api_fetch_no_provider_fallback" time="0.002" /><testcase classname="tests.test_fx_service.TestFxServiceNonDegraded" name="test_api_fetch_generic_http_error_fallback" time="0.002" /><testcase classname="tests.test_fx_service.TestFxServiceNonDegraded" name="test_convert_with_api_rate" time="0.002" /><testcase classname="tests.test_fx_service.TestFxServiceNonDegraded" name="test_get_rate_inverts_api_result" time="0.003" /><testcase classname="tests.test_fx_service.TestFxServiceNonDegraded" name="test_fetch_all_major_rates" time="0.004" /><testcase classname="tests.test_fx_service.TestFxServiceNonDegraded" name="test_fetch_all_major_rates_returns_list" time="0.004" /><testcase classname="tests.test_fx_service.TestFxServiceNonDegraded" name="test_fetch_all_major_rates_handles_api_failure" time="0.004" /><testcase classname="tests.test_fx_service.TestFxServiceNonDegraded" name="test_stores_fetched_rate" time="0.002" /><testcase classname="tests.test_fx_service.TestFxServiceNonDegraded" name="test_store_rate_skips_existing" time="0.002" /><testcase classname="tests.test_fx_service.TestFxServiceNonDegraded" name="test_row_to_observation" time="0.002" /><testcase classname="tests.test_fx_service.TestFxServiceNonDegraded" name="test_get_rates_for_base_defaults" time="0.002" /><testcase classname="tests.test_fx_service.TestFxServiceNonDegraded" name="test_get_rates_for_base_with_none_targets" time="0.002" /><testcase classname="tests.test_fx_service.TestFxServiceNonDegraded" name="test_get_rates_for_base_partial_failure" time="0.002" /><testcase classname="tests.test_fx_service.TestFxServiceNonDegraded" name="test_get_rates_for_base_all_fail" time="0.003" /><testcase classname="tests.test_fx_service.TestFxRateObservation" name="test_inverse" time="0.000" /><testcase classname="tests.test_fx_service.TestFxRateObservation" name="test_inverse_twice_returns_to_original" time="0.000" /><testcase classname="tests.test_fx_service.TestFxServiceTTL" name="test_cache_miss_when_stale_fallback" time="0.002" /><testcase classname="tests.test_fx_service.TestFxServiceTTL" name="test_cache_miss_when_stale_no_fallback" time="0.002" /><testcase classname="tests.test_fx_service.TestFxServiceTTL" name="test_historical_lookup_bypasses_ttl" time="0.002" /><testcase classname="tests.test_fx_service.TestFxServiceTTL" name="test_ttl_not_exceeded" time="0.002" /><testcase classname="tests.test_fx_service.TestFxServiceTTL" name="test_inverse_pair_historical" time="0.002" /><testcase classname="tests.test_fx_service.TestFxServiceTTL" name="test_historical_no_data_returns_none" time="0.002" /><testcase classname="tests.test_fx_service.TestFxServiceExceptions" name="test_import_exceptions" time="0.001" /><testcase classname="tests.test_fx_service.TestFxServiceExceptions" name="test_exception_accepts_message" time="0.001" /><testcase classname="tests.test_fx_service.TestFxServiceExceptions" name="test_fx_rate_fetch_error_message" time="0.001" /><testcase classname="tests.test_fx_service.TestFxServiceExceptions" name="test_invalid_currency_error_message" time="0.001" /><testcase classname="tests.test_fx_service.TestFxConversionRequest" name="test_create_request" time="0.000" /><testcase classname="tests.test_fx_service.TestFxConversionRequest" name="test_create_request_with_timestamp" time="0.000" /><testcase classname="tests.test_fx_service.TestFxServiceHelpers" name="test_safe_decimal[1.0945-expected0]" time="0.000" /><testcase classname="tests.test_fx_service.TestFxServiceHelpers" name="test_safe_decimal[0-expected1]" time="0.000" /><testcase classname="tests.test_fx_service.TestFxServiceHelpers" name="test_safe_decimal[100-expected2]" time="0.000" /><testcase classname="tests.test_fx_service.TestFxServiceHelpers" name="test_safe_decimal[1.0945-expected3]" time="0.000" /><testcase classname="tests.test_fx_service.TestFxServiceHelpers" name="test_safe_decimal[None-None]" time="0.000" /><testcase classname="tests.test_fx_service.TestFxServiceHelpers" name="test_safe_decimal[not-a-number-None]" time="0.000" /><testcase classname="tests.test_fx_service.TestFxServiceHelpers" name="test_safe_decimal[-None]" time="0.000" /><testcase classname="tests.test_fx_service.TestFxServiceHelpers" name="test_parse_timestamp[2026-01-15T12:00:00Z-2026]" time="0.000" /><testcase classname="tests.test_fx_service.TestFxServiceHelpers" name="test_parse_timestamp[2026-01-15T12:00:00-2026]" time="0.000" /><testcase classname="tests.test_fx_service.TestFxServiceHelpers" name="test_parse_timestamp[None-None]" time="0.000" /><testcase classname="tests.test_fx_service.TestFxServiceHelpers" name="test_parse_timestamp[-None]" time="0.000" /><testcase classname="tests.test_fx_service.TestFxServiceHelpers" name="test_parse_timestamp[invalid-date-None]" time="0.000" /><testcase classname="tests.test_fx_service.TestFxServiceHelpers" name="test_parse_timestamp_fallback" time="0.000" /><testcase classname="tests.test_fx_service.TestFxServiceHelpers" name="test_parse_timestamp_none" time="0.000" /><testcase classname="tests.test_fx_service.TestFxServiceHelpers" name="test_parse_timestamp_just_z" time="0.000" /><testcase classname="tests.test_fx_service.TestFxServiceHelpers" name="test_parse_timestamp_empty_string" time="0.000" /><testcase classname="tests.test_fx_service.TestFxInMemoryCache" name="test_memory_cache_hit" time="0.002" /><testcase classname="tests.test_fx_service.TestFxInMemoryCache" name="test_memory_cache_primes_from_db" time="0.002" /><testcase classname="tests.test_fx_service.TestFxInMemoryCache" name="test_memory_cache_expiry" time="0.002" /><testcase classname="tests.test_fx_service.TestFxServiceFallback" name="test_fallback_for_known_pair" time="0.002" /><testcase classname="tests.test_fx_service.TestFxServiceFallback" name="test_fallback_inverted" time="0.002" /><testcase classname="tests.test_fx_service.TestFxServiceFallback" name="test_no_fallback_for_obscure_pair" time="0.002" /><testcase classname="tests.test_fx_service.TestFxServiceFallback" name="test_fallback_gbp_usd" time="0.002" /><testcase classname="tests.test_fx_service.TestFxServiceFallback" name="test_fallback_respects_case" time="0.002" /><testcase classname="tests.test_fx_service.TestFetchAndCacheRates" name="test_fetch_and_cache_returns_count" time="0.005" /><testcase classname="tests.test_fx_service.TestFetchAndCacheRates" name="test_fetch_and_cache_default_currencies" time="0.008" /><testcase classname="tests.test_fx_service.TestFetchAndCacheRates" name="test_fetch_and_cache_with_empty_list" time="0.002" /><testcase classname="tests.test_fx_service.TestFetchAndCacheRates" name="test_fetch_and_cache_stores_to_memory" time="0.004" /><testcase classname="tests.test_fx_service.TestFetchLatestRates" name="test_returns_dict_for_given_pairs" time="0.003" /><testcase classname="tests.test_fx_service.TestFetchLatestRates" name="test_omits_unresolvable_pairs" time="0.003" /><testcase classname="tests.test_fx_service.TestFetchLatestRates" name="test_returns_empty_dict_for_empty_list" time="0.002" /><testcase classname="tests.test_fx_service.TestFetchLatestRates" name="test_normalises_currency_case" time="0.002" /><testcase classname="tests.test_fx_service.TestFxServiceThreadSafety" name="test_cache_lock_is_asyncio_lock" time="0.002" /><testcase classname="tests.test_fx_service.TestFxServiceThreadSafety" name="test_concurrent_cache_access" time="0.002" /><testcase classname="tests.test_fx_service.TestConvertCurrency" name="test_identity" time="0.001" /><testcase classname="tests.test_fx_service.TestConvertCurrency" name="test_successful_conversion" time="0.002" /><testcase classname="tests.test_fx_service.TestConvertCurrency" name="test_fallback_rate_used" time="0.002" /><testcase classname="tests.test_fx_service.TestConvertCurrency" name="test_missing_rate_raises" time="0.002" /><testcase classname="tests.test_fx_service.TestConvertCurrency" name="test_inverted_rate" time="0.002" /><testcase classname="tests.test_fx_service.TestConvertCurrency" name="test_preserves_quantization" time="0.002" /><testcase classname="tests.test_fx_service.TestConvertCurrency" name="test_negative_amount" time="0.002" /><testcase classname="tests.test_fx_service.TestFxServiceConvertWithTimestamp" name="test_convert_with_at_timestamp_historical" time="0.002" /><testcase classname="tests.test_fx_service.TestFxServiceConvertWithTimestamp" name="test_convert_with_timestamp_no_data_returns_none" time="0.002" /><testcase classname="tests.test_fx_service.TestFxServiceConvertWithTimestamp" name="test_get_rates_for_base_with_timestamp" time="0.002" /><testcase classname="tests.test_fx_service.TestFxServiceCaseInsensitivity" name="test_get_rate_lowercase_fallback" time="0.002" /><testcase classname="tests.test_fx_service.TestFxServiceCaseInsensitivity" name="test_get_rate_mixed_case" time="0.002" /><testcase classname="tests.test_fx_service.TestFxServiceGetFallbackRate" name="test_known_pair" time="0.001" /><testcase classname="tests.test_fx_service.TestFxServiceGetFallbackRate" name="test_known_pair_lowercase" time="0.001" /><testcase classname="tests.test_fx_service.TestFxServiceGetFallbackRate" name="test_unknown_pair" time="0.001" /><testcase classname="tests.test_fx_service.TestFxServiceGetFallbackRate" name="test_non_standard_known_pair" time="0.001" /><testcase classname="tests.test_github_issue_service.TestCreateIssue" name="test_success" time="0.001" /><testcase classname="tests.test_github_issue_service.TestCreateIssue" name="test_success_without_labels" time="0.001" /><testcase classname="tests.test_github_issue_service.TestCreateIssue" name="test_auth_error[401-authentication]" time="0.001" /><testcase classname="tests.test_github_issue_service.TestCreateIssue" name="test_auth_error[403-authentication]" time="0.001" /><testcase classname="tests.test_github_issue_service.TestCreateIssue" name="test_rate_limit[429-headers0]" time="0.001" /><testcase classname="tests.test_github_issue_service.TestCreateIssue" name="test_rate_limit[403-headers1]" time="0.001" /><testcase classname="tests.test_github_issue_service.TestCreateIssue" name="test_not_found" time="0.001" /><testcase classname="tests.test_github_issue_service.TestCreateIssue" name="test_validation_error" time="0.001" /><testcase classname="tests.test_github_issue_service.TestCreateIssue" name="test_validation_error_no_errors_field" time="0.001" /><testcase classname="tests.test_github_issue_service.TestCreateIssue" name="test_server_error[500]" time="0.002" /><testcase classname="tests.test_github_issue_service.TestCreateIssue" name="test_server_error[502]" time="0.001" /><testcase classname="tests.test_github_issue_service.TestCreateIssue" name="test_server_error[503]" time="0.001" /><testcase classname="tests.test_github_issue_service.TestCreateIssue" name="test_timeout" time="0.001" /><testcase classname="tests.test_github_issue_service.TestCreateIssue" name="test_network_error" time="0.001" /><testcase classname="tests.test_github_issue_service.TestCreateIssue" name="test_no_injected_client_uses_short_lived" time="0.128" /><testcase classname="tests.test_github_issue_service.TestCreateIssue" name="test_do_post_handles_unexpected_error" time="0.002" /><testcase classname="tests.test_main" name="test_main_import" time="0.128" /><testcase classname="tests.test_main" name="test_main_app_is_callable" time="0.000" /><testcase classname="tests.test_mcp_integration.TestMCPResourcesCompleteness" name="test_resource_count" time="0.243" /><testcase classname="tests.test_mcp_integration.TestMCPResourcesCompleteness" name="test_resource_accounts" time="0.000" /><testcase classname="tests.test_mcp_integration.TestMCPResourcesCompleteness" name="test_resource_portfolio" time="0.000" /><testcase classname="tests.test_mcp_integration.TestMCPResourcesCompleteness" name="test_resource_transactions" time="0.000" /><testcase classname="tests.test_mcp_integration.TestMCPResourcesCompleteness" name="test_resource_net_worth" time="0.000" /><testcase classname="tests.test_mcp_integration.TestMCPResourcesCompleteness" name="test_resource_account_detail" time="0.000" /><testcase classname="tests.test_mcp_integration.TestMCPResourcesCompleteness" name="test_resource_account_transactions" time="0.000" /><testcase classname="tests.test_mcp_integration.TestMCPResourcesCompleteness" name="test_resource_portfolio_history" time="0.000" /><testcase classname="tests.test_mcp_integration.TestMCPResourcesCompleteness" name="test_resource_net_worth_history" time="0.000" /><testcase classname="tests.test_mcp_integration.TestMCPToolsCompleteness" name="test_tool_count" time="0.000" /><testcase classname="tests.test_mcp_integration.TestMCPToolsCompleteness" name="test_tool_run_sync" time="0.000" /><testcase classname="tests.test_mcp_integration.TestMCPToolsCompleteness" name="test_tool_get_summary" time="0.000" /><testcase classname="tests.test_mcp_integration.TestMCPToolsCompleteness" name="test_tool_resolve_security" time="0.000" /><testcase classname="tests.test_mcp_integration.TestMCPToolsCompleteness" name="test_tool_get_daily_briefing" time="0.000" /><testcase classname="tests.test_mcp_integration.TestMCPToolsCompleteness" name="test_tool_get_subscriptions" time="0.000" /><testcase classname="tests.test_mcp_integration.TestMCPToolsCompleteness" name="test_tool_get_performance" time="0.000" /><testcase classname="tests.test_mcp_integration.TestMCPToolsCompleteness" name="test_tool_get_allocation" time="0.000" /><testcase classname="tests.test_mcp_integration.TestMCPToolsCompleteness" name="test_tool_get_cashflow" time="0.000" /><testcase classname="tests.test_mcp_integration.TestMCPToolsCompleteness" name="test_tool_list_sync_runs" time="0.000" /><testcase classname="tests.test_mcp_integration.TestMCPServerHelpers" name="test_serialise_with_datetime" time="0.000" /><testcase classname="tests.test_mcp_integration.TestMCPServerHelpers" name="test_serialise_with_nested_models" time="0.000" /><testcase classname="tests.test_mcp_integration.TestMCPServerInstantiation" name="test_sse_app_factory" time="0.002" /><testcase classname="tests.test_mcp_integration.TestMCPServerInstantiation" name="test_module_app_is_sse_app" time="0.000" /><testcase classname="tests.test_mcp_integration.TestMCPServerInstantiation" name="test_mcp_settings" time="0.000" /><testcase classname="tests.test_mcp_integration.TestMCPServerMain" name="test_main_import" time="0.001" /><testcase classname="tests.test_mcp_integration.TestMCPResourceHandlers" name="test_account_detail_handler_is_callable" time="0.000" /><testcase classname="tests.test_mcp_integration.TestMCPResourceHandlers" name="test_portfolio_history_handler_is_callable" time="0.000" /><testcase classname="tests.test_mcp_integration.TestMCPToolHandlers" name="test_get_daily_briefing_handler" time="0.000" /><testcase classname="tests.test_mcp_integration.TestMCPToolHandlers" name="test_get_subscriptions_handler" time="0.000" /><testcase classname="tests.test_mcp_integration.TestMCPToolHandlers" name="test_get_performance_handler" time="0.000" /><testcase classname="tests.test_mcp_integration.TestMCPToolHandlers" name="test_get_allocation_handler" time="0.000" /><testcase classname="tests.test_mcp_integration.TestMCPToolHandlers" name="test_get_cashflow_handler" time="0.000" /><testcase classname="tests.test_mcp_integration.TestMCPToolHandlers" name="test_list_sync_runs_handler" time="0.000" /><testcase classname="tests.test_mcp_server.TestMCPModule" name="test_import_server" time="0.000" /><testcase classname="tests.test_mcp_server.TestMCPModule" name="test_import_auth" time="0.000" /><testcase classname="tests.test_mcp_server.TestMCPModule" name="test_server_has_expected_objects" time="0.000" /><testcase classname="tests.test_mcp_server.TestMCPModule" name="test_auth_has_expected_exports" time="0.000" /><testcase classname="tests.test_mcp_server.TestMCPResources" name="test_resource_count" time="0.000" /><testcase classname="tests.test_mcp_server.TestMCPResources" name="test_resource_metadata" time="0.000" /><testcase classname="tests.test_mcp_server.TestMCPTools" name="test_tool_count" time="0.000" /><testcase classname="tests.test_mcp_server.TestMCPTools" name="test_tool_input_schemas" time="0.000" /><testcase classname="tests.test_mcp_server.TestMCPAuthContext" name="test_create" time="0.000" /><testcase classname="tests.test_mcp_server.TestGetMCPAuthContext" name="test_get_without_set_raises" time="0.001" /><testcase classname="tests.test_mcp_server.TestGetMCPAuthContext" name="test_get_after_set" time="0.000" /><testcase classname="tests.test_mcp_server.TestGetMCPAuthContext" name="test_get_after_reset" time="0.000" /><testcase classname="tests.test_mcp_server.TestMCPAuthMiddleware" name="test_non_http_passthrough" time="0.002" /><testcase classname="tests.test_mcp_server.TestMCPAuthMiddleware" name="test_valid_jwt" time="0.002" /><testcase classname="tests.test_mcp_server.TestMCPAuthMiddleware" name="test_invalid_jwt_falls_through" time="0.002" /><testcase classname="tests.test_mcp_server.TestMCPAuthMiddleware" name="test_valid_api_key" time="0.003" /><testcase classname="tests.test_mcp_server.TestMCPAuthMiddleware" name="test_query_param_jwt" time="0.002" /><testcase classname="tests.test_mcp_server.TestMCPAuthMiddleware" name="test_no_auth_returns_401" time="0.002" /><testcase classname="tests.test_mcp_server.TestSerialise" name="test_serialise_dict" time="0.000" /><testcase classname="tests.test_mcp_server.TestSerialise" name="test_serialise_with_decimal" time="0.000" /><testcase classname="tests.test_merchant_classifier.TestMerchantNameNormalisation" name="test_strips_bv_suffix" time="0.000" /><testcase classname="tests.test_merchant_classifier.TestMerchantNameNormalisation" name="test_strips_inc_suffix" time="0.000" /><testcase classname="tests.test_merchant_classifier.TestMerchantNameNormalisation" name="test_strips_corp" time="0.000" /><testcase classname="tests.test_merchant_classifier.TestMerchantNameNormalisation" name="test_strips_llc" time="0.000" /><testcase classname="tests.test_merchant_classifier.TestMerchantNameNormalisation" name="test_strips_ltd" time="0.000" /><testcase classname="tests.test_merchant_classifier.TestMerchantNameNormalisation" name="test_strips_group" time="0.000" /><testcase classname="tests.test_merchant_classifier.TestMerchantNameNormalisation" name="test_strips_technologies" time="0.000" /><testcase classname="tests.test_merchant_classifier.TestMerchantNameNormalisation" name="test_strips_nv_suffix" time="0.000" /><testcase classname="tests.test_merchant_classifier.TestMerchantNameNormalisation" name="test_strips_gmbh" time="0.000" /><testcase classname="tests.test_merchant_classifier.TestMerchantNameNormalisation" name="test_case_insensitive" time="0.000" /><testcase classname="tests.test_merchant_classifier.TestMerchantNameNormalisation" name="test_already_clean_name" time="0.000" /><testcase classname="tests.test_merchant_classifier.TestMerchantNameNormalisation" name="test_strips_plc" time="0.000" /><testcase classname="tests.test_merchant_classifier.TestMerchantNameNormalisation" name="test_multi_word_suffix_strip" time="0.000" /><testcase classname="tests.test_merchant_classifier.TestMerchantResolution" name="test_netflix_resolved" time="0.000" /><testcase classname="tests.test_merchant_classifier.TestMerchantResolution" name="test_spotify_resolved" time="0.000" /><testcase classname="tests.test_merchant_classifier.TestMerchantResolution" name="test_microsoft_365_resolved" time="0.000" /><testcase classname="tests.test_merchant_classifier.TestMerchantResolution" name="test_google_workspace_resolved" time="0.000" /><testcase classname="tests.test_merchant_classifier.TestMerchantResolution" name="test_github_resolved" time="0.000" /><testcase classname="tests.test_merchant_classifier.TestMerchantResolution" name="test_dropbox_resolved" time="0.000" /><testcase classname="tests.test_merchant_classifier.TestMerchantResolution" name="test_icloud_resolved" time="0.000" /><testcase classname="tests.test_merchant_classifier.TestMerchantResolution" name="test_amazon_prime_resolved" time="0.000" /><testcase classname="tests.test_merchant_classifier.TestMerchantResolution" name="test_peloton_resolved" time="0.000" /><testcase classname="tests.test_merchant_classifier.TestMerchantResolution" name="test_unknown_merchant" time="0.000" /><testcase classname="tests.test_merchant_classifier.TestMerchantResolution" name="test_partial_match_prefix" time="0.000" /><testcase classname="tests.test_merchant_classifier.TestMerchantResolution" name="test_partial_match_microsoft_corp" time="0.000" /><testcase classname="tests.test_merchant_classifier.TestMerchantResolution" name="test_private_company" time="0.000" /><testcase classname="tests.test_merchant_classifier.TestMerchantResolution" name="test_dutch_insurer" time="0.000" /><testcase classname="tests.test_merchant_classifier.TestMerchantResolution" name="test_ziggo_resolved" time="0.000" /><testcase classname="tests.test_merchant_classifier.TestMerchantResolution" name="test_all_known_merchants_have_sector" time="0.000" /><testcase classname="tests.test_merchant_classifier.TestSectorLikelihood" name="test_technology_is_high" time="0.000" /><testcase classname="tests.test_merchant_classifier.TestSectorLikelihood" name="test_communication_services_is_high" time="0.000" /><testcase classname="tests.test_merchant_classifier.TestSectorLikelihood" name="test_consumer_discretionary_is_high" time="0.000" /><testcase classname="tests.test_merchant_classifier.TestSectorLikelihood" name="test_financials_is_medium" time="0.000" /><testcase classname="tests.test_merchant_classifier.TestSectorLikelihood" name="test_utilities_is_medium" time="0.000" /><testcase classname="tests.test_merchant_classifier.TestSectorLikelihood" name="test_health_care_is_medium" time="0.000" /><testcase classname="tests.test_merchant_classifier.TestSectorLikelihood" name="test_energy_is_low" time="0.000" /><testcase classname="tests.test_merchant_classifier.TestSectorLikelihood" name="test_industrials_is_low" time="0.000" /><testcase classname="tests.test_merchant_classifier.TestSectorLikelihood" name="test_materials_is_low" time="0.000" /><testcase classname="tests.test_merchant_classifier.TestSectorLikelihood" name="test_real_estate_is_low" time="0.000" /><testcase classname="tests.test_merchant_classifier.TestSectorLikelihood" name="test_consumer_staples_is_medium" time="0.000" /><testcase classname="tests.test_merchant_classifier.TestSectorLikelihood" name="test_none_sector_defaults_to_medium" time="0.000" /><testcase classname="tests.test_merchant_classifier.TestSectorLikelihood" name="test_unknown_sector_defaults_to_medium" time="0.000" /><testcase classname="tests.test_merchant_classifier.TestSectorLikelihood" name="test_all_sectors_covered" time="0.000" /><testcase classname="tests.test_merchant_classifier.TestCategoryToSector" name="test_streaming_to_communication_services" time="0.000" /><testcase classname="tests.test_merchant_classifier.TestCategoryToSector" name="test_software_to_technology" time="0.000" /><testcase classname="tests.test_merchant_classifier.TestCategoryToSector" name="test_utilities_category_to_utilities" time="0.000" /><testcase classname="tests.test_merchant_classifier.TestCategoryToSector" name="test_fitness_to_consumer_discretionary" time="0.000" /><testcase classname="tests.test_merchant_classifier.TestCategoryToSector" name="test_insurance_to_financials" time="0.000" /><testcase classname="tests.test_merchant_classifier.TestCategoryToSector" name="test_news_media_to_communication_services" time="0.000" /><testcase classname="tests.test_merchant_classifier.TestCategoryToSector" name="test_donations_to_technology" time="0.000" /><testcase classname="tests.test_merchant_classifier.TestCategoryToSector" name="test_cloud_storage_to_technology" time="0.000" /><testcase classname="tests.test_merchant_classifier.TestCategoryToSector" name="test_none_category" time="0.000" /><testcase classname="tests.test_merchant_classifier.TestCategoryToSector" name="test_unknown_category" time="0.000" /><testcase classname="tests.test_merchant_classifier.TestCategoryToSector" name="test_all_categories_mapped" time="0.000" /><testcase classname="tests.test_merchant_classifier.TestFundamentalsAdjustment" name="test_high_dividend_downgrades_high_to_medium" time="0.000" /><testcase classname="tests.test_merchant_classifier.TestFundamentalsAdjustment" name="test_high_pe_upgrades_medium_to_high" time="0.000" /><testcase classname="tests.test_merchant_classifier.TestFundamentalsAdjustment" name="test_no_change_for_low_likelihood" time="0.000" /><testcase classname="tests.test_merchant_classifier.TestFundamentalsAdjustment" name="test_high_dividend_cancels_pe_upgrade" time="0.000" /><testcase classname="tests.test_merchant_classifier.TestFundamentalsAdjustment" name="test_no_fundamentals_no_change" time="0.000" /><testcase classname="tests.test_merchant_classifier.TestFundamentalsAdjustment" name="test_no_change_for_medium_no_signals" time="0.000" /><testcase classname="tests.test_merchant_classifier.TestFundamentalsAdjustment" name="test_very_high_dividend_downgrades_high" time="0.000" /><testcase classname="tests.test_merchant_classifier.TestFundamentalsAdjustment" name="test_edge_case_just_below_threshold" time="0.000" /><testcase classname="tests.test_merchant_classifier.TestFundamentalsAdjustment" name="test_high_pe_with_low_dividend_upgrades" time="0.000" /><testcase classname="tests.test_merchant_classifier.TestFundamentalsAdjustment" name="test_dividend_just_above_three_pct_blocks_pe_upgrade" time="0.000" /><testcase classname="tests.test_merchant_classifier.TestMerchantClassification" name="test_default_values" time="0.000" /><testcase classname="tests.test_merchant_classifier.TestMerchantClassification" name="test_high_likelihood_score" time="0.000" /><testcase classname="tests.test_merchant_classifier.TestMerchantClassification" name="test_medium_likelihood_score" time="0.000" /><testcase classname="tests.test_merchant_classifier.TestMerchantClassification" name="test_low_likelihood_score" time="0.000" /><testcase classname="tests.test_merchant_classifier.TestMerchantClassification" name="test_full_classification" time="0.000" /><testcase classname="tests.test_merchant_classifier.TestMerchantClassification" name="test_repr" time="0.000" /><testcase classname="tests.test_merchant_classifier.TestMerchantClassifier" name="test_classify_known_merchant" time="0.001" /><testcase classname="tests.test_merchant_classifier.TestMerchantClassifier" name="test_classify_known_merchant_with_category" time="0.001" /><testcase classname="tests.test_merchant_classifier.TestMerchantClassifier" name="test_classify_unknown_with_category_fallback" time="0.001" /><testcase classname="tests.test_merchant_classifier.TestMerchantClassifier" name="test_classify_unknown_merchant" time="0.001" /><testcase classname="tests.test_merchant_classifier.TestMerchantClassifier" name="test_classify_private_company" time="0.001" /><testcase classname="tests.test_merchant_classifier.TestMerchantClassifier" name="test_classify_batch" time="0.001" /><testcase classname="tests.test_merchant_classifier.TestMerchantClassifier" name="test_classify_batch_empty" time="0.001" /><testcase classname="tests.test_merchant_classifier.TestMerchantClassifier" name="test_dutch_insurer_classification" time="0.001" /><testcase classname="tests.test_merchant_classifier.TestMerchantClassifier" name="test_dutch_utility_classification" time="0.001" /><testcase classname="tests.test_merchant_classifier.TestMerchantClassifier" name="test_insurance_company" time="0.001" /><testcase classname="tests.test_merchant_classifier.TestMerchantClassifier" name="test_telco_with_category" time="0.001" /><testcase classname="tests.test_merchant_classifier_extras.TestMerchantClassifierFundamentals" name="test_classify_with_fundamentals_enriches_result" time="0.002" /><testcase classname="tests.test_merchant_classifier_extras.TestMerchantClassifierFundamentals" name="test_classify_with_fundamentals_no_uow" time="0.001" /><testcase classname="tests.test_merchant_classifier_extras.TestMerchantClassifierFundamentals" name="test_classify_with_fundamentals_skipped_when_no_ticker" time="0.002" /><testcase classname="tests.test_merchant_classifier_extras.TestMerchantClassifierFundamentals" name="test_classify_with_fundamentals_no_security_found" time="0.003" /><testcase classname="tests.test_merchant_classifier_extras.TestMerchantClassifierFundamentals" name="test_classify_with_fundamentals_exception_handled" time="0.003" /><testcase classname="tests.test_merchant_classifier_extras.TestMerchantClassifierFundamentals" name="test_resolve_security_with_fundamentals_db_exception" time="0.002" /><testcase classname="tests.test_merchant_classifier_extras.TestMerchantClassifierFundamentals" name="test_classify_batch_skips_empty_name" time="0.002" /><testcase classname="tests.test_merchant_classifier_extras.TestMerchantClassifierFundamentals" name="test_find_security_by_ticker" time="0.002" /><testcase classname="tests.test_merchant_classifier_extras.TestMerchantClassifierFundamentals" name="test_find_security_by_ticker_no_uow" time="0.001" /><testcase classname="tests.test_merchant_classifier_extras.TestMerchantClassifierFundamentals" name="test_find_latest_fundamentals" time="0.003" /><testcase classname="tests.test_merchant_classifier_extras.TestMerchantClassifierFundamentals" name="test_find_latest_fundamentals_no_result" time="0.003" /><testcase classname="tests.test_merchant_classifier_extras.TestMerchantClassifierFundamentals" name="test_find_latest_fundamentals_no_uow" time="0.001" /><testcase classname="tests.test_merchant_classifier_extras.TestMerchantClassifierFundamentals" name="test_resolve_security_with_fundamentals_no_uow" time="0.001" /><testcase classname="tests.test_merchant_classifier_extras.TestMerchantClassifierFundamentals" name="test_high_pe_boosts_likelihood" time="0.001" /><testcase classname="tests.test_merchant_classifier_extras.TestMerchantClassifierFundamentals" name="test_get_sector_likelihood_consumer_staples" time="0.000" /><testcase classname="tests.test_merchant_classifier_standalone.TestMerchantClass" name="test_default_values" time="0.000" /><testcase classname="tests.test_merchant_classifier_standalone.TestMerchantClass" name="test_full_initialisation" time="0.000" /><testcase classname="tests.test_merchant_classifier_standalone.TestMerchantClass" name="test_frozen_dataclass" time="0.000" /><testcase classname="tests.test_merchant_classifier_standalone.TestMerchantClass" name="test_high_conf_is_subscription" time="0.000" /><testcase classname="tests.test_merchant_classifier_standalone.TestMerchantClass" name="test_low_conf_not_subscription" time="0.000" /><testcase classname="tests.test_merchant_classifier_standalone.TestClassifyMerchantMerchantMap" name="test_netflix_returns_high_confidence" time="0.000" /><testcase classname="tests.test_merchant_classifier_standalone.TestClassifyMerchantMerchantMap" name="test_spotify_returns_high_confidence" time="0.000" /><testcase classname="tests.test_merchant_classifier_standalone.TestClassifyMerchantMerchantMap" name="test_github_resolved_via_msft" time="0.000" /><testcase classname="tests.test_merchant_classifier_standalone.TestClassifyMerchantMerchantMap" name="test_icloud_resolved_via_aapl" time="0.000" /><testcase classname="tests.test_merchant_classifier_standalone.TestClassifyMerchantMerchantMap" name="test_private_company_no_ticker" time="0.000" /><testcase classname="tests.test_merchant_classifier_standalone.TestClassifyMerchantMerchantMap" name="test_already_normalised_name" time="0.000" /><testcase classname="tests.test_merchant_classifier_standalone.TestClassifyMerchantMerchantMap" name="test_description_with_extra_metadata" time="0.000" /><testcase classname="tests.test_merchant_classifier_standalone.TestClassifyMerchantMerchantMap" name="test_category_is_ignored_when_map_hits" time="0.000" /><testcase classname="tests.test_merchant_classifier_standalone.TestClassifyMerchantCategoryMap" name="test_unknown_merchant_with_streaming_category" time="0.000" /><testcase classname="tests.test_merchant_classifier_standalone.TestClassifyMerchantCategoryMap" name="test_unknown_with_software_category" time="0.000" /><testcase classname="tests.test_merchant_classifier_standalone.TestClassifyMerchantCategoryMap" name="test_unknown_with_insurance_category" time="0.000" /><testcase classname="tests.test_merchant_classifier_standalone.TestClassifyMerchantCategoryMap" name="test_category_fitness_to_consumer_discretionary" time="0.000" /><testcase classname="tests.test_merchant_classifier_standalone.TestClassifyMerchantCategoryMap" name="test_category_donations_to_technology" time="0.000" /><testcase classname="tests.test_merchant_classifier_standalone.TestClassifyMerchantSectorMap" name="test_unknown_merchant_defaults_medium" time="0.000" /><testcase classname="tests.test_merchant_classifier_standalone.TestClassifyMerchantSectorMap" name="test_empty_merchant_name" time="0.000" /><testcase classname="tests.test_merchant_classifier_standalone.TestClassifyMerchantSectorMap" name="test_none_merchant_name_after_normalisation" time="0.000" /><testcase classname="tests.test_merchant_classifier_standalone.TestClassifyMerchantSectorMap" name="test_unknown_merchant_with_unknown_category" time="0.000" /><testcase classname="tests.test_merchant_classifier_standalone.TestClassifyMerchantFundamentals" name="test_high_pe_upgrades_medium_to_high" time="0.000" /><testcase classname="tests.test_merchant_classifier_standalone.TestClassifyMerchantFundamentals" name="test_high_dividend_downgrades" time="0.000" /><testcase classname="tests.test_merchant_classifier_standalone.TestClassifyMerchantFundamentals" name="test_no_fundamentals_no_change" time="0.000" /><testcase classname="tests.test_merchant_classifier_standalone.TestLikelihoodToConfidence" name="test_high_returns_0_85" time="0.000" /><testcase classname="tests.test_merchant_classifier_standalone.TestLikelihoodToConfidence" name="test_medium_returns_0_60" time="0.000" /><testcase classname="tests.test_merchant_classifier_standalone.TestLikelihoodToConfidence" name="test_low_returns_0_30" time="0.000" /><testcase classname="tests.test_merchant_classifier_standalone.TestLikelihoodToConfidence" name="test_unknown_returns_default_0_30" time="0.000" /><testcase classname="tests.test_merchant_classifier_standalone.TestLikelihoodToConfidence" name="test_none_returns_default_0_30" time="0.000" /><testcase classname="tests.test_merchant_classifier_standalone.TestNormaliseMerchantName" name="test_strips_bv_suffix" time="0.000" /><testcase classname="tests.test_merchant_classifier_standalone.TestNormaliseMerchantName" name="test_strips_ltd" time="0.000" /><testcase classname="tests.test_merchant_classifier_standalone.TestNormaliseMerchantName" name="test_case_insensitive" time="0.000" /><testcase classname="tests.test_merchant_classifier_standalone.TestNormaliseMerchantName" name="test_already_clean" time="0.000" /><testcase classname="tests.test_merchant_classifier_standalone.TestResolveTicker" name="test_known_merchant_returns_ticker" time="0.000" /><testcase classname="tests.test_merchant_classifier_standalone.TestResolveTicker" name="test_spotify_returns_ticker" time="0.000" /><testcase classname="tests.test_merchant_classifier_standalone.TestResolveTicker" name="test_private_company_returns_none" time="0.000" /><testcase classname="tests.test_merchant_classifier_standalone.TestResolveTicker" name="test_unknown_merchant_returns_none" time="0.000" /><testcase classname="tests.test_merchant_classifier_standalone.TestResolveTicker" name="test_empty_name_returns_none" time="0.000" /><testcase classname="tests.test_merchant_classifier_standalone.TestSectorSubscriptionLikelihood" name="test_technology_is_high" time="0.000" /><testcase classname="tests.test_merchant_classifier_standalone.TestSectorSubscriptionLikelihood" name="test_communication_services_is_high" time="0.000" /><testcase classname="tests.test_merchant_classifier_standalone.TestSectorSubscriptionLikelihood" name="test_energy_is_low" time="0.000" /><testcase classname="tests.test_merchant_classifier_standalone.TestSectorSubscriptionLikelihood" name="test_unknown_sector_returns_medium" time="0.000" /><testcase classname="tests.test_merchant_classifier_standalone.TestSectorSubscriptionLikelihood" name="test_none_sector_returns_medium" time="0.000" /><testcase classname="tests.test_merchant_classifier_standalone.TestClassificationFromDb" name="test_likelihood_mapping[high-0.85-True]" time="0.000" /><testcase classname="tests.test_merchant_classifier_standalone.TestClassificationFromDb" name="test_likelihood_mapping[medium-0.6-True]" time="0.000" /><testcase classname="tests.test_merchant_classifier_standalone.TestClassificationFromDb" name="test_likelihood_mapping[low-0.3-False]" time="0.000" /><testcase classname="tests.test_merchant_classifier_standalone.TestClassificationFromDb" name="test_security_id_sets_fundamentals_available" time="0.000" /><testcase classname="tests.test_merchant_classifier_standalone.TestClassificationFromDb" name="test_default_likelihood_is_medium" time="0.000" /><testcase classname="tests.test_models.TestTenantModel" name="test_instantiate" time="0.000" /><testcase classname="tests.test_models.TestTenantModel" name="test_repr_contains_slug" time="0.000" /><testcase classname="tests.test_models.TestUserModel" name="test_instantiate" time="0.000" /><testcase classname="tests.test_models.TestUserModel" name="test_repr" time="0.000" /><testcase classname="tests.test_models.TestAccountModel" name="test_instantiate" time="0.000" /><testcase classname="tests.test_models.TestAccountModel" name="test_with_metadata" time="0.000" /><testcase classname="tests.test_models.TestAccountModel" name="test_repr" time="0.000" /><testcase classname="tests.test_models.TestSecurityModel" name="test_instantiate" time="0.000" /><testcase classname="tests.test_models.TestSecurityModel" name="test_repr" time="0.000" /><testcase classname="tests.test_models.TestSecurityListingModel" name="test_instantiate" time="0.000" /><testcase classname="tests.test_models.TestSecurityListingModel" name="test_repr" time="0.000" /><testcase classname="tests.test_models.TestTransactionModel" name="test_instantiate" time="0.000" /><testcase classname="tests.test_models.TestTransactionModel" name="test_repr" time="0.000" /><testcase classname="tests.test_models.TestHoldingModel" name="test_instantiate" time="0.000" /><testcase classname="tests.test_models.TestHoldingModel" name="test_repr" time="0.000" /><testcase classname="tests.test_models.TestBalanceModel" name="test_instantiate" time="0.000" /><testcase classname="tests.test_models.TestBalanceModel" name="test_repr" time="0.000" /><testcase classname="tests.test_models.TestOutboxMessageModel" name="test_instantiate" time="0.000" /><testcase classname="tests.test_models.TestOutboxMessageModel" name="test_default_status" time="0.000" /><testcase classname="tests.test_models.TestOutboxMessageModel" name="test_repr" time="0.000" /><testcase classname="tests.test_models.TestSyncRunModel" name="test_instantiate" time="0.000" /><testcase classname="tests.test_models.TestSyncRunModel" name="test_completed" time="0.000" /><testcase classname="tests.test_models.TestSyncRunModel" name="test_repr" time="0.000" /><testcase classname="tests.test_observability_health.TestHealthEndpoint" name="test_health_returns_200" time="0.186" /><testcase classname="tests.test_observability_health.TestHealthEndpoint" name="test_health_has_expected_structure" time="0.120" /><testcase classname="tests.test_observability_health.TestHealthEndpoint" name="test_health_components_report_not_configured_when_no_db" time="0.125" /><testcase classname="tests.test_observability_health.TestHealthEndpoint" name="test_health_uptime_increases" time="0.125" /><testcase classname="tests.test_observability_health.TestReadinessProbe" name="test_readiness_returns_200" time="0.120" /><testcase classname="tests.test_observability_health.TestReadinessProbe" name="test_readiness_accepts_not_configured" time="0.196" /><testcase classname="tests.test_observability_health.TestReadinessProbe" name="test_readiness_has_components" time="0.120" /><testcase classname="tests.test_observability_health.TestLivenessProbe" name="test_liveness_returns_200" time="0.124" /><testcase classname="tests.test_observability_health.TestLivenessProbe" name="test_liveness_returns_ok" time="0.117" /><testcase classname="tests.test_observability_health.TestHealthContentType" name="test_content_type_json[/health]" time="0.115" /><testcase classname="tests.test_observability_health.TestHealthContentType" name="test_content_type_json[/health/ready]" time="0.121" /><testcase classname="tests.test_observability_health.TestHealthContentType" name="test_content_type_json[/health/live]" time="0.215" /><testcase classname="tests.test_observability_logging.TestConfigureLogging" name="test_default_config_does_not_raise" time="0.001" /><testcase classname="tests.test_observability_logging.TestConfigureLogging" name="test_json_config_does_not_raise" time="0.001" /><testcase classname="tests.test_observability_logging.TestConfigureLogging" name="test_log_level_is_set" time="0.001" /><testcase classname="tests.test_observability_logging.TestConfigureLogging" name="test_root_logger_has_structlog_formatter" time="0.001" /><testcase classname="tests.test_observability_logging.TestConfigureLogging" name="test_multiple_calls_replace_handlers" time="0.001" /><testcase classname="tests.test_observability_logging.TestRequestLogMiddleware" name="test_middleware_is_creatable" time="0.000" /><testcase classname="tests.test_observability_logging.TestRequestLogMiddleware" name="test_middleware_handles_non_http_scopes" time="0.001" /><testcase classname="tests.test_observability_metrics.TestMetricsEndpoint" name="test_metrics_returns_200" time="0.131" /><testcase classname="tests.test_observability_metrics.TestMetricsEndpoint" name="test_metrics_content_type" time="0.132" /><testcase classname="tests.test_observability_metrics.TestMetricsEndpoint" name="test_metrics_contains_expected_entries" time="0.130" /><testcase classname="tests.test_observability_metrics.TestMetricsEndpoint" name="test_metrics_db_pool_gauges" time="0.215" /><testcase classname="tests.test_observability_metrics.TestMetricsEndpoint" name="test_request_records_metrics" time="0.129" /><testcase classname="tests.test_observability_metrics.TestMetricsEndpoint" name="test_health_endpoint_does_not_increment_metrics" time="0.140" /><testcase classname="tests.test_openbb_fx_provider.TestDegradedMode" name="test_get_latest_rate_raises_auth_error" time="0.002" /><testcase classname="tests.test_openbb_fx_provider.TestDegradedMode" name="test_degraded_flag" time="0.001" /><testcase classname="tests.test_openbb_fx_provider.TestDegradedMode" name="test_close_idempotent" time="0.001" /><testcase classname="tests.test_openbb_fx_provider.TestSuccessfulFetch" name="test_get_latest_rate_returns_decimal" time="0.002" /><testcase classname="tests.test_openbb_fx_provider.TestSuccessfulFetch" name="test_get_latest_rate_uppercases_currencies" time="0.002" /><testcase classname="tests.test_openbb_fx_provider.TestSuccessfulFetch" name="test_get_latest_rate_with_rate_string" time="0.002" /><testcase classname="tests.test_openbb_fx_provider.TestSuccessfulFetch" name="test_get_latest_rate_http_client_lazy_init" time="0.002" /><testcase classname="tests.test_openbb_fx_provider.TestSuccessfulFetch" name="test_get_latest_rate_strips_whitespace" time="0.001" /><testcase classname="tests.test_openbb_fx_provider.TestErrorHandling" name="test_401_raises_auth_error" time="0.002" /><testcase classname="tests.test_openbb_fx_provider.TestErrorHandling" name="test_403_raises_auth_error" time="0.001" /><testcase classname="tests.test_openbb_fx_provider.TestErrorHandling" name="test_404_raises_not_found_error" time="0.001" /><testcase classname="tests.test_openbb_fx_provider.TestErrorHandling" name="test_429_raises_rate_limit_error" time="0.002" /><testcase classname="tests.test_openbb_fx_provider.TestErrorHandling" name="test_500_raises_generic_error" time="0.002" /><testcase classname="tests.test_openbb_fx_provider.TestErrorHandling" name="test_timeout_raises_timeout_error" time="0.002" /><testcase classname="tests.test_openbb_fx_provider.TestErrorHandling" name="test_network_error_raises_generic_error" time="0.002" /><testcase classname="tests.test_openbb_fx_provider.TestErrorHandling" name="test_invalid_json_raises_invalid_response" time="0.002" /><testcase classname="tests.test_openbb_fx_provider.TestErrorHandling" name="test_missing_rate_field_raises_invalid_response" time="0.002" /><testcase classname="tests.test_openbb_fx_provider.TestErrorHandling" name="test_null_rate_raises_invalid_response" time="0.001" /><testcase classname="tests.test_openbb_fx_provider.TestErrorHandling" name="test_non_numeric_rate_raises_invalid_response" time="0.002" /><testcase classname="tests.test_openbb_fx_provider.TestRateLimiting" name="test_rate_limiter_blocks_excess_requests" time="1.003" /><testcase classname="tests.test_openbb_fx_provider.TestRateLimiting" name="test_rate_limiter_disabled_with_zero" time="0.002" /><testcase classname="tests.test_openbb_fx_provider.TestRateLimiting" name="test_rate_limiter_handles_negative_value" time="0.001" /><testcase classname="tests.test_openbb_fx_provider.TestHTTPClientLifecycle" name="test_http_client_property_lazy_init" time="0.004" /><testcase classname="tests.test_openbb_fx_provider.TestHTTPClientLifecycle" name="test_http_client_caching" time="0.004" /><testcase classname="tests.test_openbb_fx_provider.TestHTTPClientLifecycle" name="test_http_client_recreates_after_close" time="0.007" /><testcase classname="tests.test_openbb_fx_provider.TestHTTPClientLifecycle" name="test_close_idempotent_with_client" time="0.001" /><testcase classname="tests.test_openbb_fx_provider.TestHTTPClientLifecycle" name="test_close_no_client" time="0.001" /><testcase classname="tests.test_openbb_fx_provider.TestHeaders" name="test_build_headers_with_api_key" time="0.000" /><testcase classname="tests.test_openbb_fx_provider.TestHeaders" name="test_build_headers_without_api_key" time="0.000" /><testcase classname="tests.test_openbb_fx_provider.TestEdgeCases" name="test_empty_currency_code" time="0.001" /><testcase classname="tests.test_openbb_fx_provider.TestEdgeCases" name="test_special_characters_in_currency" time="0.002" /><testcase classname="tests.test_openbb_fx_provider.TestEdgeCases" name="test_base_url_trailing_slash_stripped" time="0.001" /><testcase classname="tests.test_openbb_fx_provider.TestEdgeCases" name="test_default_base_url" time="0.001" /><testcase classname="tests.test_openbb_fx_provider.TestEdgeCases" name="test_very_small_rate" time="0.001" /><testcase classname="tests.test_openbb_fx_provider.TestEdgeCases" name="test_large_rate_value" time="0.001" /><testcase classname="tests.test_openbb_fx_provider.TestExceptionHierarchy" name="test_auth_error_is_provider_error" time="0.000" /><testcase classname="tests.test_openbb_fx_provider.TestExceptionHierarchy" name="test_rate_limit_error_is_provider_error" time="0.000" /><testcase classname="tests.test_openbb_fx_provider.TestExceptionHierarchy" name="test_not_found_error_is_provider_error" time="0.000" /><testcase classname="tests.test_openbb_fx_provider.TestExceptionHierarchy" name="test_timeout_error_is_provider_error" time="0.000" /><testcase classname="tests.test_openbb_fx_provider.TestExceptionHierarchy" name="test_invalid_response_error_is_provider_error" time="0.000" /><testcase classname="tests.test_outbox.TestOutboxHelpers" name="test_add_outbox_message" time="0.017" /><testcase classname="tests.test_outbox.TestOutboxHelpers" name="test_outbox_entity_created" time="0.009" /><testcase classname="tests.test_outbox.TestOutboxHelpers" name="test_outbox_entity_updated" time="0.008" /><testcase classname="tests.test_outbox.TestOutboxReconciliationCompleted" name="test_outbox_reconciliation_completed" time="0.008" /><testcase classname="tests.test_outbox.TestOutboxReconciliationCompleted" name="test_outbox_reconciliation_completed_minimal" time="0.006" /><testcase classname="tests.test_outbox.TestOutboxPublisherFetch" name="test_fetch_pending_returns_unprocessed" time="0.013" /><testcase classname="tests.test_outbox.TestOutboxPublisherFetch" name="test_fetch_pending_empty" time="0.005" /><testcase classname="tests.test_outbox.TestOutboxPublisherDispatch" name="test_dispatch_calls_handler" time="0.010" /><testcase classname="tests.test_outbox.TestOutboxPublisherDispatch" name="test_dispatch_with_no_handlers" time="0.007" /><testcase classname="tests.test_outbox.TestOutboxPublisherDispatch" name="test_dispatch_handler_error" time="0.010" /><testcase classname="tests.test_outbox.TestOutboxPublisherDispatch" name="test_wildcard_handler" time="0.010" /><testcase classname="tests.test_outbox.TestOutboxIdempotency" name="test_has_been_processed_true" time="0.010" /><testcase classname="tests.test_outbox.TestOutboxIdempotency" name="test_has_been_processed_false" time="0.006" /><testcase classname="tests.test_outbox.TestOutboxIdempotency" name="test_is_duplicate" time="0.007" /><testcase classname="tests.test_outbox.TestOutboxPublisherRunOnce" name="test_run_once_processes_pending" time="0.008" /><testcase classname="tests.test_outbox.TestOutboxPublisherRunOnce" name="test_run_once_empty" time="0.006" /><testcase classname="tests.test_outbox.TestOutboxPublisherRunOnce" name="test_run_once_marks_as_sent" time="0.013" /><testcase classname="tests.test_pattern_clustering.TestDensityCluster1D" name="test_exact_amounts_form_cluster" time="0.001" /><testcase classname="tests.test_pattern_clustering.TestDensityCluster1D" name="test_near_amounts_cluster_together" time="0.001" /><testcase classname="tests.test_pattern_clustering.TestDensityCluster1D" name="test_relative_tolerance_for_large_amounts" time="0.000" /><testcase classname="tests.test_pattern_clustering.TestDensityCluster1D" name="test_far_apart_amounts_do_not_cluster" time="0.000" /><testcase classname="tests.test_pattern_clustering.TestDensityCluster1D" name="test_not_enough_points_for_cluster" time="0.000" /><testcase classname="tests.test_pattern_clustering.TestDensityCluster1D" name="test_empty_list" time="0.000" /><testcase classname="tests.test_pattern_clustering.TestDensityCluster1D" name="test_single_point" time="0.000" /><testcase classname="tests.test_pattern_clustering.TestDensityCluster1D" name="test_zero_amounts" time="0.000" /><testcase classname="tests.test_pattern_clustering.TestDensityCluster1D" name="test_mixed_sign_amounts" time="0.000" /><testcase classname="tests.test_pattern_clustering.TestAmountClusterDetector" name="test_same_amount_cluster" time="0.001" /><testcase classname="tests.test_pattern_clustering.TestAmountClusterDetector" name="test_near_amounts_cluster" time="0.001" /><testcase classname="tests.test_pattern_clustering.TestAmountClusterDetector" name="test_multiple_clusters" time="0.001" /><testcase classname="tests.test_pattern_clustering.TestAmountClusterDetector" name="test_no_clusters_below_min_points" time="0.000" /><testcase classname="tests.test_pattern_clustering.TestAmountClusterDetector" name="test_empty_input" time="0.000" /><testcase classname="tests.test_pattern_clustering.TestAmountClusterDetector" name="test_clusters_sorted_by_count" time="0.000" /><testcase classname="tests.test_pattern_clustering.TestSmoothSeries" name="test_identity_for_short_series" time="0.000" /><testcase classname="tests.test_pattern_clustering.TestSmoothSeries" name="test_smoothing_reduces_noise" time="0.000" /><testcase classname="tests.test_pattern_clustering.TestSmoothSeries" name="test_same_length" time="0.000" /><testcase classname="tests.test_pattern_clustering.TestSmoothSeries" name="test_empty" time="0.000" /><testcase classname="tests.test_pattern_clustering.TestSmoothSeries" name="test_constant_series" time="0.000" /><testcase classname="tests.test_pattern_clustering.TestFindPeaks" name="test_single_peak" time="0.000" /><testcase classname="tests.test_pattern_clustering.TestFindPeaks" name="test_multiple_peaks" time="0.000" /><testcase classname="tests.test_pattern_clustering.TestFindPeaks" name="test_no_peaks" time="0.000" /><testcase classname="tests.test_pattern_clustering.TestFindPeaks" name="test_min_height_filter" time="0.000" /><testcase classname="tests.test_pattern_clustering.TestFindPeaks" name="test_edges_as_peaks" time="0.000" /><testcase classname="tests.test_pattern_clustering.TestFindPeaks" name="test_empty" time="0.000" /><testcase classname="tests.test_pattern_clustering.TestFindPeaks" name="test_descending_no_peaks" time="0.000" /><testcase classname="tests.test_pattern_clustering.TestIntervalHistogram" name="test_single_interval" time="0.000" /><testcase classname="tests.test_pattern_clustering.TestIntervalHistogram" name="test_multiple_intervals" time="0.000" /><testcase classname="tests.test_pattern_clustering.TestIntervalHistogram" name="test_out_of_range_intervals_ignored" time="0.000" /><testcase classname="tests.test_pattern_clustering.TestIntervalHistogram" name="test_empty" time="0.000" /><testcase classname="tests.test_pattern_clustering.TestMapPeriodToLabel" name="test_weekly" time="0.000" /><testcase classname="tests.test_pattern_clustering.TestMapPeriodToLabel" name="test_biweekly" time="0.000" /><testcase classname="tests.test_pattern_clustering.TestMapPeriodToLabel" name="test_monthly" time="0.000" /><testcase classname="tests.test_pattern_clustering.TestMapPeriodToLabel" name="test_quarterly" time="0.000" /><testcase classname="tests.test_pattern_clustering.TestMapPeriodToLabel" name="test_semiannual" time="0.000" /><testcase classname="tests.test_pattern_clustering.TestMapPeriodToLabel" name="test_yearly" time="0.000" /><testcase classname="tests.test_pattern_clustering.TestMapPeriodToLabel" name="test_unknown" time="0.000" /><testcase classname="tests.test_pattern_clustering.TestDetectPeriodsFromIntervals" name="test_monthly_intervals" time="0.001" /><testcase classname="tests.test_pattern_clustering.TestDetectPeriodsFromIntervals" name="test_weekly_intervals" time="0.000" /><testcase classname="tests.test_pattern_clustering.TestDetectPeriodsFromIntervals" name="test_mixed_intervals_best_period_wins" time="0.000" /><testcase classname="tests.test_pattern_clustering.TestDetectPeriodsFromIntervals" name="test_too_few_intervals" time="0.000" /><testcase classname="tests.test_pattern_clustering.TestDetectPeriodsFromIntervals" name="test_all_same_interval" time="0.000" /><testcase classname="tests.test_pattern_clustering.TestDetectPeriodsFromIntervals" name="test_sort_order_by_score" time="0.000" /><testcase classname="tests.test_pattern_clustering.TestPeriodicPatternDetector" name="test_detect_monthly" time="0.001" /><testcase classname="tests.test_pattern_clustering.TestPeriodicPatternDetector" name="test_detect_weekly" time="0.001" /><testcase classname="tests.test_pattern_clustering.TestPeriodicPatternDetector" name="test_too_few_transactions" time="0.000" /><testcase classname="tests.test_pattern_clustering.TestPeriodicPatternDetector" name="test_no_dates" time="0.000" /><testcase classname="tests.test_pattern_clustering.TestPeriodicPatternDetector" name="test_compute_regularity_perfect" time="0.000" /><testcase classname="tests.test_pattern_clustering.TestPeriodicPatternDetector" name="test_compute_regularity_irregular" time="0.000" /><testcase classname="tests.test_pattern_clustering.TestPeriodicPatternDetector" name="test_compute_regularity_with_skipped_payments" time="0.000" /><testcase classname="tests.test_pattern_clustering.TestPeriodicPatternDetector" name="test_single_interval_returns_one" time="0.000" /><testcase classname="tests.test_pattern_clustering.TestPeriodicPatternDetector" name="test_empty_intervals" time="0.000" /><testcase classname="tests.test_pattern_clustering.TestCrossAccountMatcher" name="test_same_merchant_different_accounts" time="0.000" /><testcase classname="tests.test_pattern_clustering.TestCrossAccountMatcher" name="test_same_merchant_same_account_no_match" time="0.000" /><testcase classname="tests.test_pattern_clustering.TestCrossAccountMatcher" name="test_amount_based_cross_merchant" time="0.000" /><testcase classname="tests.test_pattern_clustering.TestCrossAccountMatcher" name="test_incompatible_amounts_no_match" time="0.000" /><testcase classname="tests.test_pattern_clustering.TestCrossAccountMatcher" name="test_incompatible_intervals_no_match" time="0.000" /><testcase classname="tests.test_pattern_clustering.TestCrossAccountMatcher" name="test_confidence_boosted_for_cross_account" time="0.000" /><testcase classname="tests.test_pattern_clustering.TestCrossAccountMatcher" name="test_single_pattern_no_match" time="0.000" /><testcase classname="tests.test_pattern_clustering.TestCrossAccountMatcher" name="test_empty_patterns" time="0.000" /><testcase classname="tests.test_pattern_clustering.TestClusterConfidenceScoring" name="test_high_confidence" time="0.000" /><testcase classname="tests.test_pattern_clustering.TestClusterConfidenceScoring" name="test_medium_confidence" time="0.000" /><testcase classname="tests.test_pattern_clustering.TestClusterConfidenceScoring" name="test_low_confidence" time="0.000" /><testcase classname="tests.test_pattern_clustering.TestClusterConfidenceScoring" name="test_cross_account_bonus" time="0.000" /><testcase classname="tests.test_pattern_clustering.TestClusterConfidenceScoring" name="test_score_capped" time="0.000" /><testcase classname="tests.test_pattern_clustering.TestSubscriptionPatternEngine" name="test_detect_netflix_as_subscription" time="0.001" /><testcase classname="tests.test_pattern_clustering.TestSubscriptionPatternEngine" name="test_detect_mixed_subscriptions" time="0.002" /><testcase classname="tests.test_pattern_clustering.TestSubscriptionPatternEngine" name="test_cross_account_detection" time="0.002" /><testcase classname="tests.test_pattern_clustering.TestSubscriptionPatternEngine" name="test_empty_transactions" time="0.000" /><testcase classname="tests.test_pattern_clustering.TestSubscriptionPatternEngine" name="test_insufficient_data" time="0.000" /><testcase classname="tests.test_pattern_clustering.TestSubscriptionPatternEngine" name="test_results_have_required_fields" time="0.001" /><testcase classname="tests.test_pattern_clustering.TestSubscriptionPatternEngine" name="test_different_amounts_produce_diff_clusters" time="0.002" /><testcase classname="tests.test_pattern_clustering.TestAmountCluster" name="test_creation" time="0.000" /><testcase classname="tests.test_pattern_clustering.TestEdgeCases" name="test_very_large_amount_differences" time="0.000" /><testcase classname="tests.test_pattern_clustering.TestEdgeCases" name="test_period_detection_with_gaps" time="0.000" /><testcase classname="tests.test_pattern_clustering.TestEdgeCases" name="test_amount_clustering_with_zero_values" time="0.000" /><testcase classname="tests.test_pattern_clustering.TestEdgeCases" name="test_cross_account_missing_dates" time="0.000" /><testcase classname="tests.test_pattern_clustering_extras.TestDataClassRepr" name="test_period_candidate_repr" time="0.000" /><testcase classname="tests.test_pattern_clustering_extras.TestDataClassRepr" name="test_cross_account_match_repr" time="0.000" /><testcase classname="tests.test_pattern_clustering_extras.TestMedianDecimal" name="test_odd_count" time="0.000" /><testcase classname="tests.test_pattern_clustering_extras.TestMedianDecimal" name="test_even_count" time="0.000" /><testcase classname="tests.test_pattern_clustering_extras.TestMedianDecimal" name="test_single_value" time="0.000" /><testcase classname="tests.test_pattern_clustering_extras.TestMedianDecimal" name="test_empty_returns_zero" time="0.000" /><testcase classname="tests.test_pattern_clustering_extras.TestMedianDecimal" name="test_unsorted_input" time="0.000" /><testcase classname="tests.test_pattern_clustering_extras.TestDensityClusterBranchCoverage" name="test_cluster_with_relative_tolerance_only" time="0.000" /><testcase classname="tests.test_pattern_clustering_extras.TestDetectPeriodsExtras" name="test_single_band_only" time="0.000" /><testcase classname="tests.test_pattern_clustering_extras.TestDetectPeriodsExtras" name="test_no_bands_match_returns_empty" time="0.000" /><testcase classname="tests.test_pattern_clustering_extras.TestClusterConfidenceEdgeCases" name="test_very_high_cross_account_bonus_pushes_over_80" time="0.000" /><testcase classname="tests.test_pattern_clustering_extras.TestClusterConfidenceEdgeCases" name="test_boundary_just_below_80_is_medium" time="0.000" /><testcase classname="tests.test_pattern_clustering_extras.TestPatternEngineExtras" name="test_very_different_amounts_no_cluster" time="0.001" /><testcase classname="tests.test_pattern_clustering_extras.TestPatternEngineExtras" name="test_mixed_types_include_purchase_and_payment" time="0.001" /><testcase classname="tests.test_pattern_clustering_extras.TestPatternEngineExtras" name="test_detection_method_assignment_lines_1122_1127" time="0.001" /><testcase classname="tests.test_pattern_clustering_extras.TestPatternEngineExtras" name="test_amount_cluster_detection_method" time="0.001" /><testcase classname="tests.test_pattern_clustering_extras.TestAmountClusterRepr" name="test_repr_negative_amount" time="0.000" /><testcase classname="tests.test_pattern_clustering_extras.TestAmountClusterRepr" name="test_repr_positive_amount" time="0.000" /><testcase classname="tests.test_pattern_clustering_extras.TestSmoothSeriesExtras" name="test_window_greater_than_length" time="0.000" /><testcase classname="tests.test_pattern_clustering_extras.TestSmoothSeriesExtras" name="test_exact_window" time="0.000" /><testcase classname="tests.test_pattern_detector_standalone.TestPatternResult" name="test_minimal_init" time="0.000" /><testcase classname="tests.test_pattern_detector_standalone.TestPatternResult" name="test_full_init" time="0.000" /><testcase classname="tests.test_pattern_detector_standalone.TestPatternDetectorInit" name="test_default_config" time="0.000" /><testcase classname="tests.test_pattern_detector_standalone.TestPatternDetectorInit" name="test_custom_config" time="0.000" /><testcase classname="tests.test_pattern_detector_standalone.TestPatternDetectorInit" name="test_config_property" time="0.000" /><testcase classname="tests.test_pattern_detector_standalone.TestDetectEdgeCases" name="test_none_transactions_raises_value_error" time="0.001" /><testcase classname="tests.test_pattern_detector_standalone.TestDetectEdgeCases" name="test_empty_transactions_returns_empty" time="0.000" /><testcase classname="tests.test_pattern_detector_standalone.TestDetectEdgeCases" name="test_no_outgoing_transactions_returns_empty" time="0.000" /><testcase classname="tests.test_pattern_detector_standalone.TestDetectEdgeCases" name="test_insufficient_occurrences" time="0.000" /><testcase classname="tests.test_pattern_detector_standalone.TestDetectEdgeCases" name="test_zero_amount_not_allowed" time="0.000" /><testcase classname="tests.test_pattern_detector_standalone.TestDetectEdgeCases" name="test_zero_amount_allowed" time="0.000" /><testcase classname="tests.test_pattern_detector_standalone.TestDetectBasicPatterns" name="test_monthly_netflix" time="0.000" /><testcase classname="tests.test_pattern_detector_standalone.TestDetectBasicPatterns" name="test_weekly_same_amount" time="0.001" /><testcase classname="tests.test_pattern_detector_standalone.TestDetectBasicPatterns" name="test_multiple_merchants" time="0.001" /><testcase classname="tests.test_pattern_detector_standalone.TestDetectBasicPatterns" name="test_noise_transactions_dont_obscure_pattern" time="0.000" /><testcase classname="tests.test_pattern_detector_standalone.TestDetectBasicPatterns" name="test_inconsistent_amounts_return_none" time="0.000" /><testcase classname="tests.test_pattern_detector_standalone.TestDetectBasicPatterns" name="test_serialised_result_sorted_by_score" time="0.001" /><testcase classname="tests.test_pattern_detector_standalone.TestDetectWithClassifications" name="test_classification_enriches_result" time="0.001" /><testcase classname="tests.test_pattern_detector_standalone.TestDetectWithClassifications" name="test_classification_as_dict" time="0.000" /><testcase classname="tests.test_pattern_detector_standalone.TestDetectWithClassifications" name="test_classification_none_sector_no_boost" time="0.001" /><testcase classname="tests.test_pattern_detector_standalone.TestIsOutgoing" name="test_negative_amount_is_outgoing" time="0.000" /><testcase classname="tests.test_pattern_detector_standalone.TestIsOutgoing" name="test_positive_amount_not_outgoing" time="0.000" /><testcase classname="tests.test_pattern_detector_standalone.TestIsOutgoing" name="test_zero_amount_not_outgoing" time="0.000" /><testcase classname="tests.test_pattern_detector_standalone.TestIsOutgoing" name="test_none_amount_falls_back_to_type" time="0.000" /><testcase classname="tests.test_pattern_detector_standalone.TestIsOutgoing" name="test_debit_type_positive_amount" time="0.000" /><testcase classname="tests.test_pattern_detector_standalone.TestIsOutgoing" name="test_non_debit_type_positive_not_outgoing" time="0.000" /><testcase classname="tests.test_pattern_detector_standalone.TestIsOutgoing" name="test_unparseable_amount_not_outgoing" time="0.000" /><testcase classname="tests.test_pattern_detector_standalone.TestAmountOk" name="test_valid_amount" time="0.000" /><testcase classname="tests.test_pattern_detector_standalone.TestAmountOk" name="test_none_amount" time="0.000" /><testcase classname="tests.test_pattern_detector_standalone.TestAmountOk" name="test_zero_amount_not_allowed" time="0.000" /><testcase classname="tests.test_pattern_detector_standalone.TestAmountOk" name="test_zero_amount_allowed" time="0.000" /><testcase classname="tests.test_pattern_detector_standalone.TestAmountOk" name="test_unparseable_amount_not_allowed" time="0.000" /><testcase classname="tests.test_pattern_detector_standalone.TestGroupByMerchant" name="test_same_merchant_normalised" time="0.000" /><testcase classname="tests.test_pattern_detector_standalone.TestGroupByMerchant" name="test_empty_description_unknown_merchant" time="0.000" /><testcase classname="tests.test_pattern_detector_standalone.TestAnalyseGroup" name="test_inconsistent_amounts_returns_none" time="0.000" /><testcase classname="tests.test_pattern_detector_standalone.TestAnalyseGroup" name="test_exact_amount_plus_frequency" time="0.000" /><testcase classname="tests.test_pattern_detector_standalone.TestAnalyseGroup" name="test_with_classification_sets_method" time="0.000" /><testcase classname="tests.test_pattern_detector_standalone.TestAnalyseGroup" name="test_similar_amount_with_frequency" time="0.000" /><testcase classname="tests.test_pattern_detector_standalone.TestAnalyseGroup" name="test_interval_regularity_method" time="0.000" /><testcase classname="tests.test_pattern_detector_standalone.TestAnalyseGroup" name="test_regular_interval_method" time="0.000" /><testcase classname="tests.test_pattern_detector_variable_amounts_and_intervals.TestAmountStepChangeScore" name="test_two_clusters_returns_0_5" time="0.000" /><testcase classname="tests.test_pattern_detector_variable_amounts_and_intervals.TestAmountStepChangeScore" name="test_three_clusters_returns_0_5" time="0.000" /><testcase classname="tests.test_pattern_detector_variable_amounts_and_intervals.TestAmountStepChangeScore" name="test_single_cluster_returns_0_6" time="0.000" /><testcase classname="tests.test_pattern_detector_variable_amounts_and_intervals.TestAmountStepChangeScore" name="test_noise_returns_0_0" time="0.000" /><testcase classname="tests.test_pattern_detector_variable_amounts_and_intervals.TestAmountStepChangeScore" name="test_four_plus_clusters_returns_0_0" time="0.000" /><testcase classname="tests.test_pattern_detector_variable_amounts_and_intervals.TestAmountStepChangeScore" name="test_less_than_3_amounts_returns_0_0" time="0.000" /><testcase classname="tests.test_pattern_detector_variable_amounts_and_intervals.TestAmountStepChangeScore" name="test_small_absolute_fluctuation_single_cluster" time="0.000" /><testcase classname="tests.test_pattern_detector_variable_amounts_and_intervals.TestAmountStepChangeScore" name="test_gradual_price_increase_partial" time="0.000" /><testcase classname="tests.test_pattern_detector_variable_amounts_and_intervals.TestDetectFrequencyRobust" name="test_regular_intervals" time="0.000" /><testcase classname="tests.test_pattern_detector_variable_amounts_and_intervals.TestDetectFrequencyRobust" name="test_regular_weekly" time="0.000" /><testcase classname="tests.test_pattern_detector_variable_amounts_and_intervals.TestDetectFrequencyRobust" name="test_single_skipped_payment" time="0.000" /><testcase classname="tests.test_pattern_detector_variable_amounts_and_intervals.TestDetectFrequencyRobust" name="test_two_skipped_payments_no_dominant_freq" time="0.000" /><testcase classname="tests.test_pattern_detector_variable_amounts_and_intervals.TestDetectFrequencyRobust" name="test_empty_returns_none" time="0.000" /><testcase classname="tests.test_pattern_detector_variable_amounts_and_intervals.TestDetectFrequencyRobust" name="test_single_interval_delegates" time="0.000" /><testcase classname="tests.test_pattern_detector_variable_amounts_and_intervals.TestDetectFrequencyRobust" name="test_mixed_bands_with_outlier" time="0.000" /><testcase classname="tests.test_pattern_detector_variable_amounts_and_intervals.TestDetectFrequencyRobust" name="test_all_outliers_truly_random" time="0.000" /><testcase classname="tests.test_pattern_detector_variable_amounts_and_intervals.TestPatternDetectorVariableAmounts" name="test_two_price_levels_detected" time="0.000" /><testcase classname="tests.test_pattern_detector_variable_amounts_and_intervals.TestPatternDetectorVariableAmounts" name="test_three_price_levels_detected" time="0.001" /><testcase classname="tests.test_pattern_detector_variable_amounts_and_intervals.TestPatternDetectorVariableAmounts" name="test_price_decrease_still_detected" time="0.001" /><testcase classname="tests.test_pattern_detector_variable_amounts_and_intervals.TestPatternDetectorVariableAmounts" name="test_gradual_price_change_stays_high_confidence" time="0.000" /><testcase classname="tests.test_pattern_detector_variable_amounts_and_intervals.TestPatternDetectorIrregularIntervals" name="test_one_skipped_month" time="0.000" /><testcase classname="tests.test_pattern_detector_variable_amounts_and_intervals.TestPatternDetectorIrregularIntervals" name="test_one_extra_long_gap" time="0.000" /><testcase classname="tests.test_pattern_detector_variable_amounts_and_intervals.TestPatternDetectorIrregularIntervals" name="test_mixed_irregular_still_detects_if_dominant" time="0.001" /><testcase classname="tests.test_pattern_detector_variable_amounts_and_intervals.TestPatternDetectorCombined" name="test_price_change_and_skipped_payment" time="0.001" /><testcase classname="tests.test_pattern_detector_variable_amounts_and_intervals.TestPatternDetectorCombined" name="test_price_change_early_stop_late_resume" time="0.000" /><testcase classname="tests.test_pattern_detector_variable_amounts_and_intervals.TestAmountsAreConsistentStepChange" name="test_price_increase_not_zero" time="0.000" /><testcase classname="tests.test_pattern_detector_variable_amounts_and_intervals.TestAmountsAreConsistentStepChange" name="test_moderate_increase_above_5_percent" time="0.000" /><testcase classname="tests.test_pattern_detector_variable_amounts_and_intervals.TestAmountsAreConsistentStepChange" name="test_truly_random_amounts_still_zero" time="0.000" /><testcase classname="tests.test_pattern_detector_variable_amounts_and_intervals.TestExistingBehaviorPreserved" name="test_same_amount_monthly_high_confidence" time="0.000" /><testcase classname="tests.test_pattern_detector_variable_amounts_and_intervals.TestExistingBehaviorPreserved" name="test_inconsistent_amounts_truly_noise" time="0.000" /><testcase classname="tests.test_pattern_detector_variable_amounts_and_intervals.TestExistingBehaviorPreserved" name="test_multiple_merchants_still_separate" time="0.001" /><testcase classname="tests.test_pattern_detector_variable_amounts_and_intervals.TestExistingBehaviorPreserved" name="test_insufficient_occurrences" time="0.000" /><testcase classname="tests.test_performance.TestOpenAPIRegistration" name="test_performance_summary_registered" time="0.568" /><testcase classname="tests.test_performance.TestOpenAPIRegistration" name="test_performance_sub_endpoints_registered" time="0.653" /><testcase classname="tests.test_performance.TestAuthGuards" name="test_unauthenticated_returns_401[GET-/api/v1/performance]" time="0.120" /><testcase classname="tests.test_performance.TestAuthGuards" name="test_unauthenticated_returns_401[GET-/api/v1/performance/twr]" time="0.123" /><testcase classname="tests.test_performance.TestAuthGuards" name="test_unauthenticated_returns_401[GET-/api/v1/performance/mwr]" time="0.120" /><testcase classname="tests.test_performance.TestAuthGuards" name="test_unauthenticated_returns_401[GET-/api/v1/performance/benchmark]" time="0.123" /><testcase classname="tests.test_performance.TestAuthGuards" name="test_unauthenticated_returns_401[GET-/api/v1/performance/attribution]" time="0.218" /><testcase classname="tests.test_performance.TestAuthGuards" name="test_bad_token_returns_401[GET-/api/v1/performance]" time="0.122" /><testcase classname="tests.test_performance.TestAuthGuards" name="test_bad_token_returns_401[GET-/api/v1/performance/twr]" time="0.126" /><testcase classname="tests.test_performance.TestAuthGuards" name="test_bad_token_returns_401[GET-/api/v1/performance/mwr]" time="0.120" /><testcase classname="tests.test_performance.TestAuthGuards" name="test_bad_token_returns_401[GET-/api/v1/performance/benchmark]" time="0.118" /><testcase classname="tests.test_performance.TestAuthGuards" name="test_bad_token_returns_401[GET-/api/v1/performance/attribution]" time="0.203" /><testcase classname="tests.test_performance.TestPerformanceServiceTWR" name="test_empty_returns_zero" time="0.003" /><testcase classname="tests.test_performance.TestPerformanceServiceTWR" name="test_passes_tenant_filter" time="0.002" /><testcase classname="tests.test_performance.TestPerformanceServiceMWR" name="test_empty_returns_zero" time="0.003" /><testcase classname="tests.test_performance.TestPerformanceServiceMWR" name="test_passes_tenant_filter" time="0.002" /><testcase classname="tests.test_performance.TestPerformanceServiceBenchmark" name="test_no_benchmark_returns_portfolio_only" time="0.002" /><testcase classname="tests.test_performance.TestPerformanceServiceBenchmark" name="test_passes_tenant" time="0.002" /><testcase classname="tests.test_performance.TestPerformanceServiceAttribution" name="test_empty_returns_zero" time="0.002" /><testcase classname="tests.test_performance.TestPerformanceServiceSummary" name="test_empty_returns_summary_with_defaults" time="0.003" /><testcase classname="tests.test_performance.TestTWRCaluclationLogic" name="test_single_period_positive" time="0.000" /><testcase classname="tests.test_performance.TestTWRCaluclationLogic" name="test_single_period_negative" time="0.000" /><testcase classname="tests.test_performance.TestTWRCaluclationLogic" name="test_two_periods_no_cash_flows" time="0.000" /><testcase classname="tests.test_performance.TestTWRCaluclationLogic" name="test_two_periods_with_cash_flow" time="0.000" /><testcase classname="tests.test_performance.TestTWRCaluclationLogic" name="test_annualized_return" time="0.000" /><testcase classname="tests.test_performance.TestTWRCaluclationLogic" name="test_no_gain_no_loss" time="0.000" /><testcase classname="tests.test_performance.TestTWRCaluclationLogic" name="test_zero_beginning_value" time="0.000" /><testcase classname="tests.test_performance.TestMWRCalculationLogic" name="test_simple_investment" time="0.000" /><testcase classname="tests.test_performance.TestMWRCalculationLogic" name="test_two_year_investment" time="0.000" /><testcase classname="tests.test_performance.TestMWRCalculationLogic" name="test_intermediate_cash_flow" time="0.000" /><testcase classname="tests.test_performance.TestMWRCalculationLogic" name="test_no_cash_flows_fails" time="0.000" /><testcase classname="tests.test_performance.TestMWRCalculationLogic" name="test_all_positive_cash_flows" time="0.000" /><testcase classname="tests.test_performance.TestStatisticalHelpers" name="test_calculate_alpha_beta_min_samples" time="0.000" /><testcase classname="tests.test_performance.TestStatisticalHelpers" name="test_calculate_alpha_beta_two_samples" time="0.000" /><testcase classname="tests.test_performance.TestStatisticalHelpers" name="test_calculate_tracking_error_identical" time="0.000" /><testcase classname="tests.test_performance.TestStatisticalHelpers" name="test_calculate_correlation_perfect" time="0.000" /><testcase classname="tests.test_performance.TestStatisticalHelpers" name="test_calculate_correlation_single_pair" time="0.000" /><testcase classname="tests.test_performance.TestStatisticalHelpers" name="test_align_returns_different_lengths" time="0.000" /><testcase classname="tests.test_performance.TestStatisticalHelpers" name="test_align_returns_empty" time="0.000" /><testcase classname="tests.test_performance.TestStatisticalHelpers" name="test_align_returns_too_short" time="0.000" /><testcase classname="tests.test_performance.TestIRRSolverEdgeCases" name="test_negative_cf_only" time="0.000" /><testcase classname="tests.test_performance.TestIRRSolverEdgeCases" name="test_single_cf" time="0.000" /><testcase classname="tests.test_performance.TestIRRSolverEdgeCases" name="test_zero_cash_flow" time="0.000" /><testcase classname="tests.test_performance.TestIRRSolverEdgeCases" name="test_large_negative_rate" time="0.000" /><testcase classname="tests.test_performance.TestPerformanceSummaryModel" name="test_empty_summary_serialization" time="0.000" /><testcase classname="tests.test_performance.TestPerformanceSummaryModel" name="test_full_summary_serialization" time="0.000" /><testcase classname="tests.test_performance.TestTWRResponseModel" name="test_defaults" time="0.000" /><testcase classname="tests.test_performance.TestMWRResponseModel" name="test_defaults" time="0.000" /><testcase classname="tests.test_phase52.TestAISettings" name="test_ai_defaults" time="0.002" /><testcase classname="tests.test_phase52.TestAISettings" name="test_ai_provider_custom" time="0.002" /><testcase classname="tests.test_phase52.TestAISettings" name="test_ai_disabled" time="0.002" /><testcase classname="tests.test_phase52.TestHASettings" name="test_ha_defaults" time="0.002" /><testcase classname="tests.test_phase52.TestHASettings" name="test_ha_disabled" time="0.002" /><testcase classname="tests.test_phase52.TestAISummaryService" name="test_summary_no_api_key_raises" time="0.007" /><testcase classname="tests.test_phase52.TestAISummaryService" name="test_summary_calls_openai" time="0.005" /><testcase classname="tests.test_phase52.TestAISummaryService" name="test_summary_cache" time="0.005" /><testcase classname="tests.test_phase52.TestAISummaryService" name="test_force_refresh_bypasses_cache" time="0.006" /><testcase classname="tests.test_phase52.TestAISummaryService" name="test_daily_briefing" time="0.005" /><testcase classname="tests.test_phase52.TestAISummaryService" name="test_daily_briefing_cache" time="0.005" /><testcase classname="tests.test_phase52.TestAISummaryService" name="test_openai_request_format" time="0.004" /><testcase classname="tests.test_phase52.TestAISummaryService" name="test_anthropic_request_format" time="0.005" /><testcase classname="tests.test_phase52.TestAISummaryService" name="test_unsupported_provider" time="0.005" /><testcase classname="tests.test_phase52.TestAISummaryService" name="test_close_releases_client" time="0.007" /><testcase classname="tests.test_phase52.TestHomeAssistantService" name="test_get_sensors_returns_all_five" time="0.004" /><testcase classname="tests.test_phase52.TestHomeAssistantService" name="test_get_sensors_with_sync_data" time="0.005" /><testcase classname="tests.test_phase52.TestHomeAssistantService" name="test_get_config" time="0.002" /><testcase classname="tests.test_phase52.TestHomeAssistantService" name="test_sensor_to_dict" time="0.000" /><testcase classname="tests.test_phase52.TestOpenAPIRegistration" name="test_ai_summary_endpoints_registered" time="0.563" /><testcase classname="tests.test_phase52.TestOpenAPIRegistration" name="test_ha_endpoints_registered" time="0.575" /><testcase classname="tests.test_phase52.TestAuthGuards" name="test_ai_summary_requires_auth" time="0.119" /><testcase classname="tests.test_phase52.TestAuthGuards" name="test_ai_daily_requires_auth" time="0.211" /><testcase classname="tests.test_phase52.TestAuthGuards" name="test_ha_sensors_requires_auth" time="0.120" /><testcase classname="tests.test_phase52.TestAuthGuards" name="test_ha_config_requires_auth" time="0.122" /><testcase classname="tests.test_phase52.TestFeatureToggle" name="test_ai_endpoints_disabled" time="0.125" /><testcase classname="tests.test_phase52.TestFeatureToggle" name="test_ha_endpoints_disabled" time="0.127" /><testcase classname="tests.test_phase52.TestPromptTemplates" name="test_summary_prompt_format" time="0.001" /><testcase classname="tests.test_phase52.TestPromptTemplates" name="test_daily_briefing_prompt_format" time="0.001" /><testcase classname="tests.test_placeholder" name="test_version" time="0.000" /><testcase classname="tests.test_placeholder" name="test_async_placeholder" time="0.001" /><testcase classname="tests.test_plugin_integration.TestPluginIntegration" name="test_register_example_connector" time="0.000"><skipped type="pytest.skip" message="finance-sync-sdk not installed — run 'uv sync' under sdks/finance-sync-sdk">/home/hermes/finance-sync/tests/test_plugin_integration.py:43: finance-sync-sdk not installed — run 'uv sync' under sdks/finance-sync-sdk</skipped></testcase><testcase classname="tests.test_plugin_integration.TestPluginIntegration" name="test_csv_import_connector_with_real_csv" time="0.000"><skipped type="pytest.skip" message="finance-sync-sdk not installed — run 'uv sync' under sdks/finance-sync-sdk">/home/hermes/finance-sync/tests/test_plugin_integration.py:71: finance-sync-sdk not installed — run 'uv sync' under sdks/finance-sync-sdk</skipped></testcase><testcase classname="tests.test_plugin_integration.TestPluginIntegration" name="test_csv_import_with_since_filter" time="0.000"><skipped type="pytest.skip" message="finance-sync-sdk not installed — run 'uv sync' under sdks/finance-sync-sdk">/home/hermes/finance-sync/tests/test_plugin_integration.py:124: finance-sync-sdk not installed — run 'uv sync' under sdks/finance-sync-sdk</skipped></testcase><testcase classname="tests.test_plugin_integration.TestPluginIntegration" name="test_manual_expense_connector" time="0.000"><skipped type="pytest.skip" message="finance-sync-sdk not installed — run 'uv sync' under sdks/finance-sync-sdk">/home/hermes/finance-sync/tests/test_plugin_integration.py:165: finance-sync-sdk not installed — run 'uv sync' under sdks/finance-sync-sdk</skipped></testcase><testcase classname="tests.test_plugin_integration.TestPluginIntegration" name="test_plugin_registry_round_trip" time="0.000"><skipped type="pytest.skip" message="finance-sync-sdk not installed — run 'uv sync' under sdks/finance-sync-sdk">/home/hermes/finance-sync/tests/test_plugin_integration.py:227: finance-sync-sdk not installed — run 'uv sync' under sdks/finance-sync-sdk</skipped></testcase><testcase classname="tests.test_plugin_integration.TestPluginIntegration" name="test_unknown_connector_raises" time="0.000"><skipped type="pytest.skip" message="finance-sync-sdk not installed — run 'uv sync' under sdks/finance-sync-sdk">/home/hermes/finance-sync/tests/test_plugin_integration.py:255: finance-sync-sdk not installed — run 'uv sync' under sdks/finance-sync-sdk</skipped></testcase><testcase classname="tests.test_plugin_integration.TestPluginIntegration" name="test_csv_import_with_directory" time="0.000"><skipped type="pytest.skip" message="finance-sync-sdk not installed — run 'uv sync' under sdks/finance-sync-sdk">/home/hermes/finance-sync/tests/test_plugin_integration.py:261: finance-sync-sdk not installed — run 'uv sync' under sdks/finance-sync-sdk</skipped></testcase><testcase classname="tests.test_read_api.TestOpenAPIRegistration" name="test_accounts_endpoints_registered" time="0.645" /><testcase classname="tests.test_read_api.TestOpenAPIRegistration" name="test_portfolio_endpoints_registered" time="0.577" /><testcase classname="tests.test_read_api.TestOpenAPIRegistration" name="test_net_worth_endpoints_registered" time="0.558" /><testcase classname="tests.test_read_api.TestOpenAPIRegistration" name="test_sync_runs_endpoint_registered" time="0.640" /><testcase classname="tests.test_read_api.TestOpenAPIRegistration" name="test_cashflow_endpoints_registered" time="0.594" /><testcase classname="tests.test_read_api.TestOpenAPIRegistration" name="test_securities_list_and_prices_registered" time="0.563" /><testcase classname="tests.test_read_api.TestAuthGuards" name="test_unauthenticated_returns_401[GET-/api/v1/accounts]" time="0.207" /><testcase classname="tests.test_read_api.TestAuthGuards" name="test_unauthenticated_returns_401[GET-/api/v1/accounts/fake-id]" time="0.128" /><testcase classname="tests.test_read_api.TestAuthGuards" name="test_unauthenticated_returns_401[GET-/api/v1/accounts/fake-id/transactions]" time="0.128" /><testcase classname="tests.test_read_api.TestAuthGuards" name="test_unauthenticated_returns_401[GET-/api/v1/accounts/fake-id/balances]" time="0.118" /><testcase classname="tests.test_read_api.TestAuthGuards" name="test_unauthenticated_returns_401[GET-/api/v1/portfolio]" time="0.125" /><testcase classname="tests.test_read_api.TestAuthGuards" name="test_unauthenticated_returns_401[GET-/api/v1/portfolio/history]" time="0.116" /><testcase classname="tests.test_read_api.TestAuthGuards" name="test_unauthenticated_returns_401[GET-/api/v1/net-worth]" time="0.218" /><testcase classname="tests.test_read_api.TestAuthGuards" name="test_unauthenticated_returns_401[GET-/api/v1/net-worth/history]" time="0.118" /><testcase classname="tests.test_read_api.TestAuthGuards" name="test_unauthenticated_returns_401[GET-/api/v1/cashflow]" time="0.118" /><testcase classname="tests.test_read_api.TestAuthGuards" name="test_unauthenticated_returns_401[GET-/api/v1/cashflow/history]" time="0.117" /><testcase classname="tests.test_read_api.TestAuthGuards" name="test_unauthenticated_returns_401[GET-/api/v1/sync-runs]" time="0.116" /><testcase classname="tests.test_read_api.TestAuthGuards" name="test_unauthenticated_returns_401[GET-/api/v1/securities]" time="0.204" /><testcase classname="tests.test_read_api.TestAuthGuards" name="test_unauthenticated_returns_401[GET-/api/v1/securities/fake-id/prices]" time="0.119" /><testcase classname="tests.test_read_api.TestAuthGuards" name="test_bad_token_returns_401[GET-/api/v1/accounts]" time="0.123" /><testcase classname="tests.test_read_api.TestAuthGuards" name="test_bad_token_returns_401[GET-/api/v1/accounts/fake-id]" time="0.118" /><testcase classname="tests.test_read_api.TestAuthGuards" name="test_bad_token_returns_401[GET-/api/v1/accounts/fake-id/transactions]" time="0.117" /><testcase classname="tests.test_read_api.TestAuthGuards" name="test_bad_token_returns_401[GET-/api/v1/accounts/fake-id/balances]" time="0.202" /><testcase classname="tests.test_read_api.TestAuthGuards" name="test_bad_token_returns_401[GET-/api/v1/portfolio]" time="0.119" /><testcase classname="tests.test_read_api.TestAuthGuards" name="test_bad_token_returns_401[GET-/api/v1/portfolio/history]" time="0.118" /><testcase classname="tests.test_read_api.TestAuthGuards" name="test_bad_token_returns_401[GET-/api/v1/net-worth]" time="0.117" /><testcase classname="tests.test_read_api.TestAuthGuards" name="test_bad_token_returns_401[GET-/api/v1/net-worth/history]" time="0.118" /><testcase classname="tests.test_read_api.TestAuthGuards" name="test_bad_token_returns_401[GET-/api/v1/cashflow]" time="0.206" /><testcase classname="tests.test_read_api.TestAuthGuards" name="test_bad_token_returns_401[GET-/api/v1/cashflow/history]" time="0.124" /><testcase classname="tests.test_read_api.TestAuthGuards" name="test_bad_token_returns_401[GET-/api/v1/sync-runs]" time="0.136" /><testcase classname="tests.test_read_api.TestAuthGuards" name="test_bad_token_returns_401[GET-/api/v1/securities]" time="0.123" /><testcase classname="tests.test_read_api.TestAuthGuards" name="test_bad_token_returns_401[GET-/api/v1/securities/fake-id/prices]" time="0.134" /><testcase classname="tests.test_read_api.TestRateLimitMiddleware" name="test_rate_limit_headers_present" time="0.221" /><testcase classname="tests.test_read_api.TestRateLimitMiddleware" name="test_exempt_paths_not_rate_limited" time="0.127" /><testcase classname="tests.test_read_api.TestRateLimitMiddleware" name="test_normal_requests_succeed" time="0.125" /><testcase classname="tests.test_read_api.TestReadServiceListAccounts" name="test_empty_tenant" time="0.003" /><testcase classname="tests.test_read_api.TestReadServiceListAccounts" name="test_passes_tenant_filter" time="0.005" /><testcase classname="tests.test_read_api.TestReadServiceListTransactions" name="test_filters_by_account" time="0.005" /><testcase classname="tests.test_read_api.TestReadServiceListTransactions" name="test_date_range_filter" time="0.005" /><testcase classname="tests.test_read_api.TestReadServiceListBalances" name="test_balance_kind_filter" time="0.003" /><testcase classname="tests.test_read_api.TestReadServiceListSecurities" name="test_empty" time="0.002" /><testcase classname="tests.test_read_api.TestReadServiceListSecurities" name="test_type_filter" time="0.002" /><testcase classname="tests.test_read_api.TestReadServiceListSecurities" name="test_search_filter" time="0.003" /><testcase classname="tests.test_read_api.TestReadServiceSecurityPrices" name="test_default_interval" time="0.003" /><testcase classname="tests.test_read_api.TestReadServiceSecurityPrices" name="test_date_range" time="0.002" /><testcase classname="tests.test_read_api.TestReadServicePortfolio" name="test_empty_returns_zero" time="0.002" /><testcase classname="tests.test_read_api.TestReadServiceSyncRuns" name="test_empty" time="0.002" /><testcase classname="tests.test_read_api.TestReadServiceSyncRuns" name="test_connector_filter" time="0.003" /><testcase classname="tests.test_read_api.TestReadServiceNetWorth" name="test_empty_tenant" time="0.002" /><testcase classname="tests.test_read_api.TestReadServiceCashflow" name="test_cashflow_empty_tenant" time="0.003" /><testcase classname="tests.test_read_api.TestReadServiceCashflow" name="test_cashflow_passes_tenant_filter" time="0.003" /><testcase classname="tests.test_read_api.TestReadServiceCashflow" name="test_cashflow_date_range_filter" time="0.003" /><testcase classname="tests.test_read_api.TestReadServiceCashflow" name="test_cashflow_account_filter" time="0.003" /><testcase classname="tests.test_read_api.TestReadServiceCashflow" name="test_cashflow_filters_booked_only" time="0.002" /><testcase classname="tests.test_read_api.TestReadServiceCashflow" name="test_cashflow_history_empty" time="0.002" /><testcase classname="tests.test_read_api.TestReadServiceCashflow" name="test_cashflow_history_passes_tenant" time="0.002" /><testcase classname="tests.test_read_api.TestReadServiceCashflow" name="test_cashflow_history_date_range" time="0.003" /><testcase classname="tests.test_read_api.TestSlidingWindowEntry" name="test_is_allowed_within_limit" time="0.000" /><testcase classname="tests.test_read_api.TestSlidingWindowEntry" name="test_reset_clears" time="0.000" /><testcase classname="tests.test_reconciliation.TestReconciliationEnums" name="test_kind_values" time="0.000" /><testcase classname="tests.test_reconciliation.TestReconciliationEnums" name="test_run_status_values" time="0.000" /><testcase classname="tests.test_reconciliation.TestReconciliationEnums" name="test_severity_values" time="0.000" /><testcase classname="tests.test_reconciliation.TestReconciliationHelpers" name="test_severity_zero_total" time="0.000" /><testcase classname="tests.test_reconciliation.TestReconciliationHelpers" name="test_severity_info_below_threshold" time="0.000" /><testcase classname="tests.test_reconciliation.TestReconciliationHelpers" name="test_severity_warning_at_threshold" time="0.000" /><testcase classname="tests.test_reconciliation.TestReconciliationHelpers" name="test_severity_warning_boundary" time="0.000" /><testcase classname="tests.test_reconciliation.TestReconciliationHelpers" name="test_severity_error_above_threshold" time="0.000" /><testcase classname="tests.test_reconciliation.TestReconciliationHelpers" name="test_severity_exact_info_boundary" time="0.000" /><testcase classname="tests.test_reconciliation.TestReconciliationHelpers" name="test_default_since_returns_datetime" time="0.000" /><testcase classname="tests.test_reconciliation.TestReconciliationServiceMocked" name="test_detect_duplicates_empty" time="0.002" /><testcase classname="tests.test_reconciliation.TestReconciliationServiceMocked" name="test_detect_duplicates_finds_pairs" time="0.002" /><testcase classname="tests.test_reconciliation.TestReconciliationServiceMocked" name="test_detect_duplicates_confidence_cross_provider_same_desc" time="0.002" /><testcase classname="tests.test_reconciliation.TestReconciliationServiceMocked" name="test_detect_duplicates_confidence_same_provider_same_desc" time="0.002" /><testcase classname="tests.test_reconciliation.TestReconciliationServiceMocked" name="test_detect_duplicates_confidence_same_provider_diff_desc" time="0.002" /><testcase classname="tests.test_reconciliation.TestReconciliationServiceMocked" name="test_detect_duplicates_same_provider_same_external_id_skipped" time="0.002" /><testcase classname="tests.test_reconciliation.TestReconciliationServiceMocked" name="test_detect_cross_connector_gaps" time="0.003" /><testcase classname="tests.test_reconciliation.TestReconciliationServiceMocked" name="test_cross_connector_gaps_single_provider" time="0.002" /><testcase classname="tests.test_reconciliation.TestReconciliationServiceMocked" name="test_cross_connector_gaps_no_accounts" time="0.002" /><testcase classname="tests.test_reconciliation.TestReconciliationServiceMocked" name="test_cross_connector_gaps_provider_no_transactions" time="0.002" /><testcase classname="tests.test_reconciliation.TestReconciliationServiceMocked" name="test_cross_connector_gaps_all_providers_no_range" time="0.002" /><testcase classname="tests.test_reconciliation.TestReconciliationServiceMocked" name="test_cross_connector_gaps_small_start_diff_ignored" time="0.003" /><testcase classname="tests.test_reconciliation.TestReconciliationServiceMocked" name="test_detect_missing_transactions_no_gaps" time="0.002" /><testcase classname="tests.test_reconciliation.TestReconciliationServiceMocked" name="test_detect_missing_transactions_with_gap" time="0.002" /><testcase classname="tests.test_reconciliation.TestReconciliationServiceMocked" name="test_detect_missing_transactions_skips_no_data" time="0.002" /><testcase classname="tests.test_reconciliation.TestReconciliationServiceMocked" name="test_detect_missing_transactions_small_gap_ignored" time="0.002" /><testcase classname="tests.test_reconciliation.TestReconciliationServiceMocked" name="test_detect_missing_transactions_multiple_providers" time="0.003" /><testcase classname="tests.test_reconciliation.TestReconciliationServiceMocked" name="test_finalize_run_with_findings" time="0.002" /><testcase classname="tests.test_reconciliation.TestReconciliationServiceMocked" name="test_finalize_run_empty_findings" time="0.002" /><testcase classname="tests.test_reconciliation.TestReconciliationServiceMocked" name="test_reconcile_full_success" time="0.004" /><testcase classname="tests.test_reconciliation.TestReconciliationServiceMocked" name="test_reconcile_error_handling" time="0.003" /><testcase classname="tests.test_reconciliation.TestReconciliationServiceMocked" name="test_reconcile_empty_findings" time="0.004" /><testcase classname="tests.test_reconciliation.TestReconciliationServiceMocked" name="test_reconcile_passes_provider_keys_to_duplicate_detection" time="0.004" /><testcase classname="tests.test_reconciliation.TestReconciliationServiceMocked" name="test_detect_cross_connector_gaps_filters_by_provider_keys" time="0.002" /><testcase classname="tests.test_reconciliation.TestReconciliationServiceMocked" name="test_detect_cross_connector_gaps_compares_two_providers" time="0.002" /><testcase classname="tests.test_reconciliation.TestReconciliationServiceMocked" name="test_detect_missing_transactions_filters_by_provider_keys" time="0.003" /><testcase classname="tests.test_reconciliation.TestReconciliationServiceMocked" name="test_list_runs" time="0.002" /><testcase classname="tests.test_reconciliation.TestReconciliationServiceMocked" name="test_list_runs_empty" time="0.002" /><testcase classname="tests.test_reconciliation.TestReconciliationServiceMocked" name="test_get_run_with_results_not_found" time="0.001" /><testcase classname="tests.test_reconciliation.TestReconciliationServiceMocked" name="test_get_run_with_results_found" time="0.002" /><testcase classname="tests.test_reconciliation.TestReconciliationServiceMocked" name="test_get_run_with_results_kind_filter" time="0.002" /><testcase classname="tests.test_reconciliation.TestReconciliationServiceMocked" name="test_get_run_with_results_severity_filter" time="0.002" /><testcase classname="tests.test_reconciliation.TestReconciliationModelBasics" name="test_reconciliation_run_repr" time="0.000" /><testcase classname="tests.test_reconciliation.TestReconciliationModelBasics" name="test_reconciliation_result_repr" time="0.000" /><testcase classname="tests.test_reconciliation.TestDuplicateCandidateLogic" name="test_no_duplicates_when_all_distinct" time="0.000" /><testcase classname="tests.test_reconciliation.TestDuplicateCandidateLogic" name="test_detects_duplicate_same_amount_close_time" time="0.000" /><testcase classname="tests.test_reconciliation.TestDuplicateCandidateLogic" name="test_ignores_same_provider_same_id" time="0.000" /><testcase classname="tests.test_reconciliation.TestDuplicateCandidateLogic" name="test_threshold_hours_filters" time="0.000" /><testcase classname="tests.test_reconciliation.TestDuplicateCandidateLogic" name="test_different_amounts_not_duplicates" time="0.000" /><testcase classname="tests.test_reconciliation.TestDuplicateCandidateLogic" name="test_sorts_by_amount_descending" time="0.000" /><testcase classname="tests.test_reconciliation.TestDuplicateCandidateLogic" name="test_handles_none_occurred_at" time="0.000" /><testcase classname="tests.test_reconciliation.TestDuplicateCandidateLogic" name="test_three_way_duplicate_detection" time="0.000" /><testcase classname="tests.test_reconciliation.TestDuplicateCandidateLogic" name="test_different_accounts_not_duplicates" time="0.000" /><testcase classname="tests.test_reconciliation_api.TestOpenAPIRegistration" name="test_endpoints_registered" time="0.643" /><testcase classname="tests.test_reconciliation_api.TestCompareConnectorsAuth" name="test_requires_authentication" time="0.121" /><testcase classname="tests.test_reconciliation_api.TestCompareConnectorsValidation" name="test_missing_connector_a" time="0.120" /><testcase classname="tests.test_reconciliation_api.TestCompareConnectorsValidation" name="test_missing_connector_b" time="0.120" /><testcase classname="tests.test_reconciliation_api.TestCompareConnectorsValidation" name="test_empty_connector_a" time="0.119" /><testcase classname="tests.test_reconciliation_api.TestCompareConnectorsValidation" name="test_zero_length_connector_b" time="0.219" /><testcase classname="tests.test_reconciliation_api.TestCompareConnectorsValidation" name="test_same_connector_raises_400" time="0.120" /><testcase classname="tests.test_reconciliation_api.TestCompareConnectorsExecution" name="test_compare_returns_200_or_500" time="0.124" /><testcase classname="tests.test_reconciliation_api.TestCompareConnectorsExecution" name="test_compare_with_date_range" time="0.123" /><testcase classname="tests.test_reconciliation_api.TestCompareConnectorsExecution" name="test_compare_success" time="0.121" /><testcase classname="tests.test_reconciliation_api.TestCompareConnectorsExecution" name="test_compare_with_failed_reconciliation" time="0.212" /><testcase classname="tests.test_reconciliation_api.TestTriggerReconciliation" name="test_requires_authentication" time="0.118" /><testcase classname="tests.test_reconciliation_api.TestTriggerReconciliation" name="test_trigger_reconciliation_success" time="0.120" /><testcase classname="tests.test_reconciliation_api.TestTriggerReconciliation" name="test_trigger_reconciliation_with_date_range" time="0.118" /><testcase classname="tests.test_reconciliation_api.TestTriggerReconciliation" name="test_trigger_reconciliation_sync_fails" time="0.120" /><testcase classname="tests.test_reconciliation_api.TestListReconciliationRuns" name="test_requires_authentication" time="0.128" /><testcase classname="tests.test_reconciliation_api.TestListReconciliationRuns" name="test_list_runs_empty" time="0.224" /><testcase classname="tests.test_reconciliation_api.TestListReconciliationRuns" name="test_list_runs_with_results" time="0.136" /><testcase classname="tests.test_reconciliation_api.TestListReconciliationRuns" name="test_list_runs_with_summary_none" time="0.120" /><testcase classname="tests.test_reconciliation_api.TestGetReconciliationRun" name="test_requires_authentication" time="0.119" /><testcase classname="tests.test_reconciliation_api.TestGetReconciliationRun" name="test_get_run_not_found" time="0.214" /><testcase classname="tests.test_reconciliation_api.TestGetReconciliationRun" name="test_get_run_success" time="0.119" /><testcase classname="tests.test_reconciliation_api.TestGetReconciliationRun" name="test_get_run_with_filters" time="0.118" /><testcase classname="tests.test_reconciliation_api.TestGetReconciliationRun" name="test_wrong_tenant_returns_404" time="0.120" /><testcase classname="tests.test_reconciliation_api.TestGetReconciliationRun" name="test_get_run_with_pagination" time="0.121" /><testcase classname="tests.test_reconciliation_api.TestTriggerReconciliationV2" name="test_requires_authentication" time="0.210" /><testcase classname="tests.test_reconciliation_api.TestTriggerReconciliationV2" name="test_openapi_registration" time="0.555" /><testcase classname="tests.test_reconciliation_api.TestTriggerReconciliationV2" name="test_trigger_full_reconciliation" time="0.125" /><testcase classname="tests.test_reconciliation_api.TestTriggerReconciliationV2" name="test_trigger_with_connectors" time="0.152" /><testcase classname="tests.test_reconciliation_api.TestTriggerReconciliationV2" name="test_trigger_with_detect_duplicates_false" time="0.129" /><testcase classname="tests.test_reconciliation_api.TestTriggerReconciliationV2" name="test_trigger_same_connector_raises_400" time="0.234" /><testcase classname="tests.test_reconciliation_api.TestTriggerReconciliationV2" name="test_trigger_one_connector_raises_400" time="0.130" /><testcase classname="tests.test_reconciliation_api.TestTriggerReconciliationV2" name="test_trigger_with_full_params" time="0.128" /><testcase classname="tests.test_reconciliation_edge_cases.TestDuplicateDetectionEdgeCases" name="test_none_amount_on_one_side" time="0.002" /><testcase classname="tests.test_reconciliation_edge_cases.TestDuplicateDetectionEdgeCases" name="test_none_amount_on_both_sides" time="0.002" /><testcase classname="tests.test_reconciliation_edge_cases.TestDuplicateDetectionEdgeCases" name="test_both_descriptions_none" time="0.002" /><testcase classname="tests.test_reconciliation_edge_cases.TestDuplicateDetectionEdgeCases" name="test_one_description_none" time="0.002" /><testcase classname="tests.test_reconciliation_edge_cases.TestDuplicateDetectionEdgeCases" name="test_empty_string_descriptions" time="0.002" /><testcase classname="tests.test_reconciliation_edge_cases.TestDuplicateDetectionEdgeCases" name="test_diff_hours_calculation" time="0.002" /><testcase classname="tests.test_reconciliation_edge_cases.TestDuplicateDetectionEdgeCases" name="test_large_set_of_candidates" time="0.006" /><testcase classname="tests.test_reconciliation_edge_cases.TestDuplicateDetectionEdgeCases" name="test_case_insensitive_description_matching" time="0.002" /><testcase classname="tests.test_reconciliation_edge_cases.TestCrossConnectorGapEdgeCases" name="test_three_providers_mixed_coverage" time="0.002" /><testcase classname="tests.test_reconciliation_edge_cases.TestCrossConnectorGapEdgeCases" name="test_provider_keys_explicit_none" time="0.003" /><testcase classname="tests.test_reconciliation_edge_cases.TestCrossConnectorGapEdgeCases" name="test_account_ids_with_matching_account" time="0.002" /><testcase classname="tests.test_reconciliation_edge_cases.TestCrossConnectorGapEdgeCases" name="test_account_ids_empty_list_yields_no_accounts" time="0.002" /><testcase classname="tests.test_reconciliation_edge_cases.TestMissingTransactionEdgeCases" name="test_exactly_seven_day_gap_not_flagged" time="0.002" /><testcase classname="tests.test_reconciliation_edge_cases.TestMissingTransactionEdgeCases" name="test_slightly_above_seven_day_gap_flagged" time="0.002" /><testcase classname="tests.test_reconciliation_edge_cases.TestMissingTransactionEdgeCases" name="test_account_ids_filter" time="0.002" /><testcase classname="tests.test_reconciliation_edge_cases.TestMissingTransactionEdgeCases" name="test_multiple_providers_mixed_gaps" time="0.003" /><testcase classname="tests.test_reconciliation_edge_cases.TestMissingTransactionEdgeCases" name="test_provider_keys_reduces_scope" time="0.002" /><testcase classname="tests.test_reconciliation_edge_cases.TestFinalizeRunEdgeCases" name="test_single_severity_all_info" time="0.002" /><testcase classname="tests.test_reconciliation_edge_cases.TestFinalizeRunEdgeCases" name="test_only_one_kind" time="0.001" /><testcase classname="tests.test_reconciliation_edge_cases.TestReconcileDefaultParameters" name="test_reconcile_default_dates" time="0.003" /><testcase classname="tests.test_reconciliation_edge_cases.TestReconcileDefaultParameters" name="test_reconcile_account_ids_in_scope" time="0.004" /><testcase classname="tests.test_reconciliation_edge_cases.TestReconcileDefaultParameters" name="test_reconcile_default_threshold_hours" time="0.003" /><testcase classname="tests.test_reconciliation_edge_cases.TestGetRunWithResultsEdgeCases" name="test_both_filters_combined" time="0.002" /><testcase classname="tests.test_reconciliation_edge_cases.TestGetRunWithResultsEdgeCases" name="test_pagination_parameters" time="0.002" /><testcase classname="tests.test_reconciliation_edge_cases.TestGetRunWithResultsEdgeCases" name="test_severity_filter_only_with_no_run" time="0.001" /><testcase classname="tests.test_reconciliation_edge_cases.TestGetRunWithResultsEdgeCases" name="test_kind_filter_only_with_no_run" time="0.001" /><testcase classname="tests.test_reconciliation_edge_cases.TestReconciliationModelExtended" name="test_reconciliation_result_repr" time="0.000" /><testcase classname="tests.test_reconciliation_edge_cases.TestReconciliationModelExtended" name="test_reconciliation_run_repr_with_findings" time="0.000" /><testcase classname="tests.test_reconciliation_edge_cases.TestReconciliationModelExtended" name="test_reconciliation_result_all_fields" time="0.000" /><testcase classname="tests.test_reconciliation_integration.TestReconciliationServiceIntegration" name="test_reconcile_without_findings" time="0.048" /><testcase classname="tests.test_reconciliation_integration.TestReconciliationServiceIntegration" name="test_reconcile_detects_duplicates" time="0.025" /><testcase classname="tests.test_reconciliation_integration.TestReconciliationServiceIntegration" name="test_reconcile_detects_duplicates_with_same_provider" time="0.011" /><testcase classname="tests.test_reconciliation_integration.TestReconciliationServiceIntegration" name="test_reconcile_no_duplicates_for_distinct_transactions" time="0.008" /><testcase classname="tests.test_reconciliation_integration.TestReconciliationServiceIntegration" name="test_reconcile_error_handling" time="0.003" /><testcase classname="tests.test_reconciliation_integration.TestReconciliationServiceIntegration" name="test_cross_connector_gap_detection" time="0.012" /><testcase classname="tests.test_reconciliation_integration.TestReconciliationServiceIntegration" name="test_single_provider_skipped_for_gaps" time="0.008" /><testcase classname="tests.test_reconciliation_integration.TestReconciliationServiceIntegration" name="test_missing_transaction_gap_detected" time="0.008" /><testcase classname="tests.test_reconciliation_integration.TestReconciliationServiceIntegration" name="test_reconcile_with_provider_keys" time="0.011" /><testcase classname="tests.test_reconciliation_integration.TestReconciliationServiceQueries" name="test_list_runs_empty" time="0.003" /><testcase classname="tests.test_reconciliation_integration.TestReconciliationServiceQueries" name="test_list_runs_after_reconciliation" time="0.009" /><testcase classname="tests.test_reconciliation_integration.TestReconciliationServiceQueries" name="test_get_run_with_results" time="0.013" /><testcase classname="tests.test_reconciliation_integration.TestReconciliationServiceQueries" name="test_get_run_with_results_not_found" time="0.002" /><testcase classname="tests.test_reconciliation_integration.TestReconciliationServiceQueries" name="test_get_run_with_results_kind_filter" time="0.013" /><testcase classname="tests.test_reconciliation_integration.TestReconciliationServiceQueries" name="test_get_run_with_results_severity_filter" time="0.024" /><testcase classname="tests.test_reconciliation_integration.TestReconciliationOutbox" name="test_outbox_emitted_on_successful_reconciliation" time="0.010" /><testcase classname="tests.test_reconciliation_integration.TestReconciliationOutbox" name="test_reconciliation_run_appears_in_list" time="0.008" /><testcase classname="tests.test_reconciliation_integration.TestPostSyncReconciliation" name="test_post_sync_triggers_reconciliation" time="0.014" /><testcase classname="tests.test_reconciliation_integration.TestPostSyncReconciliation" name="test_post_sync_reconciliation_resilient_to_errors" time="0.005" /><testcase classname="tests.test_reconciliation_integration.TestBulkReconciliation" name="test_multiple_duplicates_across_providers" time="0.017" /><testcase classname="tests.test_reconciliation_integration.TestTransactionRepositoryEdgeCases" name="test_find_duplicate_candidates_with_no_dates" time="0.004" /><testcase classname="tests.test_reconciliation_integration.TestTransactionRepositoryEdgeCases" name="test_find_duplicate_candidates_same_provider" time="0.004" /><testcase classname="tests.test_reconciliation_integration.TestTransactionRepositoryEdgeCases" name="test_find_duplicate_candidates_with_provider_keys" time="0.004" /><testcase classname="tests.test_reconciliation_integration.TestTransactionRepositoryEdgeCases" name="test_get_transaction_date_range_without_filters" time="0.020" /><testcase classname="tests.test_reconciliation_service.TestSeverityHelper" name="test_zero_total_returns_info" time="0.001" /><testcase classname="tests.test_reconciliation_service.TestSeverityHelper" name="test_low_ratio_returns_info" time="0.000" /><testcase classname="tests.test_reconciliation_service.TestSeverityHelper" name="test_medium_ratio_returns_warning" time="0.000" /><testcase classname="tests.test_reconciliation_service.TestSeverityHelper" name="test_high_ratio_returns_error" time="0.000" /><testcase classname="tests.test_reconciliation_service.TestSeverityHelper" name="test_exactly_at_warning_threshold" time="0.000" /><testcase classname="tests.test_reconciliation_service.TestSeverityHelper" name="test_exactly_at_error_threshold" time="0.000" /><testcase classname="tests.test_reconciliation_service.TestSeverityHelper" name="test_all_findings_is_error" time="0.000" /><testcase classname="tests.test_reconciliation_service.TestDefaultSince" name="test_returns_naive_datetime" time="0.000" /><testcase classname="tests.test_reconciliation_service.TestDefaultSince" name="test_is_roughly_90_days_ago" time="0.000" /><testcase classname="tests.test_reconciliation_service.TestReconcileMethod" name="test_reconcile_success" time="0.004" /><testcase classname="tests.test_reconciliation_service.TestReconcileMethod" name="test_reconcile_detect_duplicates_false" time="0.005" /><testcase classname="tests.test_reconciliation_service.TestReconcileMethod" name="test_reconcile_with_account_ids" time="0.004" /><testcase classname="tests.test_reconciliation_service.TestReconcileMethod" name="test_reconcile_with_provider_keys" time="0.003" /><testcase classname="tests.test_reconciliation_service.TestReconcileMethod" name="test_reconcile_handles_exception" time="0.003" /><testcase classname="tests.test_reconciliation_service.TestReconcileMethod" name="test_reconcile_scope_recorded" time="0.002" /><testcase classname="tests.test_reconciliation_service.TestFinalizeRun" name="test_finalize_with_findings" time="0.003" /><testcase classname="tests.test_reconciliation_service.TestFinalizeRun" name="test_finalize_empty_findings" time="0.002" /><testcase classname="tests.test_reconciliation_service.TestListRuns" name="test_list_runs_returns_empty" time="0.002" /><testcase classname="tests.test_reconciliation_service.TestListRuns" name="test_list_runs_with_data" time="0.002" /><testcase classname="tests.test_reconciliation_service.TestListRuns" name="test_list_runs_defaults" time="0.002" /><testcase classname="tests.test_reconciliation_service.TestGetRunWithResults" name="test_run_not_found" time="0.001" /><testcase classname="tests.test_reconciliation_service.TestGetRunWithResults" name="test_run_with_results" time="0.002" /><testcase classname="tests.test_reconciliation_service.TestGetRunWithResults" name="test_get_run_with_filters" time="0.002" /><testcase classname="tests.test_reconciliation_service.TestGetRunWithResults" name="test_run_wrong_tenant" time="0.003" /><testcase classname="tests.test_repository.TestRepositoryAdd" name="test_add_generates_id" time="0.007" /><testcase classname="tests.test_repository.TestRepositoryAdd" name="test_add_returns_refreshed" time="0.005" /><testcase classname="tests.test_repository.TestRepositoryGet" name="test_get_existing" time="0.005" /><testcase classname="tests.test_repository.TestRepositoryGet" name="test_get_missing" time="0.007" /><testcase classname="tests.test_repository.TestRepositoryList" name="test_list_all" time="0.007" /><testcase classname="tests.test_repository.TestRepositoryList" name="test_list_with_filters" time="0.010" /><testcase classname="tests.test_repository.TestRepositoryList" name="test_list_pagination" time="0.020" /><testcase classname="tests.test_repository.TestRepositoryList" name="test_list_empty" time="0.005" /><testcase classname="tests.test_repository.TestRepositoryUpdate" name="test_update_mutated_entity" time="0.009" /><testcase classname="tests.test_repository.TestRepositoryUpdateFields" name="test_update_fields" time="0.010" /><testcase classname="tests.test_repository.TestRepositoryUpdateFields" name="test_update_fields_missing" time="0.005" /><testcase classname="tests.test_repository.TestRepositoryDelete" name="test_delete_entity" time="0.007" /><testcase classname="tests.test_repository.TestRepositoryDelete" name="test_delete_twice_does_not_raise" time="0.010" /><testcase classname="tests.test_repository.TestUnitOfWork" name="test_commit_on_success" time="0.008" /><testcase classname="tests.test_repository.TestUnitOfWork" name="test_rollback_on_error" time="0.008" /><testcase classname="tests.test_repository.TestUnitOfWork" name="test_explicit_commit" time="0.006" /><testcase classname="tests.test_repository.TestUnitOfWork" name="test_explicit_rollback" time="0.006" /><testcase classname="tests.test_repository.TestUnitOfWork" name="test_repo_caching" time="0.003" /><testcase classname="tests.test_subscription_detection.TestMerchantNormalisation" name="test_basic_description" time="0.000" /><testcase classname="tests.test_subscription_detection.TestMerchantNormalisation" name="test_strips_prefix" time="0.000" /><testcase classname="tests.test_subscription_detection.TestMerchantNormalisation" name="test_strips_debit_prefix" time="0.000" /><testcase classname="tests.test_subscription_detection.TestMerchantNormalisation" name="test_strips_direct_debit" time="0.000" /><testcase classname="tests.test_subscription_detection.TestMerchantNormalisation" name="test_strips_sepa" time="0.000" /><testcase classname="tests.test_subscription_detection.TestMerchantNormalisation" name="test_strips_card_payment" time="0.000" /><testcase classname="tests.test_subscription_detection.TestMerchantNormalisation" name="test_strips_reference_numbers" time="0.000" /><testcase classname="tests.test_subscription_detection.TestMerchantNormalisation" name="test_strips_long_numbers" time="0.000" /><testcase classname="tests.test_subscription_detection.TestMerchantNormalisation" name="test_takes_first_segment" time="0.000" /><testcase classname="tests.test_subscription_detection.TestMerchantNormalisation" name="test_empty_description" time="0.000" /><testcase classname="tests.test_subscription_detection.TestMerchantNormalisation" name="test_none_description" time="0.000" /><testcase classname="tests.test_subscription_detection.TestMerchantNormalisation" name="test_truncates_long_names" time="0.000" /><testcase classname="tests.test_subscription_detection.TestMerchantNormalisation" name="test_title_case_applied" time="0.000" /><testcase classname="tests.test_subscription_detection.TestMerchantNormalisation" name="test_i_deal_prefix" time="0.000" /><testcase classname="tests.test_subscription_detection.TestMerchantNormalisation" name="test_online_web_prefix" time="0.000" /><testcase classname="tests.test_subscription_detection.TestAmountConsistency" name="test_exact_same_amounts" time="0.000" /><testcase classname="tests.test_subscription_detection.TestAmountConsistency" name="test_single_amount" time="0.000" /><testcase classname="tests.test_subscription_detection.TestAmountConsistency" name="test_small_variance_within_absolute" time="0.000" /><testcase classname="tests.test_subscription_detection.TestAmountConsistency" name="test_slight_variance_within_percentage" time="0.000" /><testcase classname="tests.test_subscription_detection.TestAmountConsistency" name="test_large_variance" time="0.000" /><testcase classname="tests.test_subscription_detection.TestAmountConsistency" name="test_mixed_positive_negative" time="0.000" /><testcase classname="tests.test_subscription_detection.TestAmountConsistency" name="test_zero_amounts" time="0.000" /><testcase classname="tests.test_subscription_detection.TestAmountConsistency" name="test_moderate_variance_partial_score" time="0.000" /><testcase classname="tests.test_subscription_detection.TestFrequencyDetection" name="test_weekly" time="0.000" /><testcase classname="tests.test_subscription_detection.TestFrequencyDetection" name="test_monthly" time="0.000" /><testcase classname="tests.test_subscription_detection.TestFrequencyDetection" name="test_quarterly" time="0.000" /><testcase classname="tests.test_subscription_detection.TestFrequencyDetection" name="test_yearly" time="0.000" /><testcase classname="tests.test_subscription_detection.TestFrequencyDetection" name="test_biweekly" time="0.000" /><testcase classname="tests.test_subscription_detection.TestFrequencyDetection" name="test_semiannual" time="0.000" /><testcase classname="tests.test_subscription_detection.TestFrequencyDetection" name="test_no_interval_data" time="0.000" /><testcase classname="tests.test_subscription_detection.TestFrequencyDetection" name="test_irregular_intervals_return_none" time="0.000" /><testcase classname="tests.test_subscription_detection.TestFrequencyDetection" name="test_monthly_with_tolerance" time="0.000" /><testcase classname="tests.test_subscription_detection.TestConfidenceScoring" name="test_high_confidence" time="0.000" /><testcase classname="tests.test_subscription_detection.TestConfidenceScoring" name="test_medium_confidence" time="0.000" /><testcase classname="tests.test_subscription_detection.TestConfidenceScoring" name="test_low_confidence" time="0.000" /><testcase classname="tests.test_subscription_detection.TestConfidenceScoring" name="test_score_capped_at_one" time="0.000" /><testcase classname="tests.test_subscription_detection.TestConfidenceScoring" name="test_keyword_bonus" time="0.000" /><testcase classname="tests.test_subscription_detection.TestConfidenceScoring" name="test_category_bonus" time="0.000" /><testcase classname="tests.test_subscription_detection.TestCategoryClassification" name="test_netflix_is_streaming" time="0.000" /><testcase classname="tests.test_subscription_detection.TestCategoryClassification" name="test_spotify_is_streaming" time="0.000" /><testcase classname="tests.test_subscription_detection.TestCategoryClassification" name="test_dropbox_is_software" time="0.000" /><testcase classname="tests.test_subscription_detection.TestCategoryClassification" name="test_gym_is_fitness" time="0.000" /><testcase classname="tests.test_subscription_detection.TestCategoryClassification" name="test_patreon_is_donations" time="0.000" /><testcase classname="tests.test_subscription_detection.TestCategoryClassification" name="test_insurance_classification" time="0.000" /><testcase classname="tests.test_subscription_detection.TestCategoryClassification" name="test_unknown_description" time="0.000" /><testcase classname="tests.test_subscription_detection.TestCategoryClassification" name="test_none_description" time="0.000" /><testcase classname="tests.test_subscription_detection.TestCategoryClassification" name="test_empty_description" time="0.000" /><testcase classname="tests.test_subscription_detection.TestCategoryClassification" name="test_google_workspace_is_software" time="0.000" /><testcase classname="tests.test_subscription_detection.TestCategoryClassification" name="test_icloud_is_cloud_storage" time="0.000" /><testcase classname="tests.test_subscription_detection.TestCategoryClassification" name="test_disney_plus_is_streaming" time="0.000" /><testcase classname="tests.test_subscription_detection.TestSubscriptionKeywords" name="test_subscription_keyword" time="0.000" /><testcase classname="tests.test_subscription_detection.TestSubscriptionKeywords" name="test_premium_keyword" time="0.000" /><testcase classname="tests.test_subscription_detection.TestSubscriptionKeywords" name="test_renewal_keyword" time="0.000" /><testcase classname="tests.test_subscription_detection.TestSubscriptionKeywords" name="test_membership_keyword" time="0.000" /><testcase classname="tests.test_subscription_detection.TestSubscriptionKeywords" name="test_recurring_keyword" time="0.000" /><testcase classname="tests.test_subscription_detection.TestSubscriptionKeywords" name="test_no_keyword" time="0.000" /><testcase classname="tests.test_subscription_detection.TestSubscriptionKeywords" name="test_none_description" time="0.000" /><testcase classname="tests.test_subscription_detection.TestSubscriptionKeywords" name="test_empty_description" time="0.000" /><testcase classname="tests.test_subscription_detection.TestSubscriptionKeywords" name="test_direct_debit_keyword" time="0.000" /><testcase classname="tests.test_subscription_detection.TestSubscriptionKeywords" name="test_autopay_keyword" time="0.000" /><testcase classname="tests.test_subscription_detection.TestSubscriptionDetectorUnit" name="test_group_by_merchant_netflix" time="0.001" /><testcase classname="tests.test_subscription_detection.TestSubscriptionDetectorUnit" name="test_analyze_monthly_netflix_is_detected" time="0.001" /><testcase classname="tests.test_subscription_detection.TestSubscriptionDetectorUnit" name="test_weekly_coffee_not_detected" time="0.001" /><testcase classname="tests.test_subscription_detection.TestSubscriptionDetectorUnit" name="test_varying_amounts_not_detected" time="0.001" /><testcase classname="tests.test_subscription_detection.TestSubscriptionDetectorUnit" name="test_min_occurrences_filter" time="0.001" /><testcase classname="tests.test_subscription_detection.TestSubscriptionDetectorUnit" name="test_detect_empty_transactions" time="0.000" /><testcase classname="tests.test_subscription_detection.TestSubscriptionDetectorUnit" name="test_analysis_produces_correct_details" time="0.001" /><testcase classname="tests.test_subscription_detection.TestSubscriptionDetectorListUpdate" name="test_list_subscriptions_empty" time="0.002" /><testcase classname="tests.test_subscription_detection.TestSubscriptionDetectorListUpdate" name="test_update_subscription_not_found" time="0.002" /><testcase classname="tests.test_subscription_detection.TestSubscriptionDetectorListUpdate" name="test_update_subscription_tenant_mismatch" time="0.002" /><testcase classname="tests.test_subscription_detection.TestClusterEnrichment" name="test_enrich_known_merchant" time="0.000" /><testcase classname="tests.test_subscription_detection.TestClusterEnrichment" name="test_enrich_unknown_merchant_no_change" time="0.000" /><testcase classname="tests.test_subscription_detection.TestClusterEnrichment" name="test_enrich_no_classifications_returns_unchanged" time="0.000" /><testcase classname="tests.test_subscription_detection.TestClusterEnrichment" name="test_enrich_skips_method_without_sector_boost" time="0.000" /><testcase classname="tests.test_subscription_detection.TestClusterEnrichment" name="test_enrich_confidence_promotion" time="0.000" /><testcase classname="tests.test_subscription_detection.TestClusterEnrichment" name="test_enrich_cross_account_pattern" time="0.000" /><testcase classname="tests.test_subscription_detection.TestDedupTieBreaking" name="test_prefers_sector_data_on_equal_score" time="0.000" /><testcase classname="tests.test_subscription_detection.TestDedupTieBreaking" name="test_higher_score_wins_regardless_of_sector" time="0.000" /><testcase classname="tests.test_subscription_detection.TestDedupTieBreaking" name="test_empty_input" time="0.000" /><testcase classname="tests.test_subscription_detection.TestDedupTieBreaking" name="test_different_merchants_all_kept" time="0.000" /><testcase classname="tests.test_subscription_detection.TestAnalyzeMethod" name="test_analyze_with_empty_transactions" time="0.002" /><testcase classname="tests.test_subscription_detection.TestAnalyzeMethod" name="test_analyze_returns_dicts_not_orm_objects" time="0.002" /><testcase classname="tests.test_subscription_detection.TestAnalyzeMethod" name="test_analyze_passes_use_merchant_classifier_flag" time="0.001" /><testcase classname="tests.test_subscription_detection.TestRunAllDetectionEnrichment" name="test_enriches_cluster_results_in_pipeline" time="0.002" /><testcase classname="tests.test_subscription_detection.TestSubscriptionConfirmIgnoreDelete" name="test_confirm_subscription_success" time="0.002" /><testcase classname="tests.test_subscription_detection.TestSubscriptionConfirmIgnoreDelete" name="test_confirm_subscription_not_found" time="0.002" /><testcase classname="tests.test_subscription_detection.TestSubscriptionConfirmIgnoreDelete" name="test_confirm_subscription_tenant_mismatch" time="0.002" /><testcase classname="tests.test_subscription_detection.TestSubscriptionConfirmIgnoreDelete" name="test_confirm_subscription_appends_notes" time="0.002" /><testcase classname="tests.test_subscription_detection.TestSubscriptionConfirmIgnoreDelete" name="test_ignore_subscription_success" time="0.002" /><testcase classname="tests.test_subscription_detection.TestSubscriptionConfirmIgnoreDelete" name="test_ignore_subscription_without_reason" time="0.002" /><testcase classname="tests.test_subscription_detection.TestSubscriptionConfirmIgnoreDelete" name="test_ignore_subscription_not_found" time="0.002" /><testcase classname="tests.test_subscription_detection.TestSubscriptionConfirmIgnoreDelete" name="test_delete_subscription_success" time="0.003" /><testcase classname="tests.test_subscription_detection.TestSubscriptionConfirmIgnoreDelete" name="test_delete_subscription_not_found" time="0.001" /><testcase classname="tests.test_subscription_detection.TestSubscriptionConfirmIgnoreDelete" name="test_delete_subscription_tenant_mismatch" time="0.002" /><testcase classname="tests.test_subscription_detection_deep_coverage.TestPatternDetectorIsOutgoingEdgeCases" name="test_amount_str_raises_typeerror" time="0.000" /><testcase classname="tests.test_subscription_detection_deep_coverage.TestPatternDetectorIsOutgoingEdgeCases" name="test_amount_str_raises_valueerror_no_type_match" time="0.000" /><testcase classname="tests.test_subscription_detection_deep_coverage.TestPatternDetectorIsOutgoingEdgeCases" name="test_positive_amount_not_outgoing_falls_through" time="0.000" /><testcase classname="tests.test_subscription_detection_deep_coverage.TestPatternDetectorAmountOkEdgeCases" name="test_amount_str_raises_typeerror_returns_false" time="0.000" /><testcase classname="tests.test_subscription_detection_deep_coverage.TestPatternDetectorAmountOkEdgeCases" name="test_none_amount_returns_false" time="0.000" /><testcase classname="tests.test_subscription_detection_deep_coverage.TestPatternDetectorAmountOkEdgeCases" name="test_zero_amount_default_not_allowed" time="0.000" /><testcase classname="tests.test_subscription_detection_deep_coverage.TestPatternDetectorAmountOkEdgeCases" name="test_zero_amount_when_allowed" time="0.000" /><testcase classname="tests.test_subscription_detection_deep_coverage.TestPatternDetectorIrregularIntervals" name="test_cv_between_0_1_and_0_25_and_0_5" time="0.000" /><testcase classname="tests.test_subscription_detection_deep_coverage.TestPatternDetectorIrregularIntervals" name="test_cv_greater_than_0_5" time="0.000" /><testcase classname="tests.test_subscription_detection_deep_coverage.TestPatternDetectorRegularIntervalMethod" name="test_regular_interval_method_selected" time="0.000" /><testcase classname="tests.test_subscription_detection_deep_coverage.TestPatternDetectorUnknownClassificationType" name="test_unexpected_classification_type" time="0.000" /><testcase classname="tests.test_subscription_detection_deep_coverage.TestGroupByMerchantAndAmountEdgeCases" name="test_non_numeric_amount_skipped" time="0.000" /><testcase classname="tests.test_subscription_detection_deep_coverage.TestGroupByMerchantAndAmountEdgeCases" name="test_amount_none_skipped" time="0.000" /><testcase classname="tests.test_subscription_detection_deep_coverage.TestGroupByMerchantAndAmountEdgeCases" name="test_positive_amount_skipped" time="0.000" /><testcase classname="tests.test_subscription_detection_deep_coverage.TestOutgoingTransactionsEdgeCases" name="test_non_numeric_amount_skipped" time="0.000" /><testcase classname="tests.test_subscription_detection_deep_coverage.TestOutgoingTransactionsEdgeCases" name="test_amount_none_skipped" time="0.000" /><testcase classname="tests.test_subscription_detection_deep_coverage.TestAnalyzeGroupEdgeCases" name="test_same_date_transactions_produce_zero_intervals" time="0.000" /><testcase classname="tests.test_subscription_detection_deep_coverage.TestAnalyzeGroupEdgeCases" name="test_interval_regularity_cv_0_25_to_0_5" time="0.000" /><testcase classname="tests.test_subscription_detection_deep_coverage.TestAnalyzeGroupEdgeCases" name="test_interval_regularity_cv_greater_than_0_5" time="0.000" /><testcase classname="tests.test_subscription_detection_deep_coverage.TestAnalyzeGroupEdgeCases" name="test_interval_regularity_cv_0_1_to_0_25" time="0.000" /><testcase classname="tests.test_subscription_detection_deep_coverage.TestAnalyzeGroupEdgeCases" name="test_classification_as_plain_dict" time="0.000" /><testcase classname="tests.test_subscription_detection_deep_coverage.TestAnalyzeGroupEdgeCases" name="test_classification_as_unknown_object" time="0.000" /><testcase classname="tests.test_subscription_detection_deep_coverage.TestAnalyzeGroupDetectionMethod" name="test_similar_amount_method" time="0.000" /><testcase classname="tests.test_subscription_detection_deep_coverage.TestAnalyzeGroupDetectionMethod" name="test_regular_interval_method_in_service" time="0.000" /><testcase classname="tests.test_subscription_detection_deep_coverage.TestMerchantOnlySubscriptionConfidence" name="test_high_confidence_merchant_only" time="0.001" /><testcase classname="tests.test_subscription_detection_deep_coverage.TestMerchantOnlySubscriptionConfidence" name="test_medium_confidence_merchant_only" time="0.001" /><testcase classname="tests.test_subscription_detection_deep_coverage.TestResolveOverlapsEdgeCases" name="test_zero_amount_subscriptions_not_deduplicated" time="0.000" /><testcase classname="tests.test_subscription_detection_deep_coverage.TestResolveOverlapsEdgeCases" name="test_single_subscription_passes_through" time="0.000" /><testcase classname="tests.test_subscription_detection_deep_coverage.TestResolveOverlapsEdgeCases" name="test_empty_list_returns_empty" time="0.000" /><testcase classname="tests.test_subscription_detection_deep_coverage.TestResolveOverlapsEdgeCases" name="test_subscription_with_zero_amount_both" time="0.000" /><testcase classname="tests.test_subscription_detection_deep_coverage.TestDetectSubscriptionsDBBacked" name="test_db_backed_path" time="0.001" /><testcase classname="tests.test_subscription_detection_deep_coverage.TestDetectSubscriptionsDBBacked" name="test_db_backed_with_data" time="0.001" /><testcase classname="tests.test_subscription_detection_deep_coverage.TestFetchTransactionsDB" name="test_fetch_transactions_with_default_dates" time="0.002" /><testcase classname="tests.test_subscription_detection_deep_coverage.TestFetchTransactionsDB" name="test_fetch_transactions_with_explicit_dates" time="0.002" /><testcase classname="tests.test_subscription_detection_deep_coverage.TestFetchTransactionsDB" name="test_detect_subscriptions_triggers_fetch" time="0.001" /><testcase classname="tests.test_subscription_detection_deep_coverage.TestHasCancellationSignal" name="test_cancellation_matches" time="0.000" /><testcase classname="tests.test_subscription_detection_deep_coverage.TestHasCancellationSignal" name="test_no_cancellation_signal" time="0.000" /><testcase classname="tests.test_subscription_detection_deep_coverage.TestHasCancellationSignal" name="test_cancellation_partial_word_no_match" time="0.000" /><testcase classname="tests.test_subscription_detection_deep_coverage.TestHasCancellationSignal" name="test_edge_single_char" time="0.000" /><testcase classname="tests.test_subscription_detection_deep_coverage.TestServiceConfig" name="test_default_config" time="0.000" /><testcase classname="tests.test_subscription_detection_deep_coverage.TestServiceConfig" name="test_custom_config" time="0.000" /><testcase classname="tests.test_subscription_detection_deep_coverage.TestFindClassifiedWithoutPattern" name="test_merchant_not_subscription_false_skipped" time="0.000" /><testcase classname="tests.test_subscription_detection_deep_coverage.TestFindClassifiedWithoutPattern" name="test_merchant_in_pattern_skipped" time="0.000" /><testcase classname="tests.test_subscription_detection_deep_coverage.TestFindClassifiedWithoutPattern" name="test_merchant_no_outgoing_skipped" time="0.000" /><testcase classname="tests.test_subscription_detection_deep_coverage.TestFindClassifiedWithoutPattern" name="test_merchant_below_threshold_skipped" time="0.000" /><testcase classname="tests.test_subscription_detection_deep_coverage.TestFindClassifiedWithoutPattern" name="test_merchant_confidence_threshold_passed" time="0.000" /><testcase classname="tests.test_subscription_detection_deep_coverage.TestDetectSubscriptionsEdgeCases" name="test_classifier_not_subscription_no_cross_validation" time="0.002" /><testcase classname="tests.test_subscription_detection_deep_coverage.TestDetectSubscriptionsEdgeCases" name="test_mixed_cancellation_and_normal_descriptions" time="0.002" /><testcase classname="tests.test_subscription_detection_deep_coverage.TestDetectSubscriptionsDateFilters" name="test_date_filters_passed_through" time="0.001" /><testcase classname="tests.test_subscription_detection_deep_coverage.TestResultToSubscriptionAllMethods" name="test_hybrid_method_survives" time="0.000" /><testcase classname="tests.test_subscription_detection_deep_coverage.TestResultToSubscriptionAllMethods" name="test_merchant_classification_method_survives" time="0.000" /><testcase classname="tests.test_subscription_detection_deep_coverage.TestDetectSubscriptionsExceptionHandlers" name="test_classification_failure_isolation" time="0.002" /><testcase classname="tests.test_subscription_detection_deep_coverage.TestDetectSubscriptionsExceptionHandlers" name="test_pattern_detection_failure_isolation" time="0.002" /><testcase classname="tests.test_subscription_detection_deep_coverage.TestDetectSubscriptionsExceptionHandlers" name="test_subscription_construction_failure_isolation" time="0.002" /><testcase classname="tests.test_subscription_detection_deep_coverage.TestDetectSubscriptionsExceptionHandlers" name="test_merchant_only_construction_failure_isolation" time="0.002" /><testcase classname="tests.test_subscription_detection_deep_coverage.TestDetectSubscriptionsExceptionHandlers" name="test_overlap_resolution_failure_isolation" time="0.002" /><testcase classname="tests.test_subscription_detection_deep_coverage.TestDetectSubscriptionsExceptionHandlers" name="test_sort_failure_isolation" time="0.001" /><testcase classname="tests.test_subscription_detection_deep_coverage.TestMerchantClassifierDBBacked" name="test_db_classifier_success" time="0.001" /><testcase classname="tests.test_subscription_detection_deep_coverage.TestMerchantClassifierDBBacked" name="test_db_classifier_failure_fallback" time="0.002" /><testcase classname="tests.test_subscription_detection_deep_coverage.TestFindClassifiedWithoutPatternException" name="test_find_classified_without_pattern_raises" time="0.001" /><testcase classname="tests.test_subscription_detection_deep_coverage.TestFetchTransactionsRuntimeError" name="test_no_session_factory_raises" time="0.001" /><testcase classname="tests.test_subscription_detection_deep_coverage.TestAnalyzeGroupStepChangeFallback" name="test_step_score_fills_consistency" time="0.000" /><testcase classname="tests.test_subscription_detection_deep_coverage.TestAnalyzeGroupNoneDates" name="test_none_dates_do_not_crash" time="0.000" /><testcase classname="tests.test_subscription_detection_deep_coverage.TestPatternDetectorEdgeCases" name="test_empty_transactions_list" time="0.000" /><testcase classname="tests.test_subscription_detection_deep_coverage.TestPatternDetectorEdgeCases" name="test_no_outgoing_transactions" time="0.000" /><testcase classname="tests.test_subscription_detection_deep_coverage.TestPatternDetectorEdgeCases" name="test_positive_amount_not_outgoing" time="0.000" /><testcase classname="tests.test_subscription_detection_deep_coverage.TestPatternDetectorEdgeCases" name="test_step_change_overrides_consistency" time="0.000" /><testcase classname="tests.test_subscription_detection_deep_coverage.TestPatternDetectorEdgeCases" name="test_none_dates_in_pattern_detector" time="0.000" /><testcase classname="tests.test_subscription_detection_deep_coverage.TestPatternDetectorClassificationEdgeCases" name="test_classification_as_empty_dict" time="0.000" /><testcase classname="tests.test_subscription_detection_deep_coverage.TestPatternDetectorClassificationEdgeCases" name="test_classification_with_full_sector" time="0.000" /><testcase classname="tests.test_subscription_detection_deep_coverage.TestPatternDetectorClassificationEdgeCases" name="test_classification_no_likelihood_score" time="0.000" /><testcase classname="tests.test_subscription_detection_deep_coverage.TestPatternDetectorClassificationEdgeCases" name="test_classification_with_zero_likelihood" time="0.000" /><testcase classname="tests.test_subscription_detection_extras.TestMerchantNormalisationExtras" name="test_description_with_reference_number_stripped" time="0.000" /><testcase classname="tests.test_subscription_detection_extras.TestMerchantNormalisationExtras" name="test_description_with_long_number_stripped" time="0.000" /><testcase classname="tests.test_subscription_detection_extras.TestFetchOutgoingTransactions" name="test_fetch_with_results" time="0.002" /><testcase classname="tests.test_subscription_detection_extras.TestFetchOutgoingTransactions" name="test_fetch_empty" time="0.002" /><testcase classname="tests.test_subscription_detection_extras.TestAnalyzeGroups" name="test_analyze_groups_filters_non_payment_types" time="0.001" /><testcase classname="tests.test_subscription_detection_extras.TestAnalyzeGroups" name="test_analyze_groups_uses_classification_data" time="0.001" /><testcase classname="tests.test_subscription_detection_extras.TestAnalyzeMerchantGroupExtras" name="test_zero_amount_consistency_returns_none" time="0.000" /><testcase classname="tests.test_subscription_detection_extras.TestAnalyzeMerchantGroupExtras" name="test_irregular_intervals_low_regularity" time="0.001" /><testcase classname="tests.test_subscription_detection_extras.TestAnalyzeMerchantGroupExtras" name="test_with_sector_boost_merchant_classification_method" time="0.001" /><testcase classname="tests.test_subscription_detection_extras.TestDetectMethod" name="test_detect_empty_transactions" time="0.002" /><testcase classname="tests.test_subscription_detection_extras.TestDetectMethod" name="test_detect_with_transactions" time="0.004" /><testcase classname="tests.test_subscription_detection_extras.TestDetectWithClustering" name="test_detect_with_clustering_delegates_to_detect" time="0.001" /><testcase classname="tests.test_subscription_detection_extras.TestClassifyMerchants" name="test_classify_known_merchant" time="0.001" /><testcase classname="tests.test_subscription_detection_extras.TestClassifyMerchants" name="test_classify_unknown_merchant" time="0.001" /><testcase classname="tests.test_subscription_detection_extras.TestClassifyMerchants" name="test_classify_merchant_with_category" time="0.001" /><testcase classname="tests.test_subscription_detection_extras.TestPersistSubscriptions" name="test_persist_new_subscriptions" time="0.003" /><testcase classname="tests.test_subscription_detection_extras.TestPersistSubscriptions" name="test_persist_skips_existing" time="0.002" /><testcase classname="tests.test_subscription_detection_extras.TestPersistSubscriptions" name="test_persist_empty_list" time="0.001" /><testcase classname="tests.test_subscription_detection_extras.TestUpdateSubscriptionExtras" name="test_update_with_all_params" time="0.002" /><testcase classname="tests.test_subscription_detection_extras.TestUpdateSubscriptionExtras" name="test_update_with_only_status" time="0.002" /><testcase classname="tests.test_subscription_detection_extras.TestRunAllDetectionEdgeCases" name="test_clustering_failure_does_not_block" time="0.001" /><testcase classname="tests.test_subscription_detection_extras.TestRunAllDetectionEdgeCases" name="test_classify_merchants_failure_still_returns_results" time="0.001" /><testcase classname="tests.test_subscription_detection_extras.TestRunAllDetectionEdgeCases" name="test_classify_merchants_internal_exception_caught" time="0.001" /><testcase classname="tests.test_subscription_detection_extras.TestRunAllDetectionEdgeCases" name="test_without_merchant_classifier" time="0.001" /><testcase classname="tests.test_subscription_detection_extras.TestNormaliseMerchantDefaults" name="test_merchant_name_line_235_default" time="0.000" /><testcase classname="tests.test_subscription_detection_extras.TestDetectDefaultDates" name="test_detect_with_default_dates_empty" time="0.002" /><testcase classname="tests.test_subscription_detection_extras.TestDetectDefaultDates" name="test_analyze_with_default_dates_empty" time="0.001" /><testcase classname="tests.test_subscription_detection_extras.TestAnalyzeGroupsFilterExtras" name="test_analyze_groups_enough_payments_after_filter" time="0.001" /><testcase classname="tests.test_subscription_detection_extras.TestIntervalRegularityBranches" name="test_interval_cv_between_025_and_05" time="0.001" /><testcase classname="tests.test_subscription_detection_extras.TestIntervalRegularityBranches" name="test_interval_cv_below_01" time="0.000" /><testcase classname="tests.test_subscription_detection_extras.TestIntervalRegularityBranches" name="test_single_interval_no_variance" time="0.000" /><testcase classname="tests.test_subscription_detection_extras.TestIntervalRegularityBranches" name="test_detection_method_regular_interval" time="0.001" /><testcase classname="tests.test_subscription_detection_extras.TestIgnoreSubscriptionReason" name="test_ignore_with_reason_appends" time="0.002" /><testcase classname="tests.test_subscription_detection_integration.TestMergeCrossValidated" name="test_merchant_score_higher_becomes_base" time="0.000" /><testcase classname="tests.test_subscription_detection_integration.TestMergeCrossValidated" name="test_cluster_score_higher_becomes_base" time="0.000" /><testcase classname="tests.test_subscription_detection_integration.TestMergeCrossValidated" name="test_missing_sector_filled_from_other" time="0.000" /><testcase classname="tests.test_subscription_detection_integration.TestMergeCrossValidated" name="test_merchant_ids_and_cluster_ids_merged" time="0.000" /><testcase classname="tests.test_subscription_detection_integration.TestMergeCrossValidated" name="test_occurrence_count_takes_max" time="0.000" /><testcase classname="tests.test_subscription_detection_integration.TestMergeCrossValidated" name="test_cross_validation_flag_in_details" time="0.000" /><testcase classname="tests.test_subscription_detection_integration.TestMergeCrossValidated" name="test_low_confidence_not_upgraded_below_medium_threshold" time="0.000" /><testcase classname="tests.test_subscription_detection_integration.TestMergeCrossValidated" name="test_score_capped_at_one" time="0.000" /><testcase classname="tests.test_subscription_detection_integration.TestMergeCrossValidated" name="test_high_confidence_stays_high" time="0.000" /><testcase classname="tests.test_subscription_detection_integration.TestCrossReferenceResults" name="test_both_methods_detect_same_merchant" time="0.001" /><testcase classname="tests.test_subscription_detection_integration.TestCrossReferenceResults" name="test_no_overlap_preserves_both_sources" time="0.002" /><testcase classname="tests.test_subscription_detection_integration.TestCrossReferenceResults" name="test_partial_overlap" time="0.001" /><testcase classname="tests.test_subscription_detection_integration.TestCrossReferenceResults" name="test_empty_merchant_results" time="0.001" /><testcase classname="tests.test_subscription_detection_integration.TestCrossReferenceResults" name="test_empty_cluster_results" time="0.001" /><testcase classname="tests.test_subscription_detection_integration.TestCrossReferenceResults" name="test_both_empty" time="0.001" /><testcase classname="tests.test_subscription_detection_integration.TestCrossReferenceResults" name="test_cross_validated_are_first" time="0.001" /><testcase classname="tests.test_subscription_detection_integration.TestRunAllDetectionIntegration" name="test_pipeline_cross_references_overlapping_merchants" time="0.003" /><testcase classname="tests.test_subscription_detection_integration.TestRunAllDetectionIntegration" name="test_pipeline_without_classifier_still_cross_references" time="0.002" /><testcase classname="tests.test_subscription_detection_integration.TestRunAllDetectionIntegration" name="test_clustering_failure_still_returns_merchant_results" time="0.002" /><testcase classname="tests.test_subscription_detection_integration.TestRunAllDetectionIntegration" name="test_hybrid_detection_with_sector_data" time="0.002" /><testcase classname="tests.test_subscription_detection_integration.TestDetectPipelineWithCrossReferencing" name="test_detect_delegates_to_cross_reference" time="0.002" /><testcase classname="tests.test_subscription_detection_service.TestSubscriptionDataclass" name="test_minimal_init" time="0.000" /><testcase classname="tests.test_subscription_detection_service.TestSubscriptionDataclass" name="test_full_init" time="0.000" /><testcase classname="tests.test_subscription_detection_service.TestServiceConstruction" name="test_with_session_factory" time="0.000" /><testcase classname="tests.test_subscription_detection_service.TestServiceConstruction" name="test_with_custom_min_occurrences" time="0.000" /><testcase classname="tests.test_subscription_detection_service.TestServiceConstruction" name="test_without_session_factory" time="0.000" /><testcase classname="tests.test_subscription_detection_service.TestDetectSubscriptionsInputValidation" name="test_no_transactions_no_factory_raises" time="0.002" /><testcase classname="tests.test_subscription_detection_service.TestDetectSubscriptionsInputValidation" name="test_empty_transactions_returns_empty" time="0.001" /><testcase classname="tests.test_subscription_detection_service.TestDetectSubscriptionsBasic" name="test_monthly_netflix_detected" time="0.001" /><testcase classname="tests.test_subscription_detection_service.TestDetectSubscriptionsBasic" name="test_multiple_merchants" time="0.002" /><testcase classname="tests.test_subscription_detection_service.TestDetectSubscriptionsBasic" name="test_non_recurring_not_detected" time="0.001" /><testcase classname="tests.test_subscription_detection_service.TestDetectSubscriptionsCrossValidation" name="test_hybrid_detection_with_cross_validation" time="0.002" /><testcase classname="tests.test_subscription_detection_service.TestDetectSubscriptionsCrossValidation" name="test_merchant_only_when_pattern_insufficient" time="0.002" /><testcase classname="tests.test_subscription_detection_service.TestDetectSubscriptionsCrossValidation" name="test_low_conf_merchant_not_included_without_pattern" time="0.001" /><testcase classname="tests.test_subscription_detection_service.TestDetectSubscriptionsCancellation" name="test_cancelled_subscription_marked_cancelled" time="0.001" /><testcase classname="tests.test_subscription_detection_service.TestDetectSubscriptionsCancellation" name="test_refund_signal_detected" time="0.001" /><testcase classname="tests.test_subscription_detection_service.TestDetectSubscriptionsMultipleSameMerchant" name="test_two_plans_at_different_amounts" time="0.002" /><testcase classname="tests.test_subscription_detection_service.TestDetectSubscriptionsMultipleSameMerchant" name="test_same_amount_dedup" time="0.001" /><testcase classname="tests.test_subscription_detection_service.TestClassifyAllMerchants" name="test_classifies_unique_merchants" time="0.001" /><testcase classname="tests.test_subscription_detection_service.TestClassifyAllMerchants" name="test_detects_cancellation_signals" time="0.001" /><testcase classname="tests.test_subscription_detection_service.TestClassifyAllMerchants" name="test_empty_transactions" time="0.001" /><testcase classname="tests.test_subscription_detection_service.TestGroupByMerchantAndAmount" name="test_groups_by_merchant_and_amount" time="0.000" /><testcase classname="tests.test_subscription_detection_service.TestGroupByMerchantAndAmount" name="test_positive_amounts_excluded" time="0.000" /><testcase classname="tests.test_subscription_detection_service.TestGroupByMerchantAndAmount" name="test_none_amount_excluded" time="0.000" /><testcase classname="tests.test_subscription_detection_service.TestOutgoingTransactions" name="test_filters_outgoing_only" time="0.000" /><testcase classname="tests.test_subscription_detection_service.TestOutgoingTransactions" name="test_empty_input" time="0.000" /><testcase classname="tests.test_subscription_detection_service.TestAnalyzeGroup" name="test_inconsistent_amounts_return_none" time="0.000" /><testcase classname="tests.test_subscription_detection_service.TestAnalyzeGroup" name="test_consistent_amounts_returns_result" time="0.000" /><testcase classname="tests.test_subscription_detection_service.TestAnalyzeGroup" name="test_with_classification_data" time="0.001" /><testcase classname="tests.test_subscription_detection_service.TestAnalyzeGroup" name="test_with_classification_as_dict" time="0.000" /><testcase classname="tests.test_subscription_detection_service.TestResultToSubscription" name="test_converts_result_dict" time="0.000" /><testcase classname="tests.test_subscription_detection_service.TestResultToSubscription" name="test_cancelled_true" time="0.000" /><testcase classname="tests.test_subscription_detection_service.TestResultToSubscription" name="test_missing_fields_default" time="0.000" /><testcase classname="tests.test_subscription_detection_service.TestMerchantOnlySubscription" name="test_merchant_only_result" time="0.001" /><testcase classname="tests.test_subscription_detection_service.TestMerchantOnlySubscription" name="test_cancelled_merchant" time="0.001" /><testcase classname="tests.test_subscription_detection_service.TestMerchantOnlySubscription" name="test_low_confidence_merchant_only" time="0.001" /><testcase classname="tests.test_subscription_detection_service.TestApplyCrossValidation" name="test_upgrades_to_hybrid" time="0.001" /><testcase classname="tests.test_subscription_detection_service.TestApplyCrossValidation" name="test_cross_validation_medium_confidence" time="0.001" /><testcase classname="tests.test_subscription_detection_service.TestApplyCrossValidation" name="test_cross_validation_low_stays_low" time="0.001" /><testcase classname="tests.test_subscription_detection_service.TestApplyCrossValidation" name="test_does_not_double_upgrade" time="0.001" /><testcase classname="tests.test_subscription_detection_service.TestApplyCrossValidation" name="test_no_upgrade_when_not_subscription" time="0.001" /><testcase classname="tests.test_subscription_detection_service.TestApplyCrossValidation" name="test_sector_filled_if_missing" time="0.001" /><testcase classname="tests.test_subscription_detection_service.TestApplyCrossValidation" name="test_custom_bonus" time="0.001" /><testcase classname="tests.test_subscription_detection_service.TestResolveOverlaps" name="test_empty_list" time="0.000" /><testcase classname="tests.test_subscription_detection_service.TestResolveOverlaps" name="test_no_duplicates" time="0.000" /><testcase classname="tests.test_subscription_detection_service.TestResolveOverlaps" name="test_same_merchant_same_amount_dedup" time="0.000" /><testcase classname="tests.test_subscription_detection_service.TestResolveOverlaps" name="test_same_merchant_different_preserved" time="0.000" /><testcase classname="tests.test_subscription_detection_service.TestResolveOverlaps" name="test_same_merchant_amount_within_tolerance" time="0.000" /><testcase classname="tests.test_subscription_detection_service.TestResolveOverlaps" name="test_overlap_with_zero_amount_excluded" time="0.000" /><testcase classname="tests.test_subscription_detection_service.TestFindClassifiedWithoutPattern" name="test_merchant_without_pattern_included" time="0.001" /><testcase classname="tests.test_subscription_detection_service.TestFindClassifiedWithoutPattern" name="test_merchant_with_pattern_excluded" time="0.001" /><testcase classname="tests.test_subscription_detection_service.TestFindClassifiedWithoutPattern" name="test_low_conf_merchant_excluded" time="0.001" /><testcase classname="tests.test_subscription_detection_service.TestFindClassifiedWithoutPattern" name="test_not_subscription_excluded" time="0.001" /><testcase classname="tests.test_subscription_detection_service.TestHasCancellationSignalStatic" name="test_cancellation_keyword" time="0.000" /><testcase classname="tests.test_subscription_detection_service.TestHasCancellationSignalStatic" name="test_cancel_keyword" time="0.000" /><testcase classname="tests.test_subscription_detection_service.TestHasCancellationSignalStatic" name="test_terminated_keyword" time="0.000" /><testcase classname="tests.test_subscription_detection_service.TestHasCancellationSignalStatic" name="test_ended_keyword" time="0.000" /><testcase classname="tests.test_subscription_detection_service.TestHasCancellationSignalStatic" name="test_closed_keyword" time="0.000" /><testcase classname="tests.test_subscription_detection_service.TestHasCancellationSignalStatic" name="test_deactivated_keyword" time="0.000" /><testcase classname="tests.test_subscription_detection_service.TestHasCancellationSignalStatic" name="test_stopped_keyword" time="0.000" /><testcase classname="tests.test_subscription_detection_service.TestHasCancellationSignalStatic" name="test_refund_keyword" time="0.000" /><testcase classname="tests.test_subscription_detection_service.TestHasCancellationSignalStatic" name="test_reversal_keyword" time="0.000" /><testcase classname="tests.test_subscription_detection_service.TestHasCancellationSignalStatic" name="test_chargeback_keyword" time="0.000" /><testcase classname="tests.test_subscription_detection_service.TestHasCancellationSignalStatic" name="test_no_cancellation_signal" time="0.000" /><testcase classname="tests.test_subscription_detection_service.TestHasCancellationSignalStatic" name="test_empty_string" time="0.000" /><testcase classname="tests.test_subscription_detection_service.TestHasCancellationSignalStatic" name="test_normal_payment_no_signal" time="0.000" /><testcase classname="tests.test_subscription_detection_service.TestHasCancellationSignalFree" name="test_cancellation_keyword" time="0.000" /><testcase classname="tests.test_subscription_detection_service.TestHasCancellationSignalFree" name="test_refund_keyword" time="0.000" /><testcase classname="tests.test_subscription_detection_service.TestHasCancellationSignalFree" name="test_no_signal" time="0.000" /><testcase classname="tests.test_subscription_detection_service.TestHasCancellationSignalFree" name="test_case_insensitive" time="0.000" /><testcase classname="tests.test_subscription_detection_service.TestConfigurableThresholds" name="test_config_property_with_defaults" time="0.000" /><testcase classname="tests.test_subscription_detection_service.TestConfigurableThresholds" name="test_config_property_with_custom_values" time="0.000" /><testcase classname="tests.test_subscription_detection_service.TestConfigurableThresholds" name="test_higher_merchant_only_threshold_excludes_low_conf" time="0.002" /><testcase classname="tests.test_subscription_detection_service.TestConfigurableThresholds" name="test_higher_merchant_only_threshold_blocks_mid_conf" time="0.001" /><testcase classname="tests.test_subscription_detection_service.TestConfigurableThresholds" name="test_lower_cross_validation_bonus" time="0.002" /><testcase classname="tests.test_subscription_detection_service.TestConfigurableThresholds" name="test_custom_amount_bucket_tolerance" time="0.003" /><testcase classname="tests.test_subscription_detection_service.TestDetectSubscriptionsFundamentals" name="test_no_merchant_classifier_falls_back_to_standalone" time="0.001" /><testcase classname="tests.test_subscription_detection_service.TestDetectSubscriptionsFundamentals" name="test_merchant_classifier_enriches_with_fundamentals" time="0.002" /><testcase classname="tests.test_subscription_detection_service.TestDetectSubscriptionsFundamentals" name="test_merchant_classifier_only_merchants_carry_fundamentals" time="0.001" /><testcase classname="tests.test_subscriptions_api.TestListSubscriptionsEndpoint" name="test_list_empty" time="0.221" /><testcase classname="tests.test_subscriptions_api.TestListSubscriptionsEndpoint" name="test_list_with_subscriptions" time="0.121" /><testcase classname="tests.test_subscriptions_api.TestListSubscriptionsEndpoint" name="test_list_filters_by_status" time="0.120" /><testcase classname="tests.test_subscriptions_api.TestListSubscriptionsEndpoint" name="test_list_filters_by_confidence" time="0.120" /><testcase classname="tests.test_subscriptions_api.TestListSubscriptionsEndpoint" name="test_list_pagination" time="0.121" /><testcase classname="tests.test_subscriptions_api.TestListSubscriptionsEndpoint" name="test_list_response_shape" time="0.222" /><testcase classname="tests.test_subscriptions_api.TestListSubscriptionsEndpoint" name="test_list_default_params" time="0.120" /><testcase classname="tests.test_subscriptions_api.TestListSubscriptionsEndpoint" name="test_list_requires_auth" time="0.119" /><testcase classname="tests.test_subscriptions_api.TestDetectSubscriptionEndpoint" name="test_detect_empty" time="0.119" /><testcase classname="tests.test_subscriptions_api.TestDetectSubscriptionEndpoint" name="test_detect_returns_subscriptions" time="0.120" /><testcase classname="tests.test_subscriptions_api.TestDetectSubscriptionEndpoint" name="test_detect_response_shape" time="0.121" /><testcase classname="tests.test_subscriptions_api.TestDetectSubscriptionEndpoint" name="test_detect_passes_parameters" time="0.223" /><testcase classname="tests.test_subscriptions_api.TestDetectSubscriptionEndpoint" name="test_detect_requires_auth" time="0.120" /><testcase classname="tests.test_subscriptions_api.TestGetDetectedSubscriptionsEndpoint" name="test_detected_empty" time="0.121" /><testcase classname="tests.test_subscriptions_api.TestGetDetectedSubscriptionsEndpoint" name="test_detected_returns_subscriptions" time="0.120" /><testcase classname="tests.test_subscriptions_api.TestGetDetectedSubscriptionsEndpoint" name="test_detected_response_shape" time="0.120" /><testcase classname="tests.test_subscriptions_api.TestGetDetectedSubscriptionsEndpoint" name="test_detected_passes_query_parameters" time="0.119" /><testcase classname="tests.test_subscriptions_api.TestGetDetectedSubscriptionsEndpoint" name="test_detected_uses_default_min_occurrences" time="0.228" /><testcase classname="tests.test_subscriptions_api.TestGetDetectedSubscriptionsEndpoint" name="test_detected_requires_auth" time="0.120" /><testcase classname="tests.test_sync_orchestrator.TestSyncResult" name="test_construct_and_repr" time="0.000" /><testcase classname="tests.test_sync_orchestrator.TestSyncResult" name="test_failed_result" time="0.000" /><testcase classname="tests.test_sync_orchestrator.TestReconciliationRunSummary" name="test_construct_and_repr" time="0.000" /><testcase classname="tests.test_sync_orchestrator.TestReconciliationRunSummary" name="test_no_findings" time="0.000" /><testcase classname="tests.test_sync_orchestrator.TestReconciliationRunSummary" name="test_failed_run" time="0.000" /><testcase classname="tests.test_sync_orchestrator.TestSyncOrchestratorInit" name="test_constructor" time="0.000" /><testcase classname="tests.test_sync_orchestrator.TestSyncOrchestratorInit" name="test_constructor_with_settings" time="0.000" /><testcase classname="tests.test_sync_orchestrator.TestSyncOrchestratorInit" name="test_reconciliation_after_sync_enabled_default" time="0.001" /><testcase classname="tests.test_sync_orchestrator.TestSyncOrchestratorInit" name="test_reconciliation_after_sync_enabled_when_setting_true" time="0.000" /><testcase classname="tests.test_sync_orchestrator.TestSyncOrchestratorInit" name="test_reconciliation_after_sync_enabled_when_setting_false" time="0.000" /><testcase classname="tests.test_sync_orchestrator.TestSyncOrchestratorRunReconciliation" name="test_run_reconciliation_completed" time="0.003" /><testcase classname="tests.test_sync_orchestrator.TestSyncOrchestratorRunReconciliation" name="test_run_reconciliation_emits_outbox" time="0.003" /><testcase classname="tests.test_sync_orchestrator.TestSyncOrchestratorRunReconciliation" name="test_run_reconciliation_skips_outbox_on_failure" time="0.002" /><testcase classname="tests.test_sync_orchestrator.TestSyncOrchestratorRunReconciliation" name="test_run_reconciliation_outbox_failure_does_not_crash" time="0.002" /><testcase classname="tests.test_sync_orchestrator.TestSyncOrchestratorRunReconciliation" name="test_run_reconciliation_failed" time="0.002" /><testcase classname="tests.test_sync_orchestrator.TestSyncOrchestratorRunPipeline" name="test_full_pipeline" time="0.004" /><testcase classname="tests.test_sync_orchestrator.TestSyncOrchestratorRunPipeline" name="test_permanent_error_handling" time="0.004" /><testcase classname="tests.test_sync_orchestrator.TestSyncOrchestratorRunPipeline" name="test_transient_error_handling" time="0.003" /><testcase classname="tests.test_sync_orchestrator.TestUpsertAccount" name="test_upsert_creates_new_account" time="0.002" /><testcase classname="tests.test_sync_orchestrator.TestUpsertAccount" name="test_upsert_updates_existing" time="0.002" /><testcase classname="tests.test_sync_orchestrator.TestUpsertTransaction" name="test_upsert_creates_new_transaction" time="0.002" /><testcase classname="tests.test_sync_orchestrator.TestAutoReconciliationAfterSync" name="test_reconciliation_runs_after_successful_sync" time="0.002" /><testcase classname="tests.test_sync_orchestrator.TestAutoReconciliationAfterSync" name="test_reconciliation_skipped_on_failed_sync" time="0.003" /><testcase classname="tests.test_sync_orchestrator.TestAutoReconciliationAfterSync" name="test_reconciliation_error_does_not_crash_sync" time="0.002" /><testcase classname="tests.test_sync_orchestrator.TestAutoReconciliationDisabled" name="test_reconciliation_skipped_when_disabled" time="0.002" /><testcase classname="tests.test_sync_orchestrator" name="test_sync_run_create_and_complete" time="0.012" /><testcase classname="tests.test_sync_orchestrator" name="test_sync_run_failed" time="0.010" /><testcase classname="tests.test_sync_orchestrator.TestSyncOrchestratorRunSync" name="test_auto_reconciles_after_successful_sync" time="0.009" /><testcase classname="tests.test_sync_orchestrator.TestSyncOrchestratorRunSync" name="test_skips_reconciliation_on_failed_sync" time="0.003" /><testcase classname="tests.test_sync_orchestrator.TestSyncOrchestratorRunSync" name="test_reconciliation_failure_does_not_affect_sync_result" time="0.005" /><testcase classname="tests.test_sync_orchestrator.TestSyncOrchestratorRunSyncDisabled" name="test_skips_reconciliation_when_disabled" time="0.005" /><testcase classname="tests.test_sync_outbox.TestAddOutboxMessage" name="test_creates_message" time="0.001" /><testcase classname="tests.test_sync_outbox.TestAddOutboxMessage" name="test_default_payload" time="0.001" /><testcase classname="tests.test_sync_outbox.TestAddOutboxMessage" name="test_default_idempotency_key" time="0.001" /><testcase classname="tests.test_sync_outbox.TestOutboxEntityCreated" name="test_creates_entity_created_message" time="0.001" /><testcase classname="tests.test_sync_outbox.TestOutboxEntityCreated" name="test_no_entity_data" time="0.001" /><testcase classname="tests.test_sync_outbox.TestOutboxEntityUpdated" name="test_creates_entity_updated_message" time="0.001" /><testcase classname="tests.test_sync_outbox.TestOutboxEntityUpdated" name="test_no_changed_fields" time="0.001" /><testcase classname="tests.test_sync_outbox.TestOutboxReconciliationCompleted" name="test_creates_completed_message" time="0.001" /><testcase classname="tests.test_sync_outbox.TestOutboxReconciliationCompleted" name="test_default_summary" time="0.001" /><testcase classname="tests.test_sync_outbox.TestOutboxReconciliationCompleted" name="test_zero_findings" time="0.001" /><testcase classname="tests.test_sync_reconciliation.TestDetectMissing" name="test_both_empty" time="0.000" /><testcase classname="tests.test_sync_reconciliation.TestDetectMissing" name="test_identical_lists" time="0.001" /><testcase classname="tests.test_sync_reconciliation.TestDetectMissing" name="test_missing_in_b" time="0.001" /><testcase classname="tests.test_sync_reconciliation.TestDetectMissing" name="test_missing_in_a" time="0.000" /><testcase classname="tests.test_sync_reconciliation.TestDetectMissing" name="test_bidirectional_missing" time="0.000" /><testcase classname="tests.test_sync_reconciliation.TestDetectMissing" name="test_fully_disjoint" time="0.000" /><testcase classname="tests.test_sync_reconciliation.TestDetectMissing" name="test_custom_key_function" time="0.000" /><testcase classname="tests.test_sync_reconciliation.TestDetectMissing" name="test_duplicate_keys_in_one_side" time="0.000" /><testcase classname="tests.test_sync_reconciliation.TestDetectMissing" name="test_from_canonical_builder" time="0.000" /><testcase classname="tests.test_sync_reconciliation.TestDetectMissing" name="test_missing_result_properties" time="0.001" /><testcase classname="tests.test_sync_reconciliation.TestDetectMissing" name="test_zero_total_percentages" time="0.000" /><testcase classname="tests.test_sync_reconciliation.TestDetectMissing" name="test_logger_context_labels" time="0.000" /><testcase classname="tests.test_sync_reconciliation.TestDetectDuplicates" name="test_empty_list" time="0.000" /><testcase classname="tests.test_sync_reconciliation.TestDetectDuplicates" name="test_single_transaction" time="0.000" /><testcase classname="tests.test_sync_reconciliation.TestDetectDuplicates" name="test_exact_external_id_duplicate" time="0.001" /><testcase classname="tests.test_sync_reconciliation.TestDetectDuplicates" name="test_exact_duplicate_three_entries" time="0.001" /><testcase classname="tests.test_sync_reconciliation.TestDetectDuplicates" name="test_heuristic_amount_and_date_match" time="0.001" /><testcase classname="tests.test_sync_reconciliation.TestDetectDuplicates" name="test_heuristic_beyond_threshold_skipped" time="0.001" /><testcase classname="tests.test_sync_reconciliation.TestDetectDuplicates" name="test_different_amount_not_flagged" time="0.000" /><testcase classname="tests.test_sync_reconciliation.TestDetectDuplicates" name="test_exact_duplicate_not_also_heuristic" time="0.001" /><testcase classname="tests.test_sync_reconciliation.TestDetectDuplicates" name="test_mixed_duplicates" time="0.001" /><testcase classname="tests.test_sync_reconciliation.TestDetectDuplicates" name="test_duplicate_transaction_dataclass" time="0.000" /><testcase classname="tests.test_sync_reconciliation.TestDetectDuplicates" name="test_heuristic_confidence_cross_provider" time="0.000" /><testcase classname="tests.test_sync_reconciliation.TestDetectDuplicates" name="test_heuristic_confidence_same_provider_same_desc" time="0.000" /><testcase classname="tests.test_sync_reconciliation.TestDetectDuplicates" name="test_heuristic_confidence_same_provider_diff_desc" time="0.000" /><testcase classname="tests.test_sync_reconciliation.TestDetectDuplicates" name="test_heuristic_case_insensitive_description" time="0.000" /><testcase classname="tests.test_sync_reconciliation.TestDetectDuplicates" name="test_both_descriptions_none" time="0.000" /><testcase classname="tests.test_sync_reconciliation.TestDetectDuplicates" name="test_one_description_none" time="0.000" /><testcase classname="tests.test_sync_reconciliation.TestDetectDuplicates" name="test_custom_threshold_hours" time="0.001" /><testcase classname="tests.test_sync_reconciliation.TestDetectDuplicates" name="test_connector_label_in_log" time="0.000" /><testcase classname="tests.test_sync_reconciliation.TestDetectDuplicates" name="test_same_external_id_different_amount_still_exact" time="0.000" /><testcase classname="tests.test_sync_reconciliation.TestSameDescription" name="test_whitespace_insensitive" time="0.000" /><testcase classname="tests.test_sync_reconciliation.TestSameDescription" name="test_unicode_case_insensitive" time="0.000" /><testcase classname="tests.test_sync_reconciliation.TestSameDescription" name="test_empty_vs_none_description" time="0.000" /><testcase classname="tests.test_sync_reconciliation.TestSameDescription" name="test_empty_vs_empty_description" time="0.000" /><testcase classname="tests.test_sync_reconciliation.TestHeuristicConfidence" name="test_cross_provider_same_desc_max_score" time="0.000" /><testcase classname="tests.test_sync_reconciliation.TestHeuristicConfidence" name="test_same_provider_same_desc" time="0.000" /><testcase classname="tests.test_sync_reconciliation.TestHeuristicConfidence" name="test_cross_provider_no_desc" time="0.000" /><testcase classname="tests.test_tax_lots.TestTaxLotModel" name="test_instantiate_open_lot" time="0.000" /><testcase classname="tests.test_tax_lots.TestTaxLotModel" name="test_partially_closed_lot" time="0.000" /><testcase classname="tests.test_tax_lots.TestTaxLotModel" name="test_fully_closed_lot" time="0.000" /><testcase classname="tests.test_tax_lots.TestTaxLotModel" name="test_repr" time="0.000" /><testcase classname="tests.test_tax_lots.TestCreateTaxLots" name="test_create_from_purchase" time="0.002" /><testcase classname="tests.test_tax_lots.TestCreateTaxLots" name="test_create_zero_cost_purchase" time="0.001" /><testcase classname="tests.test_tax_lots.TestMatchSaleToLotsFIFO" name="test_simple_full_sale" time="0.002" /><testcase classname="tests.test_tax_lots.TestMatchSaleToLotsFIFO" name="test_partial_sale_from_lot" time="0.002" /><testcase classname="tests.test_tax_lots.TestMatchSaleToLotsFIFO" name="test_multiple_lots_fifo" time="0.001" /><testcase classname="tests.test_tax_lots.TestMatchSaleToLotsFIFO" name="test_sale_exceeds_open_lots" time="0.002" /><testcase classname="tests.test_tax_lots.TestRealizedPL" name="test_realized_profit" time="0.002" /><testcase classname="tests.test_tax_lots.TestRealizedPL" name="test_realized_loss" time="0.002" /><testcase classname="tests.test_tax_lots.TestWashSaleDetection" name="test_no_wash_sale_no_loss" time="0.001" /><testcase classname="tests.test_tax_lots.TestWashSaleDetection" name="test_wash_sale_detected" time="0.002" /><testcase classname="tests.test_tax_lots.TestWashSaleDetection" name="test_wash_sale_not_a_sale" time="0.001" /><testcase classname="tests.test_tax_lots.TestProcessTransaction" name="test_process_purchase" time="0.001" /><testcase classname="tests.test_tax_lots.TestProcessTransaction" name="test_process_sale_without_open_lots" time="0.001" /><testcase classname="tests.test_tax_lots.TestTaxLotSummary" name="test_empty_summary" time="0.001" /><testcase classname="tests.test_tax_lots.TestTaxLotsAPI" name="test_router_registered" time="0.115" /><testcase classname="tests.test_tax_lots.TestTaxLotsAPI" name="test_list_tax_lots_requires_auth" time="0.118" /><testcase classname="tests.test_tax_lots.TestTaxLotsAPI" name="test_list_tax_lots_with_auth" time="0.225" /><testcase classname="tests.test_tax_lots.TestTaxLotsAPI" name="test_tax_lot_summary_endpoint" time="0.125" /><testcase classname="tests.test_tax_lots.TestTaxLotsAPI" name="test_compute_endpoint_requires_auth" time="0.117" /><testcase classname="tests.test_transaction_mapper.TestCents" name="test_positive_amount" time="0.000" /><testcase classname="tests.test_transaction_mapper.TestCents" name="test_negative_amount" time="0.000" /><testcase classname="tests.test_transaction_mapper.TestCents" name="test_zero" time="0.000" /><testcase classname="tests.test_transaction_mapper.TestCents" name="test_large_amount" time="0.000" /><testcase classname="tests.test_transaction_mapper.TestCents" name="test_no_decimal" time="0.000" /><testcase classname="tests.test_transaction_mapper.TestAsDate" name="test_utc_datetime" time="0.000" /><testcase classname="tests.test_transaction_mapper.TestAsDate" name="test_naive_datetime" time="0.000" /><testcase classname="tests.test_transaction_mapper.TestBuildImportedId" name="test_uses_fs_prefix" time="0.000" /><testcase classname="tests.test_transaction_mapper.TestBuildImportedId" name="test_deterministic" time="0.000" /><testcase classname="tests.test_transaction_mapper.TestBuildPayee" name="test_uses_description" time="0.000" /><testcase classname="tests.test_transaction_mapper.TestBuildPayee" name="test_transfer_type" time="0.000" /><testcase classname="tests.test_transaction_mapper.TestBuildPayee" name="test_no_description_falls_back" time="0.000" /><testcase classname="tests.test_transaction_mapper.TestBuildPayee" name="test_unknown_type_uses_fallback" time="0.000" /><testcase classname="tests.test_transaction_mapper.TestBuildNotes" name="test_basic_transaction_no_fx" time="0.000" /><testcase classname="tests.test_transaction_mapper.TestBuildNotes" name="test_with_fx_conversion" time="0.000" /><testcase classname="tests.test_transaction_mapper.TestBuildNotes" name="test_with_provider_fingerprint" time="0.000" /><testcase classname="tests.test_transaction_mapper.TestBuildNotes" name="test_no_description_returns_none" time="0.000" /><testcase classname="tests.test_transaction_mapper.TestMapTransaction" name="test_basic_mapping" time="0.000" /><testcase classname="tests.test_transaction_mapper.TestMapTransaction" name="test_uncleared_transaction" time="0.000" /><testcase classname="tests.test_transaction_mapper.TestMapTransaction" name="test_positive_amount_inflow" time="0.000" /><testcase classname="tests.test_transaction_mapper.TestMapTransaction" name="test_imported_payee_uses_description" time="0.000" /><testcase classname="tests.test_transaction_mapper.TestMapTransactionToCsvRow" name="test_basic_csv_row" time="0.000" /><testcase classname="tests.test_transaction_mapper.TestMapTransactionToCsvRow" name="test_csv_with_fx_notes" time="0.000" /><testcase classname="tests.test_types.TestCurrencyCode" name="test_accepts_valid_code" time="0.000" /><testcase classname="tests.test_types.TestCurrencyCode" name="test_accepts_uppercase" time="0.000" /><testcase classname="tests.test_types.TestCurrencyCode" name="test_rejects_short_code" time="0.001" /><testcase classname="tests.test_types.TestCurrencyCode" name="test_rejects_long_code" time="0.000" /><testcase classname="tests.test_types.TestCurrencyCode" name="test_rejects_numeric" time="0.000" /><testcase classname="tests.test_types.TestCurrencyCode" name="test_passes_none" time="0.000" /><testcase classname="tests.test_types.TestCurrencyCode" name="test_process_result_value" time="0.000" /><testcase classname="tests.test_types.TestMonetaryAmount" name="test_from_decimal" time="0.000" /><testcase classname="tests.test_types.TestMonetaryAmount" name="test_from_string" time="0.000" /><testcase classname="tests.test_types.TestMonetaryAmount" name="test_from_int" time="0.000" /><testcase classname="tests.test_types.TestMonetaryAmount" name="test_from_float" time="0.000" /><testcase classname="tests.test_types.TestMonetaryAmount" name="test_passes_none" time="0.000" /><testcase classname="tests.test_types.TestMonetaryAmount" name="test_process_result_value" time="0.000" /><testcase classname="tests.test_wealthfolio_exporter.TestWealthfolioConfig" name="test_default_config" time="0.000" /><testcase classname="tests.test_wealthfolio_exporter.TestWealthfolioConfig" name="test_from_settings" time="0.000" /><testcase classname="tests.test_wealthfolio_exporter.TestTransactionMapper" name="test_map_purchase_with_security" time="0.001" /><testcase classname="tests.test_wealthfolio_exporter.TestTransactionMapper" name="test_map_sale_with_security" time="0.001" /><testcase classname="tests.test_wealthfolio_exporter.TestTransactionMapper" name="test_map_deposit" time="0.000" /><testcase classname="tests.test_wealthfolio_exporter.TestTransactionMapper" name="test_map_withdrawal" time="0.000" /><testcase classname="tests.test_wealthfolio_exporter.TestTransactionMapper" name="test_map_dividend" time="0.000" /><testcase classname="tests.test_wealthfolio_exporter.TestTransactionMapper" name="test_map_interest" time="0.000" /><testcase classname="tests.test_wealthfolio_exporter.TestTransactionMapper" name="test_map_fee" time="0.000" /><testcase classname="tests.test_wealthfolio_exporter.TestTransactionMapper" name="test_map_transfer_in" time="0.000" /><testcase classname="tests.test_wealthfolio_exporter.TestTransactionMapper" name="test_map_transfer_out" time="0.000" /><testcase classname="tests.test_wealthfolio_exporter.TestTransactionMapper" name="test_map_security_by_isin_when_no_ticker" time="0.000" /><testcase classname="tests.test_wealthfolio_exporter.TestTransactionMapper" name="test_map_instrument_type_custom_override" time="0.000" /><testcase classname="tests.test_wealthfolio_exporter.TestTransactionMapper" name="test_comment_includes_external_id" time="0.000" /><testcase classname="tests.test_wealthfolio_exporter.TestTransactionMapper" name="test_map_holding_with_security" time="0.000" /><testcase classname="tests.test_wealthfolio_exporter.TestTransactionMapper" name="test_map_holding_without_cost_basis" time="0.000" /><testcase classname="tests.test_wealthfolio_exporter.TestTransactionMapper" name="test_map_holding_cash" time="0.000" /><testcase classname="tests.test_wealthfolio_exporter.TestTransactionMapper" name="test_map_transactions_to_csv_content" time="0.001" /><testcase classname="tests.test_wealthfolio_exporter.TestTransactionMapper" name="test_map_transactions_to_csv_empty" time="0.000" /><testcase classname="tests.test_wealthfolio_exporter.TestTransactionMapper" name="test_map_holdings_to_csv_content" time="0.000" /><testcase classname="tests.test_wealthfolio_exporter.TestTransactionMapper" name="test_map_holdings_to_csv_empty" time="0.000" /><testcase classname="tests.test_wealthfolio_exporter.TestWealthfolioExportResult" name="test_construct_and_repr" time="0.000" /><testcase classname="tests.test_wealthfolio_exporter.TestWealthfolioExportResult" name="test_failed_result" time="0.000" /><testcase classname="tests.test_wealthfolio_exporter.TestWealthfolioExporter" name="test_run_export_no_accounts" time="0.003" /><testcase classname="tests.test_wealthfolio_exporter.TestWealthfolioExporter" name="test_run_export_with_account_no_txns" time="0.003" /><testcase classname="tests.test_wealthfolio_exporter.TestWealthfolioExporter" name="test_run_export_with_transactions" time="0.003" /><testcase classname="tests.test_wealthfolio_exporter.TestWealthfolioExporter" name="test_run_export_with_holdings" time="0.003" /><testcase classname="tests.test_wealthfolio_exporter.TestWealthfolioExporter" name="test_run_export_filtered_account_ids" time="0.003" /><testcase classname="tests.test_wealthfolio_exporter.TestWealthfolioExporter" name="test_run_export_max_transactions" time="0.004" /><testcase classname="tests.test_wealthfolio_exporter.TestWealthfolioExporter" name="test_run_export_exception_handling" time="0.003" /><testcase classname="tests.test_wealthfolio_exporter.TestWealthfolioExporter" name="test_resolve_wf_account_name" time="0.001" /><testcase classname="tests.test_wealthfolio_exporter.TestWealthfolioExporter" name="test_write_csv_file" time="0.002" /><testcase classname="tests.test_wealthfolio_exporter.TestWealthfolioExporter" name="test_write_manifest" time="0.001" /><testcase classname="tests.test_wealthfolio_exporter.TestWealthfolioExporter" name="test_load_securities" time="0.002" /><testcase classname="tests.test_wealthfolio_exporter.TestWealthfolioExporter" name="test_account_name_override_in_export" time="0.003" /><testcase classname="tests.test_webhooks.TestHMACSigning" name="test_sign_and_verify" time="0.000" /><testcase classname="tests.test_webhooks.TestHMACSigning" name="test_signature_deterministic" time="0.000" /><testcase classname="tests.test_webhooks.TestWebhookCRUD" name="test_create_webhook" time="0.016" /><testcase classname="tests.test_webhooks.TestWebhookCRUD" name="test_create_webhook_with_custom_secret" time="0.009" /><testcase classname="tests.test_webhooks.TestWebhookCRUD" name="test_list_webhooks" time="0.012" /><testcase classname="tests.test_webhooks.TestWebhookCRUD" name="test_list_webhooks_filter_by_event" time="0.014" /><testcase classname="tests.test_webhooks.TestWebhookCRUD" name="test_get_webhook" time="0.010" /><testcase classname="tests.test_webhooks.TestWebhookCRUD" name="test_get_webhook_wrong_tenant" time="0.015" /><testcase classname="tests.test_webhooks.TestWebhookCRUD" name="test_delete_webhook" time="0.013" /><testcase classname="tests.test_webhooks.TestWebhookCRUD" name="test_delete_webhook_wrong_tenant" time="0.011" /><testcase classname="tests.test_webhooks.TestWebhookCRUD" name="test_delete_nonexistent" time="0.007" /><testcase classname="tests.test_webhooks.TestEventDispatch" name="test_dispatch_no_webhooks" time="0.012" /><testcase classname="tests.test_webhooks.TestEventDispatch" name="test_dispatch_with_matching_webhook" time="0.015" /><testcase classname="tests.test_webhooks.TestEventDispatch" name="test_dispatch_filters_by_event_type" time="0.011" /><testcase classname="tests.test_webhooks.TestEventDispatch" name="test_dispatch_creates_signed_payload" time="0.013" /><testcase classname="tests.test_webhooks.TestEventDispatch" name="test_dispatch_ignores_inactive_webhooks" time="0.017" /><testcase classname="tests.test_webhooks.TestDeliveryRetry" name="test_retry_scheduled_on_failure" time="0.014" /><testcase classname="tests.test_webhooks.TestDeliveryRetry" name="test_delivery_log_created" time="0.014" /><testcase classname="tests.test_webhooks.TestRateLimiting" name="test_rate_limiter_allows_under_limit" time="0.000" /><testcase classname="tests.test_webhooks.TestRateLimiting" name="test_rate_limiter_blocks_over_limit" time="0.000" /><testcase classname="tests.test_webhooks.TestRateLimiting" name="test_rate_limiter_per_key" time="0.000" /><testcase classname="tests.test_webhooks.TestOutboxHandler" name="test_handler_calls_dispatch" time="0.013" /><testcase classname="tests.test_webhooks.TestEmitEvent" name="test_emit_event_no_webhooks" time="0.013" /><testcase classname="tests.test_worker.TestJobRunResult" name="test_success_result" time="0.001" /><testcase classname="tests.test_worker.TestJobRunResult" name="test_failure_result" time="0.000" /><testcase classname="tests.test_worker.TestJobHistory" name="test_initial_state" time="0.000" /><testcase classname="tests.test_worker.TestJobHistory" name="test_record_success" time="0.000" /><testcase classname="tests.test_worker.TestJobHistory" name="test_record_failure" time="0.000" /><testcase classname="tests.test_worker.TestJobHistory" name="test_rolling_window" time="0.001" /><testcase classname="tests.test_worker.TestJobHistory" name="test_success_rate_edge_cases" time="0.000" /><testcase classname="tests.test_worker.TestJobMonitor" name="test_record_and_get" time="0.000" /><testcase classname="tests.test_worker.TestJobMonitor" name="test_all_jobs" time="0.000" /><testcase classname="tests.test_worker.TestJobMonitor" name="test_summarize" time="0.001" /><testcase classname="tests.test_worker.TestJobRunContext" name="test_success_path" time="0.001" /><testcase classname="tests.test_worker.TestJobRunContext" name="test_failure_path" time="0.001" /><testcase classname="tests.test_worker.TestRetryWithBackoff" name="test_success_first_attempt" time="0.001" /><testcase classname="tests.test_worker.TestRetryWithBackoff" name="test_retry_then_succeed" time="0.032" /><testcase classname="tests.test_worker.TestRetryWithBackoff" name="test_exhaust_retries" time="0.032" /><testcase classname="tests.test_worker.TestRetryWithBackoff" name="test_single_attempt" time="0.001" /><testcase classname="tests.test_worker.TestWorkerSettings" name="test_default_values" time="0.002" /><testcase classname="tests.test_worker.TestWorkerScheduler" name="test_create_and_start_stop" time="0.060" /><testcase classname="tests.test_worker.TestWorkerScheduler" name="test_job_summary_with_enabled_jobs" time="0.006" /><testcase classname="tests.test_worker.TestWorkerScheduler" name="test_pause_resume" time="0.005" /></testsuite></testsuites>